The system is: Linux - 3.10.0-957.27.2.el7.x86_64 - x86_64
Compiling the C compiler identification source file "CMakeCCompilerId.c" succeeded.
Compiler: /opt/intel/Compiler/19.0/1.144/rwthlnk/bin/intel64/icc 
Build flags: 
Id flags:  

The output was:
0


Compilation of the C compiler identification source "CMakeCCompilerId.c" produced "a.out"

The C compiler identification is Intel, found in "/work/md777659/spray_model_development/codes/sundials/sundials-2.7.0/build/CMakeFiles/3.10.1/CompilerIdC/a.out"

Determining if the C compiler works passed with the following output:
Change Dir: /work/md777659/spray_model_development/codes/sundials/sundials-2.7.0/build/CMakeFiles/CMakeTmp

Run Build Command:"/usr/local_rwth/bin/gmake" "cmTC_822bd/fast"
/usr/local_rwth/bin/gmake -f CMakeFiles/cmTC_822bd.dir/build.make CMakeFiles/cmTC_822bd.dir/build
gmake[1]: Entering directory `/rwthfs/rz/cluster/work/md777659/spray_model_development/codes/sundials/sundials-2.7.0/build/CMakeFiles/CMakeTmp'
Building C object CMakeFiles/cmTC_822bd.dir/testCCompiler.c.o
/opt/intel/Compiler/19.0/1.144/rwthlnk/bin/intel64/icc    -o CMakeFiles/cmTC_822bd.dir/testCCompiler.c.o   -c /work/md777659/spray_model_development/codes/sundials/sundials-2.7.0/build/CMakeFiles/CMakeTmp/testCCompiler.c
Linking C executable cmTC_822bd
/usr/bin/cmake -E cmake_link_script CMakeFiles/cmTC_822bd.dir/link.txt --verbose=1
/opt/intel/Compiler/19.0/1.144/rwthlnk/bin/intel64/icc      -rdynamic CMakeFiles/cmTC_822bd.dir/testCCompiler.c.o  -o cmTC_822bd 
gmake[1]: Leaving directory `/rwthfs/rz/cluster/work/md777659/spray_model_development/codes/sundials/sundials-2.7.0/build/CMakeFiles/CMakeTmp'


Detecting C compiler ABI info compiled with the following output:
Change Dir: /work/md777659/spray_model_development/codes/sundials/sundials-2.7.0/build/CMakeFiles/CMakeTmp

Run Build Command:"/usr/local_rwth/bin/gmake" "cmTC_42b26/fast"
/usr/local_rwth/bin/gmake -f CMakeFiles/cmTC_42b26.dir/build.make CMakeFiles/cmTC_42b26.dir/build
gmake[1]: Entering directory `/rwthfs/rz/cluster/work/md777659/spray_model_development/codes/sundials/sundials-2.7.0/build/CMakeFiles/CMakeTmp'
Building C object CMakeFiles/cmTC_42b26.dir/CMakeCCompilerABI.c.o
/opt/intel/Compiler/19.0/1.144/rwthlnk/bin/intel64/icc    -o CMakeFiles/cmTC_42b26.dir/CMakeCCompilerABI.c.o   -c /usr/share/cmake/Modules/CMakeCCompilerABI.c
Linking C executable cmTC_42b26
/usr/bin/cmake -E cmake_link_script CMakeFiles/cmTC_42b26.dir/link.txt --verbose=1
/opt/intel/Compiler/19.0/1.144/rwthlnk/bin/intel64/icc     -v -rdynamic CMakeFiles/cmTC_42b26.dir/CMakeCCompilerABI.c.o  -o cmTC_42b26 
icc version 19.0.1.144 (gcc version 4.8.5 compatibility)
/rwthfs/rz/SW/intel/Compiler/19.0/1.144/compilers_and_libraries_2019.1.144/linux/bin/intel64/mcpcom    -mGLOB_em64t=TRUE -mP1OPT_version=19.0-intel64 -mGLOB_diag_file=CMakeFiles/cmTC_42b26.dir/CMakeCCompilerABI.c.diag -mGLOB_long_size_64 -mGLOB_routine_pointer_size_64 -mP1OPT_print_version=FALSE -mCG_use_gas_got_workaround=F -mP2OPT_align_option_used=TRUE -mGLOB_gcc_version=485 "-mGLOB_options_string=-v -rdynamic -o cmTC_42b26" -mGLOB_cxx_limited_range=FALSE -mCG_extend_parms=FALSE -mGLOB_compiler_bin_directory=/rwthfs/rz/SW/intel/Compiler/19.0/1.144/compilers_and_libraries_2019.1.144/linux/bin/intel64 -mGLOB_as_output_backup_file_name=/tmp/md777659/login18-1_376988/iccclzYFCas_.s -mGLOB_dashboard_use_source_name -mIPOPT_activate -mGLOB_product_id_code=0x22006d93 -mP3OPT_use_mspp_call_convention -mP2OPT_subs_out_of_bound=FALSE -mP2OPT_disam_type_based_disam=2 -mP2OPT_disam_assume_ansi_c -mP2OPT_checked_disam_ansi_alias=TRUE -mGLOB_ansi_alias -mPGOPTI_value_profile_use=T -mGLOB_opt_report_use_source_name -mP2OPT_il0_array_sections=TRUE -mGLOB_offload_mode=1 -mP2OPT_offload_unique_var_string=icc11887132930wtuhZ -mP2OPT_hlo -mP2OPT_hpo_rtt_control=0 -mIPOPT_args_in_regs=0 -mP2OPT_disam_assume_nonstd_intent_in=FALSE -mGLOB_imf_mapping_library=/rwthfs/rz/SW/intel/Compiler/19.0/1.144/compilers_and_libraries_2019.1.144/linux/bin/intel64/libiml_attr.so -mPGOPTI_gen_threadsafe_level=0 -mIPOPT_link -mIPOPT_ipo_activate -mIPOPT_mo_activate -mIPOPT_source_files_list=/tmp/md777659/login18-1_376988/iccslisiNnu9b -mIPOPT_mo_global_data -mIPOPT_link_script_file=/tmp/md777659/login18-1_376988/iccscriptKUCJpp "-mIPOPT_cmdline_link="/usr/lib/gcc/x86_64-redhat-linux/4.8.5/../../../../lib64/crt1.o" "/usr/lib/gcc/x86_64-redhat-linux/4.8.5/../../../../lib64/crti.o" "/usr/lib/gcc/x86_64-redhat-linux/4.8.5/crtbegin.o" "-export-dynamic" "--eh-frame-hdr" "--build-id" "-dynamic-linker" "/lib64/ld-linux-x86-64.so.2" "-m" "elf_x86_64" "-o" "cmTC_42b26" "-L/opt/intel/Compiler/19.0/1.144/rwthlnk/daal/lib/intel64_lin" "-L/opt/intel/Compiler/19.0/1.144/rwthlnk/daal/lib/ia32_lin" "-L/opt/intel/Compiler/19.0/1.144/rwthlnk/ipp/lib/intel64_lin" "-L/opt/intel/Compiler/19.0/1.144/rwthlnk/ipp/lib/ia32_lin" "-L/opt/intel/Compiler/19.0/1.144/rwthlnk/mkl/lib/intel64_lin" "-L/opt/intel/Compiler/19.0/1.144/rwthlnk/mkl/lib/ia32_lin" "-L/opt/intel/Compiler/19.0/1.144/rwthlnk/tbb/lib/intel64_lin/gcc4.7" "-L/opt/intel/Compiler/19.0/1.144/rwthlnk/tbb/lib/ia32_lin/gcc4.7" "-L/rwthfs/rz/SW/intel/Compiler/19.0/1.144/compilers_and_libraries_2019.1.144/linux/compiler/lib/intel64_lin" "-L/usr/lib/gcc/x86_64-redhat-linux/4.8.5/" "-L/usr/lib/gcc/x86_64-redhat-linux/4.8.5/../../../../lib64" "-L/usr/lib/gcc/x86_64-redhat-linux/4.8.5/../../../../lib64/" "-L/lib/../lib64" "-L/lib/../lib64/" "-L/usr/lib/../lib64" "-L/usr/lib/../lib64/" "-L/opt/intel/Compiler/19.0/1.144/rwthlnk/daal/lib/intel64_lin/" "-L/opt/intel/Compiler/19.0/1.144/rwthlnk/daal/lib/ia32_lin/" "-L/opt/intel/Compiler/19.0/1.144/rwthlnk/ipp/lib/intel64_lin/" "-L/opt/intel/Compiler/19.0/1.144/rwthlnk/ipp/lib/ia32_lin/" "-L/opt/intel/Compiler/19.0/1.144/rwthlnk/mkl/lib/intel64_lin/" "-L/opt/intel/Compiler/19.0/1.144/rwthlnk/mkl/lib/ia32_lin/" "-L/opt/intel/Compiler/19.0/1.144/rwthlnk/tbb/lib/intel64_lin/gcc4.7/" "-L/opt/intel/Compiler/19.0/1.144/rwthlnk/tbb/lib/ia32_lin/gcc4.7/" "-L/usr/lib/gcc/x86_64-redhat-linux/4.8.5/../../../" "-L/lib64" "-L/lib/" "-L/usr/lib64" "-L/usr/lib" "CMakeFiles/cmTC_42b26.dir/CMakeCCompilerABI.c.o" "-Bdynamic" "-Bstatic" "-limf" "-lsvml" "-lirng" "-Bdynamic" "-lm" "-Bstatic" "-lipgo" "-ldecimal" "--as-needed" "-Bdynamic" "-lcilkrts" "-lstdc++" "--no-as-needed" "-lgcc" "-lgcc_s" "-Bstatic" "-lirc" "-lsvml" "-Bdynamic" "-lc" "-lgcc" "-lgcc_s" "-Bstatic" "-lirc_s" "-Bdynamic" "-ldl" "-lc" "/usr/lib/gcc/x86_64-redhat-linux/4.8.5/crtend.o" "/usr/lib/gcc/x86_64-redhat-linux/4.8.5/../../../../lib64/crtn.o"" -mIPOPT_il_in_obj -mIPOPT_ipo_activate_warn=FALSE -mIPOPT_obj_output_file_name=/tmp/md777659/login18-1_376988/ipo_iccGzIjAU.o -mIPOPT_whole_archive_fixup_file_name=/tmp/md777659/login18-1_376988/iccwarchWK8Tc3 -mGLOB_linker_version=2.27 -mGLOB_linker=ld -mGLOB_driver_tempfile_name=/tmp/md777659/login18-1_376988/icctempfileeumztg -mP3OPT_asm_target=P3OPT_ASM_TARGET_GAS -mGLOB_async_unwind_tables=TRUE -mGLOB_obj_output_file=/tmp/md777659/login18-1_376988/ipo_iccGzIjAU.o -mGLOB_source_dialect=GLOB_SOURCE_DIALECT_NONE -mP1OPT_source_file_name=ipo_out.c CMakeFiles/cmTC_42b26.dir/CMakeCCompilerABI.c.o -mIPOPT_object_files=T -mIPOPT_assembly_files=/tmp/md777659/login18-1_376988/iccalis0dCH6k -mIPOPT_generated_tempfiles=/tmp/md777659/login18-1_376988/iccelisYU7Smy -mIPOPT_embedded_object_base_name=/tmp/md777659/login18-1_376988/icceobjC5D5CL -mIPOPT_cmdline_link_new_name=/tmp/md777659/login18-1_376988/iccllis8C3hTY
ld    /usr/lib/gcc/x86_64-redhat-linux/4.8.5/../../../../lib64/crt1.o /usr/lib/gcc/x86_64-redhat-linux/4.8.5/../../../../lib64/crti.o /usr/lib/gcc/x86_64-redhat-linux/4.8.5/crtbegin.o -export-dynamic --eh-frame-hdr --build-id -dynamic-linker /lib64/ld-linux-x86-64.so.2 -m elf_x86_64 -o cmTC_42b26 -L/opt/intel/Compiler/19.0/1.144/rwthlnk/daal/lib/intel64_lin -L/opt/intel/Compiler/19.0/1.144/rwthlnk/daal/lib/ia32_lin -L/opt/intel/Compiler/19.0/1.144/rwthlnk/ipp/lib/intel64_lin -L/opt/intel/Compiler/19.0/1.144/rwthlnk/ipp/lib/ia32_lin -L/opt/intel/Compiler/19.0/1.144/rwthlnk/mkl/lib/intel64_lin -L/opt/intel/Compiler/19.0/1.144/rwthlnk/mkl/lib/ia32_lin -L/opt/intel/Compiler/19.0/1.144/rwthlnk/tbb/lib/intel64_lin/gcc4.7 -L/opt/intel/Compiler/19.0/1.144/rwthlnk/tbb/lib/ia32_lin/gcc4.7 -L/rwthfs/rz/SW/intel/Compiler/19.0/1.144/compilers_and_libraries_2019.1.144/linux/compiler/lib/intel64_lin -L/usr/lib/gcc/x86_64-redhat-linux/4.8.5/ -L/usr/lib/gcc/x86_64-redhat-linux/4.8.5/../../../../lib64 -L/usr/lib/gcc/x86_64-redhat-linux/4.8.5/../../../../lib64/ -L/lib/../lib64 -L/lib/../lib64/ -L/usr/lib/../lib64 -L/usr/lib/../lib64/ -L/opt/intel/Compiler/19.0/1.144/rwthlnk/daal/lib/intel64_lin/ -L/opt/intel/Compiler/19.0/1.144/rwthlnk/daal/lib/ia32_lin/ -L/opt/intel/Compiler/19.0/1.144/rwthlnk/ipp/lib/intel64_lin/ -L/opt/intel/Compiler/19.0/1.144/rwthlnk/ipp/lib/ia32_lin/ -L/opt/intel/Compiler/19.0/1.144/rwthlnk/mkl/lib/intel64_lin/ -L/opt/intel/Compiler/19.0/1.144/rwthlnk/mkl/lib/ia32_lin/ -L/opt/intel/Compiler/19.0/1.144/rwthlnk/tbb/lib/intel64_lin/gcc4.7/ -L/opt/intel/Compiler/19.0/1.144/rwthlnk/tbb/lib/ia32_lin/gcc4.7/ -L/usr/lib/gcc/x86_64-redhat-linux/4.8.5/../../../ -L/lib64 -L/lib/ -L/usr/lib64 -L/usr/lib CMakeFiles/cmTC_42b26.dir/CMakeCCompilerABI.c.o -Bdynamic -Bstatic -limf -lsvml -lirng -Bdynamic -lm -Bstatic -lipgo -ldecimal --as-needed -Bdynamic -lcilkrts -lstdc++ --no-as-needed -lgcc -lgcc_s -Bstatic -lirc -lsvml -Bdynamic -lc -lgcc -lgcc_s -Bstatic -lirc_s -Bdynamic -ldl -lc /usr/lib/gcc/x86_64-redhat-linux/4.8.5/crtend.o /usr/lib/gcc/x86_64-redhat-linux/4.8.5/../../../../lib64/crtn.o
gmake[1]: Leaving directory `/rwthfs/rz/cluster/work/md777659/spray_model_development/codes/sundials/sundials-2.7.0/build/CMakeFiles/CMakeTmp'


Parsed C implicit link information from above output:
  link line regex: [^( *|.*[/\])(ld|CMAKE_LINK_STARTFILE-NOTFOUND|([^/\]+-)?ld|collect2)[^/\]*( |$)]
  ignore line: [Change Dir: /work/md777659/spray_model_development/codes/sundials/sundials-2.7.0/build/CMakeFiles/CMakeTmp]
  ignore line: []
  ignore line: [Run Build Command:"/usr/local_rwth/bin/gmake" "cmTC_42b26/fast"]
  ignore line: [/usr/local_rwth/bin/gmake -f CMakeFiles/cmTC_42b26.dir/build.make CMakeFiles/cmTC_42b26.dir/build]
  ignore line: [gmake[1]: Entering directory `/rwthfs/rz/cluster/work/md777659/spray_model_development/codes/sundials/sundials-2.7.0/build/CMakeFiles/CMakeTmp']
  ignore line: [Building C object CMakeFiles/cmTC_42b26.dir/CMakeCCompilerABI.c.o]
  ignore line: [/opt/intel/Compiler/19.0/1.144/rwthlnk/bin/intel64/icc    -o CMakeFiles/cmTC_42b26.dir/CMakeCCompilerABI.c.o   -c /usr/share/cmake/Modules/CMakeCCompilerABI.c]
  ignore line: [Linking C executable cmTC_42b26]
  ignore line: [/usr/bin/cmake -E cmake_link_script CMakeFiles/cmTC_42b26.dir/link.txt --verbose=1]
  ignore line: [/opt/intel/Compiler/19.0/1.144/rwthlnk/bin/intel64/icc     -v -rdynamic CMakeFiles/cmTC_42b26.dir/CMakeCCompilerABI.c.o  -o cmTC_42b26 ]
  ignore line: [icc version 19.0.1.144 (gcc version 4.8.5 compatibility)]
  ignore line: [/rwthfs/rz/SW/intel/Compiler/19.0/1.144/compilers_and_libraries_2019.1.144/linux/bin/intel64/mcpcom    -mGLOB_em64t=TRUE -mP1OPT_version=19.0-intel64 -mGLOB_diag_file=CMakeFiles/cmTC_42b26.dir/CMakeCCompilerABI.c.diag -mGLOB_long_size_64 -mGLOB_routine_pointer_size_64 -mP1OPT_print_version=FALSE -mCG_use_gas_got_workaround=F -mP2OPT_align_option_used=TRUE -mGLOB_gcc_version=485 "-mGLOB_options_string=-v -rdynamic -o cmTC_42b26" -mGLOB_cxx_limited_range=FALSE -mCG_extend_parms=FALSE -mGLOB_compiler_bin_directory=/rwthfs/rz/SW/intel/Compiler/19.0/1.144/compilers_and_libraries_2019.1.144/linux/bin/intel64 -mGLOB_as_output_backup_file_name=/tmp/md777659/login18-1_376988/iccclzYFCas_.s -mGLOB_dashboard_use_source_name -mIPOPT_activate -mGLOB_product_id_code=0x22006d93 -mP3OPT_use_mspp_call_convention -mP2OPT_subs_out_of_bound=FALSE -mP2OPT_disam_type_based_disam=2 -mP2OPT_disam_assume_ansi_c -mP2OPT_checked_disam_ansi_alias=TRUE -mGLOB_ansi_alias -mPGOPTI_value_profile_use=T -mGLOB_opt_report_use_source_name -mP2OPT_il0_array_sections=TRUE -mGLOB_offload_mode=1 -mP2OPT_offload_unique_var_string=icc11887132930wtuhZ -mP2OPT_hlo -mP2OPT_hpo_rtt_control=0 -mIPOPT_args_in_regs=0 -mP2OPT_disam_assume_nonstd_intent_in=FALSE -mGLOB_imf_mapping_library=/rwthfs/rz/SW/intel/Compiler/19.0/1.144/compilers_and_libraries_2019.1.144/linux/bin/intel64/libiml_attr.so -mPGOPTI_gen_threadsafe_level=0 -mIPOPT_link -mIPOPT_ipo_activate -mIPOPT_mo_activate -mIPOPT_source_files_list=/tmp/md777659/login18-1_376988/iccslisiNnu9b -mIPOPT_mo_global_data -mIPOPT_link_script_file=/tmp/md777659/login18-1_376988/iccscriptKUCJpp "-mIPOPT_cmdline_link="/usr/lib/gcc/x86_64-redhat-linux/4.8.5/../../../../lib64/crt1.o" "/usr/lib/gcc/x86_64-redhat-linux/4.8.5/../../../../lib64/crti.o" "/usr/lib/gcc/x86_64-redhat-linux/4.8.5/crtbegin.o" "-export-dynamic" "--eh-frame-hdr" "--build-id" "-dynamic-linker" "/lib64/ld-linux-x86-64.so.2" "-m" "elf_x86_64" "-o" "cmTC_42b26" "-L/opt/intel/Compiler/19.0/1.144/rwthlnk/daal/lib/intel64_lin" "-L/opt/intel/Compiler/19.0/1.144/rwthlnk/daal/lib/ia32_lin" "-L/opt/intel/Compiler/19.0/1.144/rwthlnk/ipp/lib/intel64_lin" "-L/opt/intel/Compiler/19.0/1.144/rwthlnk/ipp/lib/ia32_lin" "-L/opt/intel/Compiler/19.0/1.144/rwthlnk/mkl/lib/intel64_lin" "-L/opt/intel/Compiler/19.0/1.144/rwthlnk/mkl/lib/ia32_lin" "-L/opt/intel/Compiler/19.0/1.144/rwthlnk/tbb/lib/intel64_lin/gcc4.7" "-L/opt/intel/Compiler/19.0/1.144/rwthlnk/tbb/lib/ia32_lin/gcc4.7" "-L/rwthfs/rz/SW/intel/Compiler/19.0/1.144/compilers_and_libraries_2019.1.144/linux/compiler/lib/intel64_lin" "-L/usr/lib/gcc/x86_64-redhat-linux/4.8.5/" "-L/usr/lib/gcc/x86_64-redhat-linux/4.8.5/../../../../lib64" "-L/usr/lib/gcc/x86_64-redhat-linux/4.8.5/../../../../lib64/" "-L/lib/../lib64" "-L/lib/../lib64/" "-L/usr/lib/../lib64" "-L/usr/lib/../lib64/" "-L/opt/intel/Compiler/19.0/1.144/rwthlnk/daal/lib/intel64_lin/" "-L/opt/intel/Compiler/19.0/1.144/rwthlnk/daal/lib/ia32_lin/" "-L/opt/intel/Compiler/19.0/1.144/rwthlnk/ipp/lib/intel64_lin/" "-L/opt/intel/Compiler/19.0/1.144/rwthlnk/ipp/lib/ia32_lin/" "-L/opt/intel/Compiler/19.0/1.144/rwthlnk/mkl/lib/intel64_lin/" "-L/opt/intel/Compiler/19.0/1.144/rwthlnk/mkl/lib/ia32_lin/" "-L/opt/intel/Compiler/19.0/1.144/rwthlnk/tbb/lib/intel64_lin/gcc4.7/" "-L/opt/intel/Compiler/19.0/1.144/rwthlnk/tbb/lib/ia32_lin/gcc4.7/" "-L/usr/lib/gcc/x86_64-redhat-linux/4.8.5/../../../" "-L/lib64" "-L/lib/" "-L/usr/lib64" "-L/usr/lib" "CMakeFiles/cmTC_42b26.dir/CMakeCCompilerABI.c.o" "-Bdynamic" "-Bstatic" "-limf" "-lsvml" "-lirng" "-Bdynamic" "-lm" "-Bstatic" "-lipgo" "-ldecimal" "--as-needed" "-Bdynamic" "-lcilkrts" "-lstdc++" "--no-as-needed" "-lgcc" "-lgcc_s" "-Bstatic" "-lirc" "-lsvml" "-Bdynamic" "-lc" "-lgcc" "-lgcc_s" "-Bstatic" "-lirc_s" "-Bdynamic" "-ldl" "-lc" "/usr/lib/gcc/x86_64-redhat-linux/4.8.5/crtend.o" "/usr/lib/gcc/x86_64-redhat-linux/4.8.5/../../../../lib64/crtn.o"" -mIPOPT_il_in_obj -mIPOPT_ipo_activate_warn=FALSE -mIPOPT_obj_output_file_name=/tmp/md777659/login18-1_376988/ipo_iccGzIjAU.o -mIPOPT_whole_archive_fixup_file_name=/tmp/md777659/login18-1_376988/iccwarchWK8Tc3 -mGLOB_linker_version=2.27 -mGLOB_linker=ld -mGLOB_driver_tempfile_name=/tmp/md777659/login18-1_376988/icctempfileeumztg -mP3OPT_asm_target=P3OPT_ASM_TARGET_GAS -mGLOB_async_unwind_tables=TRUE -mGLOB_obj_output_file=/tmp/md777659/login18-1_376988/ipo_iccGzIjAU.o -mGLOB_source_dialect=GLOB_SOURCE_DIALECT_NONE -mP1OPT_source_file_name=ipo_out.c CMakeFiles/cmTC_42b26.dir/CMakeCCompilerABI.c.o -mIPOPT_object_files=T -mIPOPT_assembly_files=/tmp/md777659/login18-1_376988/iccalis0dCH6k -mIPOPT_generated_tempfiles=/tmp/md777659/login18-1_376988/iccelisYU7Smy -mIPOPT_embedded_object_base_name=/tmp/md777659/login18-1_376988/icceobjC5D5CL -mIPOPT_cmdline_link_new_name=/tmp/md777659/login18-1_376988/iccllis8C3hTY]
  link line: [ld    /usr/lib/gcc/x86_64-redhat-linux/4.8.5/../../../../lib64/crt1.o /usr/lib/gcc/x86_64-redhat-linux/4.8.5/../../../../lib64/crti.o /usr/lib/gcc/x86_64-redhat-linux/4.8.5/crtbegin.o -export-dynamic --eh-frame-hdr --build-id -dynamic-linker /lib64/ld-linux-x86-64.so.2 -m elf_x86_64 -o cmTC_42b26 -L/opt/intel/Compiler/19.0/1.144/rwthlnk/daal/lib/intel64_lin -L/opt/intel/Compiler/19.0/1.144/rwthlnk/daal/lib/ia32_lin -L/opt/intel/Compiler/19.0/1.144/rwthlnk/ipp/lib/intel64_lin -L/opt/intel/Compiler/19.0/1.144/rwthlnk/ipp/lib/ia32_lin -L/opt/intel/Compiler/19.0/1.144/rwthlnk/mkl/lib/intel64_lin -L/opt/intel/Compiler/19.0/1.144/rwthlnk/mkl/lib/ia32_lin -L/opt/intel/Compiler/19.0/1.144/rwthlnk/tbb/lib/intel64_lin/gcc4.7 -L/opt/intel/Compiler/19.0/1.144/rwthlnk/tbb/lib/ia32_lin/gcc4.7 -L/rwthfs/rz/SW/intel/Compiler/19.0/1.144/compilers_and_libraries_2019.1.144/linux/compiler/lib/intel64_lin -L/usr/lib/gcc/x86_64-redhat-linux/4.8.5/ -L/usr/lib/gcc/x86_64-redhat-linux/4.8.5/../../../../lib64 -L/usr/lib/gcc/x86_64-redhat-linux/4.8.5/../../../../lib64/ -L/lib/../lib64 -L/lib/../lib64/ -L/usr/lib/../lib64 -L/usr/lib/../lib64/ -L/opt/intel/Compiler/19.0/1.144/rwthlnk/daal/lib/intel64_lin/ -L/opt/intel/Compiler/19.0/1.144/rwthlnk/daal/lib/ia32_lin/ -L/opt/intel/Compiler/19.0/1.144/rwthlnk/ipp/lib/intel64_lin/ -L/opt/intel/Compiler/19.0/1.144/rwthlnk/ipp/lib/ia32_lin/ -L/opt/intel/Compiler/19.0/1.144/rwthlnk/mkl/lib/intel64_lin/ -L/opt/intel/Compiler/19.0/1.144/rwthlnk/mkl/lib/ia32_lin/ -L/opt/intel/Compiler/19.0/1.144/rwthlnk/tbb/lib/intel64_lin/gcc4.7/ -L/opt/intel/Compiler/19.0/1.144/rwthlnk/tbb/lib/ia32_lin/gcc4.7/ -L/usr/lib/gcc/x86_64-redhat-linux/4.8.5/../../../ -L/lib64 -L/lib/ -L/usr/lib64 -L/usr/lib CMakeFiles/cmTC_42b26.dir/CMakeCCompilerABI.c.o -Bdynamic -Bstatic -limf -lsvml -lirng -Bdynamic -lm -Bstatic -lipgo -ldecimal --as-needed -Bdynamic -lcilkrts -lstdc++ --no-as-needed -lgcc -lgcc_s -Bstatic -lirc -lsvml -Bdynamic -lc -lgcc -lgcc_s -Bstatic -lirc_s -Bdynamic -ldl -lc /usr/lib/gcc/x86_64-redhat-linux/4.8.5/crtend.o /usr/lib/gcc/x86_64-redhat-linux/4.8.5/../../../../lib64/crtn.o]
    arg [ld] ==> ignore
    arg [/usr/lib/gcc/x86_64-redhat-linux/4.8.5/../../../../lib64/crt1.o] ==> ignore
    arg [/usr/lib/gcc/x86_64-redhat-linux/4.8.5/../../../../lib64/crti.o] ==> ignore
    arg [/usr/lib/gcc/x86_64-redhat-linux/4.8.5/crtbegin.o] ==> ignore
    arg [-export-dynamic] ==> ignore
    arg [--eh-frame-hdr] ==> ignore
    arg [--build-id] ==> ignore
    arg [-dynamic-linker] ==> ignore
    arg [/lib64/ld-linux-x86-64.so.2] ==> ignore
    arg [-m] ==> ignore
    arg [elf_x86_64] ==> ignore
    arg [-o] ==> ignore
    arg [cmTC_42b26] ==> ignore
    arg [-L/opt/intel/Compiler/19.0/1.144/rwthlnk/daal/lib/intel64_lin] ==> dir [/opt/intel/Compiler/19.0/1.144/rwthlnk/daal/lib/intel64_lin]
    arg [-L/opt/intel/Compiler/19.0/1.144/rwthlnk/daal/lib/ia32_lin] ==> dir [/opt/intel/Compiler/19.0/1.144/rwthlnk/daal/lib/ia32_lin]
    arg [-L/opt/intel/Compiler/19.0/1.144/rwthlnk/ipp/lib/intel64_lin] ==> dir [/opt/intel/Compiler/19.0/1.144/rwthlnk/ipp/lib/intel64_lin]
    arg [-L/opt/intel/Compiler/19.0/1.144/rwthlnk/ipp/lib/ia32_lin] ==> dir [/opt/intel/Compiler/19.0/1.144/rwthlnk/ipp/lib/ia32_lin]
    arg [-L/opt/intel/Compiler/19.0/1.144/rwthlnk/mkl/lib/intel64_lin] ==> dir [/opt/intel/Compiler/19.0/1.144/rwthlnk/mkl/lib/intel64_lin]
    arg [-L/opt/intel/Compiler/19.0/1.144/rwthlnk/mkl/lib/ia32_lin] ==> dir [/opt/intel/Compiler/19.0/1.144/rwthlnk/mkl/lib/ia32_lin]
    arg [-L/opt/intel/Compiler/19.0/1.144/rwthlnk/tbb/lib/intel64_lin/gcc4.7] ==> dir [/opt/intel/Compiler/19.0/1.144/rwthlnk/tbb/lib/intel64_lin/gcc4.7]
    arg [-L/opt/intel/Compiler/19.0/1.144/rwthlnk/tbb/lib/ia32_lin/gcc4.7] ==> dir [/opt/intel/Compiler/19.0/1.144/rwthlnk/tbb/lib/ia32_lin/gcc4.7]
    arg [-L/rwthfs/rz/SW/intel/Compiler/19.0/1.144/compilers_and_libraries_2019.1.144/linux/compiler/lib/intel64_lin] ==> dir [/rwthfs/rz/SW/intel/Compiler/19.0/1.144/compilers_and_libraries_2019.1.144/linux/compiler/lib/intel64_lin]
    arg [-L/usr/lib/gcc/x86_64-redhat-linux/4.8.5/] ==> dir [/usr/lib/gcc/x86_64-redhat-linux/4.8.5/]
    arg [-L/usr/lib/gcc/x86_64-redhat-linux/4.8.5/../../../../lib64] ==> dir [/usr/lib/gcc/x86_64-redhat-linux/4.8.5/../../../../lib64]
    arg [-L/usr/lib/gcc/x86_64-redhat-linux/4.8.5/../../../../lib64/] ==> dir [/usr/lib/gcc/x86_64-redhat-linux/4.8.5/../../../../lib64/]
    arg [-L/lib/../lib64] ==> dir [/lib/../lib64]
    arg [-L/lib/../lib64/] ==> dir [/lib/../lib64/]
    arg [-L/usr/lib/../lib64] ==> dir [/usr/lib/../lib64]
    arg [-L/usr/lib/../lib64/] ==> dir [/usr/lib/../lib64/]
    arg [-L/opt/intel/Compiler/19.0/1.144/rwthlnk/daal/lib/intel64_lin/] ==> dir [/opt/intel/Compiler/19.0/1.144/rwthlnk/daal/lib/intel64_lin/]
    arg [-L/opt/intel/Compiler/19.0/1.144/rwthlnk/daal/lib/ia32_lin/] ==> dir [/opt/intel/Compiler/19.0/1.144/rwthlnk/daal/lib/ia32_lin/]
    arg [-L/opt/intel/Compiler/19.0/1.144/rwthlnk/ipp/lib/intel64_lin/] ==> dir [/opt/intel/Compiler/19.0/1.144/rwthlnk/ipp/lib/intel64_lin/]
    arg [-L/opt/intel/Compiler/19.0/1.144/rwthlnk/ipp/lib/ia32_lin/] ==> dir [/opt/intel/Compiler/19.0/1.144/rwthlnk/ipp/lib/ia32_lin/]
    arg [-L/opt/intel/Compiler/19.0/1.144/rwthlnk/mkl/lib/intel64_lin/] ==> dir [/opt/intel/Compiler/19.0/1.144/rwthlnk/mkl/lib/intel64_lin/]
    arg [-L/opt/intel/Compiler/19.0/1.144/rwthlnk/mkl/lib/ia32_lin/] ==> dir [/opt/intel/Compiler/19.0/1.144/rwthlnk/mkl/lib/ia32_lin/]
    arg [-L/opt/intel/Compiler/19.0/1.144/rwthlnk/tbb/lib/intel64_lin/gcc4.7/] ==> dir [/opt/intel/Compiler/19.0/1.144/rwthlnk/tbb/lib/intel64_lin/gcc4.7/]
    arg [-L/opt/intel/Compiler/19.0/1.144/rwthlnk/tbb/lib/ia32_lin/gcc4.7/] ==> dir [/opt/intel/Compiler/19.0/1.144/rwthlnk/tbb/lib/ia32_lin/gcc4.7/]
    arg [-L/usr/lib/gcc/x86_64-redhat-linux/4.8.5/../../../] ==> dir [/usr/lib/gcc/x86_64-redhat-linux/4.8.5/../../../]
    arg [-L/lib64] ==> dir [/lib64]
    arg [-L/lib/] ==> dir [/lib/]
    arg [-L/usr/lib64] ==> dir [/usr/lib64]
    arg [-L/usr/lib] ==> dir [/usr/lib]
    arg [CMakeFiles/cmTC_42b26.dir/CMakeCCompilerABI.c.o] ==> ignore
    arg [-Bdynamic] ==> ignore
    arg [-Bstatic] ==> ignore
    arg [-limf] ==> lib [imf]
    arg [-lsvml] ==> lib [svml]
    arg [-lirng] ==> lib [irng]
    arg [-Bdynamic] ==> ignore
    arg [-lm] ==> lib [m]
    arg [-Bstatic] ==> ignore
    arg [-lipgo] ==> lib [ipgo]
    arg [-ldecimal] ==> lib [decimal]
    arg [--as-needed] ==> ignore
    arg [-Bdynamic] ==> ignore
    arg [-lcilkrts] ==> lib [cilkrts]
    arg [-lstdc++] ==> lib [stdc++]
    arg [--no-as-needed] ==> ignore
    arg [-lgcc] ==> lib [gcc]
    arg [-lgcc_s] ==> lib [gcc_s]
    arg [-Bstatic] ==> ignore
    arg [-lirc] ==> lib [irc]
    arg [-lsvml] ==> lib [svml]
    arg [-Bdynamic] ==> ignore
    arg [-lc] ==> lib [c]
    arg [-lgcc] ==> lib [gcc]
    arg [-lgcc_s] ==> lib [gcc_s]
    arg [-Bstatic] ==> ignore
    arg [-lirc_s] ==> lib [irc_s]
    arg [-Bdynamic] ==> ignore
    arg [-ldl] ==> lib [dl]
    arg [-lc] ==> lib [c]
    arg [/usr/lib/gcc/x86_64-redhat-linux/4.8.5/crtend.o] ==> ignore
    arg [/usr/lib/gcc/x86_64-redhat-linux/4.8.5/../../../../lib64/crtn.o] ==> ignore
  collapse library dir [/opt/intel/Compiler/19.0/1.144/rwthlnk/daal/lib/intel64_lin] ==> [/opt/intel/Compiler/19.0/1.144/rwthlnk/daal/lib/intel64_lin]
  collapse library dir [/opt/intel/Compiler/19.0/1.144/rwthlnk/daal/lib/ia32_lin] ==> [/opt/intel/Compiler/19.0/1.144/rwthlnk/daal/lib/ia32_lin]
  collapse library dir [/opt/intel/Compiler/19.0/1.144/rwthlnk/ipp/lib/intel64_lin] ==> [/opt/intel/Compiler/19.0/1.144/rwthlnk/ipp/lib/intel64_lin]
  collapse library dir [/opt/intel/Compiler/19.0/1.144/rwthlnk/ipp/lib/ia32_lin] ==> [/opt/intel/Compiler/19.0/1.144/rwthlnk/ipp/lib/ia32_lin]
  collapse library dir [/opt/intel/Compiler/19.0/1.144/rwthlnk/mkl/lib/intel64_lin] ==> [/opt/intel/Compiler/19.0/1.144/rwthlnk/mkl/lib/intel64_lin]
  collapse library dir [/opt/intel/Compiler/19.0/1.144/rwthlnk/mkl/lib/ia32_lin] ==> [/opt/intel/Compiler/19.0/1.144/rwthlnk/mkl/lib/ia32_lin]
  collapse library dir [/opt/intel/Compiler/19.0/1.144/rwthlnk/tbb/lib/intel64_lin/gcc4.7] ==> [/opt/intel/Compiler/19.0/1.144/rwthlnk/tbb/lib/intel64_lin/gcc4.7]
  collapse library dir [/opt/intel/Compiler/19.0/1.144/rwthlnk/tbb/lib/ia32_lin/gcc4.7] ==> [/opt/intel/Compiler/19.0/1.144/rwthlnk/tbb/lib/ia32_lin/gcc4.7]
  collapse library dir [/rwthfs/rz/SW/intel/Compiler/19.0/1.144/compilers_and_libraries_2019.1.144/linux/compiler/lib/intel64_lin] ==> [/rwthfs/rz/SW/intel/Compiler/19.0/1.144/compilers_and_libraries_2019.1.144/linux/compiler/lib/intel64_lin]
  collapse library dir [/usr/lib/gcc/x86_64-redhat-linux/4.8.5/] ==> [/usr/lib/gcc/x86_64-redhat-linux/4.8.5]
  collapse library dir [/usr/lib/gcc/x86_64-redhat-linux/4.8.5/../../../../lib64] ==> [/usr/lib64]
  collapse library dir [/usr/lib/gcc/x86_64-redhat-linux/4.8.5/../../../../lib64/] ==> [/usr/lib64]
  collapse library dir [/lib/../lib64] ==> [/lib64]
  collapse library dir [/lib/../lib64/] ==> [/lib64]
  collapse library dir [/usr/lib/../lib64] ==> [/usr/lib64]
  collapse library dir [/usr/lib/../lib64/] ==> [/usr/lib64]
  collapse library dir [/opt/intel/Compiler/19.0/1.144/rwthlnk/daal/lib/intel64_lin/] ==> [/opt/intel/Compiler/19.0/1.144/rwthlnk/daal/lib/intel64_lin]
  collapse library dir [/opt/intel/Compiler/19.0/1.144/rwthlnk/daal/lib/ia32_lin/] ==> [/opt/intel/Compiler/19.0/1.144/rwthlnk/daal/lib/ia32_lin]
  collapse library dir [/opt/intel/Compiler/19.0/1.144/rwthlnk/ipp/lib/intel64_lin/] ==> [/opt/intel/Compiler/19.0/1.144/rwthlnk/ipp/lib/intel64_lin]
  collapse library dir [/opt/intel/Compiler/19.0/1.144/rwthlnk/ipp/lib/ia32_lin/] ==> [/opt/intel/Compiler/19.0/1.144/rwthlnk/ipp/lib/ia32_lin]
  collapse library dir [/opt/intel/Compiler/19.0/1.144/rwthlnk/mkl/lib/intel64_lin/] ==> [/opt/intel/Compiler/19.0/1.144/rwthlnk/mkl/lib/intel64_lin]
  collapse library dir [/opt/intel/Compiler/19.0/1.144/rwthlnk/mkl/lib/ia32_lin/] ==> [/opt/intel/Compiler/19.0/1.144/rwthlnk/mkl/lib/ia32_lin]
  collapse library dir [/opt/intel/Compiler/19.0/1.144/rwthlnk/tbb/lib/intel64_lin/gcc4.7/] ==> [/opt/intel/Compiler/19.0/1.144/rwthlnk/tbb/lib/intel64_lin/gcc4.7]
  collapse library dir [/opt/intel/Compiler/19.0/1.144/rwthlnk/tbb/lib/ia32_lin/gcc4.7/] ==> [/opt/intel/Compiler/19.0/1.144/rwthlnk/tbb/lib/ia32_lin/gcc4.7]
  collapse library dir [/usr/lib/gcc/x86_64-redhat-linux/4.8.5/../../../] ==> [/usr/lib]
  collapse library dir [/lib64] ==> [/lib64]
  collapse library dir [/lib/] ==> [/lib]
  collapse library dir [/usr/lib64] ==> [/usr/lib64]
  collapse library dir [/usr/lib] ==> [/usr/lib]
  implicit libs: [imf;svml;irng;m;ipgo;decimal;cilkrts;stdc++;gcc;gcc_s;irc;svml;c;gcc;gcc_s;irc_s;dl;c]
  implicit dirs: [/opt/intel/Compiler/19.0/1.144/rwthlnk/daal/lib/intel64_lin;/opt/intel/Compiler/19.0/1.144/rwthlnk/daal/lib/ia32_lin;/opt/intel/Compiler/19.0/1.144/rwthlnk/ipp/lib/intel64_lin;/opt/intel/Compiler/19.0/1.144/rwthlnk/ipp/lib/ia32_lin;/opt/intel/Compiler/19.0/1.144/rwthlnk/mkl/lib/intel64_lin;/opt/intel/Compiler/19.0/1.144/rwthlnk/mkl/lib/ia32_lin;/opt/intel/Compiler/19.0/1.144/rwthlnk/tbb/lib/intel64_lin/gcc4.7;/opt/intel/Compiler/19.0/1.144/rwthlnk/tbb/lib/ia32_lin/gcc4.7;/rwthfs/rz/SW/intel/Compiler/19.0/1.144/compilers_and_libraries_2019.1.144/linux/compiler/lib/intel64_lin;/usr/lib/gcc/x86_64-redhat-linux/4.8.5;/usr/lib64;/lib64;/usr/lib;/lib]
  implicit fwks: []




Detecting C [-std=c11] compiler features compiled with the following output:
Change Dir: /work/md777659/spray_model_development/codes/sundials/sundials-2.7.0/build/CMakeFiles/CMakeTmp

Run Build Command:"/usr/local_rwth/bin/gmake" "cmTC_2ac44/fast"
/usr/local_rwth/bin/gmake -f CMakeFiles/cmTC_2ac44.dir/build.make CMakeFiles/cmTC_2ac44.dir/build
gmake[1]: Entering directory `/rwthfs/rz/cluster/work/md777659/spray_model_development/codes/sundials/sundials-2.7.0/build/CMakeFiles/CMakeTmp'
Building C object CMakeFiles/cmTC_2ac44.dir/feature_tests.c.o
/opt/intel/Compiler/19.0/1.144/rwthlnk/bin/intel64/icc   -std=c11 -o CMakeFiles/cmTC_2ac44.dir/feature_tests.c.o   -c /work/md777659/spray_model_development/codes/sundials/sundials-2.7.0/build/CMakeFiles/feature_tests.c
Linking C executable cmTC_2ac44
/usr/bin/cmake -E cmake_link_script CMakeFiles/cmTC_2ac44.dir/link.txt --verbose=1
/opt/intel/Compiler/19.0/1.144/rwthlnk/bin/intel64/icc      -rdynamic CMakeFiles/cmTC_2ac44.dir/feature_tests.c.o  -o cmTC_2ac44 
gmake[1]: Leaving directory `/rwthfs/rz/cluster/work/md777659/spray_model_development/codes/sundials/sundials-2.7.0/build/CMakeFiles/CMakeTmp'


    Feature record: C_FEATURE:1c_function_prototypes
    Feature record: C_FEATURE:1c_restrict
    Feature record: C_FEATURE:1c_static_assert
    Feature record: C_FEATURE:1c_variadic_macros


Detecting C [-std=c99] compiler features compiled with the following output:
Change Dir: /work/md777659/spray_model_development/codes/sundials/sundials-2.7.0/build/CMakeFiles/CMakeTmp

Run Build Command:"/usr/local_rwth/bin/gmake" "cmTC_41b48/fast"
/usr/local_rwth/bin/gmake -f CMakeFiles/cmTC_41b48.dir/build.make CMakeFiles/cmTC_41b48.dir/build
gmake[1]: Entering directory `/rwthfs/rz/cluster/work/md777659/spray_model_development/codes/sundials/sundials-2.7.0/build/CMakeFiles/CMakeTmp'
Building C object CMakeFiles/cmTC_41b48.dir/feature_tests.c.o
/opt/intel/Compiler/19.0/1.144/rwthlnk/bin/intel64/icc   -std=c99 -o CMakeFiles/cmTC_41b48.dir/feature_tests.c.o   -c /work/md777659/spray_model_development/codes/sundials/sundials-2.7.0/build/CMakeFiles/feature_tests.c
Linking C executable cmTC_41b48
/usr/bin/cmake -E cmake_link_script CMakeFiles/cmTC_41b48.dir/link.txt --verbose=1
/opt/intel/Compiler/19.0/1.144/rwthlnk/bin/intel64/icc      -rdynamic CMakeFiles/cmTC_41b48.dir/feature_tests.c.o  -o cmTC_41b48 
gmake[1]: Leaving directory `/rwthfs/rz/cluster/work/md777659/spray_model_development/codes/sundials/sundials-2.7.0/build/CMakeFiles/CMakeTmp'


    Feature record: C_FEATURE:1c_function_prototypes
    Feature record: C_FEATURE:1c_restrict
    Feature record: C_FEATURE:1c_static_assert
    Feature record: C_FEATURE:1c_variadic_macros


Detecting C [-std=c89] compiler features compiled with the following output:
Change Dir: /work/md777659/spray_model_development/codes/sundials/sundials-2.7.0/build/CMakeFiles/CMakeTmp

Run Build Command:"/usr/local_rwth/bin/gmake" "cmTC_215e7/fast"
/usr/local_rwth/bin/gmake -f CMakeFiles/cmTC_215e7.dir/build.make CMakeFiles/cmTC_215e7.dir/build
gmake[1]: Entering directory `/rwthfs/rz/cluster/work/md777659/spray_model_development/codes/sundials/sundials-2.7.0/build/CMakeFiles/CMakeTmp'
Building C object CMakeFiles/cmTC_215e7.dir/feature_tests.c.o
/opt/intel/Compiler/19.0/1.144/rwthlnk/bin/intel64/icc   -std=c89 -o CMakeFiles/cmTC_215e7.dir/feature_tests.c.o   -c /work/md777659/spray_model_development/codes/sundials/sundials-2.7.0/build/CMakeFiles/feature_tests.c
Linking C executable cmTC_215e7
/usr/bin/cmake -E cmake_link_script CMakeFiles/cmTC_215e7.dir/link.txt --verbose=1
/opt/intel/Compiler/19.0/1.144/rwthlnk/bin/intel64/icc      -rdynamic CMakeFiles/cmTC_215e7.dir/feature_tests.c.o  -o cmTC_215e7 
gmake[1]: Leaving directory `/rwthfs/rz/cluster/work/md777659/spray_model_development/codes/sundials/sundials-2.7.0/build/CMakeFiles/CMakeTmp'


    Feature record: C_FEATURE:1c_function_prototypes
    Feature record: C_FEATURE:0c_restrict
    Feature record: C_FEATURE:0c_static_assert
    Feature record: C_FEATURE:0c_variadic_macros
Determining if the _POSIX_TIMERS exist passed with the following output:
Change Dir: /work/md777659/spray_model_development/codes/sundials/sundials-2.7.0/build/CMakeFiles/CMakeTmp

Run Build Command:"/usr/local_rwth/bin/gmake" "cmTC_05711/fast"
/usr/local_rwth/bin/gmake -f CMakeFiles/cmTC_05711.dir/build.make CMakeFiles/cmTC_05711.dir/build
gmake[1]: Entering directory `/rwthfs/rz/cluster/work/md777659/spray_model_development/codes/sundials/sundials-2.7.0/build/CMakeFiles/CMakeTmp'
Building C object CMakeFiles/cmTC_05711.dir/CheckSymbolExists.c.o
/opt/intel/Compiler/19.0/1.144/rwthlnk/bin/intel64/icc    -o CMakeFiles/cmTC_05711.dir/CheckSymbolExists.c.o   -c /work/md777659/spray_model_development/codes/sundials/sundials-2.7.0/build/CMakeFiles/CMakeTmp/CheckSymbolExists.c
Linking C executable cmTC_05711
/usr/bin/cmake -E cmake_link_script CMakeFiles/cmTC_05711.dir/link.txt --verbose=1
/opt/intel/Compiler/19.0/1.144/rwthlnk/bin/intel64/icc      -rdynamic CMakeFiles/cmTC_05711.dir/CheckSymbolExists.c.o  -o cmTC_05711 -lrt 
gmake[1]: Leaving directory `/rwthfs/rz/cluster/work/md777659/spray_model_development/codes/sundials/sundials-2.7.0/build/CMakeFiles/CMakeTmp'

File /work/md777659/spray_model_development/codes/sundials/sundials-2.7.0/build/CMakeFiles/CMakeTmp/CheckSymbolExists.c:
/* */
#include <unistd.h>
#include <time.h>

int main(int argc, char** argv)
{
  (void)argv;
#ifndef _POSIX_TIMERS
  return ((int*)(&_POSIX_TIMERS))[argc];
#else
  (void)argc;
  return 0;
#endif
}

Compiling the Fortran compiler identification source file "CMakeFortranCompilerId.F" succeeded.
Compiler: /opt/intel/Compiler/19.0/1.144/rwthlnk/bin/intel64/ifort 
Build flags: 
Id flags: -v 

The output was:
0
ifort version 19.0.1.144
/rwthfs/rz/SW/intel/Compiler/19.0/1.144/compilers_and_libraries_2019.1.144/linux/bin/intel64/fpp    -D__INTEL_COMPILER=1900 -D__INTEL_COMPILER_UPDATE=0 -D__unix__ -D__unix -D__linux__ -D__linux -D__gnu_linux__ -Dunix -Dlinux -D__ELF__ -D__x86_64 -D__x86_64__ -D__amd64 -D__amd64__ -D__INTEL_COMPILER_BUILD_DATE=20181018 -D__INTEL_OFFLOAD -D__i686 -D__i686__ -D__pentiumpro -D__pentiumpro__ -D__tune_i686__ -D__tune_pentiumpro__ -D__pentium4 -D__pentium4__ -D__tune_pentium4__ -D__SSE2__ -D__SSE2_MATH__ -D__SSE__ -D__SSE_MATH__ -D__MMX__ -I. -I/opt/intel/Compiler/19.0/1.144/rwthlnk/pstl/include -I/opt/intel/Compiler/19.0/1.144/rwthlnk/daal/include -I/opt/intel/Compiler/19.0/1.144/rwthlnk/ipp/include -I/opt/intel/Compiler/19.0/1.144/rwthlnk/mkl/include -I/opt/intel/Compiler/19.0/1.144/rwthlnk/tbb/include -I/rwthfs/rz/SW/intel/Compiler/19.0/1.144/compilers_and_libraries_2019.1.144/linux/compiler/include/intel64 -I/rwthfs/rz/SW/intel/Compiler/19.0/1.144/compilers_and_libraries_2019.1.144/linux/compiler/include/icc -I/rwthfs/rz/SW/intel/Compiler/19.0/1.144/compilers_and_libraries_2019.1.144/linux/compiler/include -I/usr/local/include -I/usr/lib/gcc/x86_64-redhat-linux/4.8.5/include -I/usr/include/ -I/usr/include -fixed -4Ycpp -4Ncvf -f_com=yes -MX CMakeFortranCompilerId.F /tmp/md777659/login18-1_376988/ifortgBOQ3A.i
#include "..." search starts here:
#include <...> search starts here:
 .
 /opt/intel/Compiler/19.0/1.144/rwthlnk/pstl/include
 /opt/intel/Compiler/19.0/1.144/rwthlnk/daal/include
 /opt/intel/Compiler/19.0/1.144/rwthlnk/ipp/include
 /opt/intel/Compiler/19.0/1.144/rwthlnk/mkl/include
 /opt/intel/Compiler/19.0/1.144/rwthlnk/tbb/include
 /rwthfs/rz/SW/intel/Compiler/19.0/1.144/compilers_and_libraries_2019.1.144/linux/compiler/include/intel64
 /rwthfs/rz/SW/intel/Compiler/19.0/1.144/compilers_and_libraries_2019.1.144/linux/compiler/include/icc
 /rwthfs/rz/SW/intel/Compiler/19.0/1.144/compilers_and_libraries_2019.1.144/linux/compiler/include
 /usr/local/include
 /usr/lib/gcc/x86_64-redhat-linux/4.8.5/include
 /usr/include/
 /usr/include
End of search list.
/rwthfs/rz/SW/intel/Compiler/19.0/1.144/compilers_and_libraries_2019.1.144/linux/bin/intel64/fortcom    -D__INTEL_COMPILER=1900 -D__INTEL_COMPILER_UPDATE=0 -D__unix__ -D__unix -D__linux__ -D__linux -D__gnu_linux__ -Dunix -Dlinux -D__ELF__ -D__x86_64 -D__x86_64__ -D__amd64 -D__amd64__ -D__INTEL_COMPILER_BUILD_DATE=20181018 -D__INTEL_OFFLOAD -D__i686 -D__i686__ -D__pentiumpro -D__pentiumpro__ -D__tune_i686__ -D__tune_pentiumpro__ -D__pentium4 -D__pentium4__ -D__tune_pentium4__ -D__SSE2__ -D__SSE2_MATH__ -D__SSE__ -D__SSE_MATH__ -D__MMX__ -mGLOB_pack_sort_init_list -I. -I/opt/intel/Compiler/19.0/1.144/rwthlnk/pstl/include -I/opt/intel/Compiler/19.0/1.144/rwthlnk/daal/include -I/opt/intel/Compiler/19.0/1.144/rwthlnk/ipp/include -I/opt/intel/Compiler/19.0/1.144/rwthlnk/mkl/include -I/opt/intel/Compiler/19.0/1.144/rwthlnk/tbb/include -I/rwthfs/rz/SW/intel/Compiler/19.0/1.144/compilers_and_libraries_2019.1.144/linux/compiler/include/intel64 -I/rwthfs/rz/SW/intel/Compiler/19.0/1.144/compilers_and_libraries_2019.1.144/linux/compiler/include/icc -I/rwthfs/rz/SW/intel/Compiler/19.0/1.144/compilers_and_libraries_2019.1.144/linux/compiler/include -I/usr/local/include -I/usr/lib/gcc/x86_64-redhat-linux/4.8.5/include -I/usr/include/ -I/usr/include -omp_simd -O2 "-reentrancy threaded" -simd -offload_host -mGLOB_em64t=TRUE -mP1OPT_version=19.0-intel64 -mGLOB_diag_file=/tmp/md777659/login18-1_376988/ifortVIwOhj.diag -mGLOB_long_size_64 -mGLOB_routine_pointer_size_64 -mGLOB_source_language=GLOB_SOURCE_LANGUAGE_F90 -mP2OPT_static_promotion -mP1OPT_print_version=FALSE -mCG_use_gas_got_workaround=F -mP2OPT_align_option_used=TRUE -mGLOB_gcc_version=485 -mGLOB_options_string=-v -mGLOB_cxx_limited_range=FALSE -mCG_extend_parms=FALSE -mGLOB_compiler_bin_directory=/rwthfs/rz/SW/intel/Compiler/19.0/1.144/compilers_and_libraries_2019.1.144/linux/bin/intel64 -mGLOB_as_output_backup_file_name=/tmp/md777659/login18-1_376988/ifortGKwmIaas_.s -mGLOB_dashboard_use_source_name -mIPOPT_activate -mIPOPT_lite -mGLOB_uarch_tuning=0x0 -mGLOB_product_id_code=0x22006d91 -mCG_bnl_movbe=T -mGLOB_extended_instructions=0x8 -mP3OPT_use_mspp_call_convention -mP2OPT_subs_out_of_bound=FALSE -mP2OPT_disam_type_based_disam=2 -mGLOB_ansi_alias -mPGOPTI_value_profile_use=T -mGLOB_opt_report_use_source_name -mGLOB_offload_mode=1 -mP2OPT_offload_unique_var_string=ifort0209960499lmuwea -mP2OPT_hlo_level=2 -mP2OPT_hlo -mP2OPT_hpo_rtt_control=0 -mIPOPT_args_in_regs=0 -mP2OPT_disam_assume_nonstd_intent_in=FALSE -mGLOB_imf_mapping_library=/rwthfs/rz/SW/intel/Compiler/19.0/1.144/compilers_and_libraries_2019.1.144/linux/bin/intel64/libiml_attr.so -mIPOPT_single_file_compile_and_link=TRUE -mPGOPTI_gen_threadsafe_level=0 -mIPOPT_lto_object_enabled -mIPOPT_lto_object_value=1 -mIPOPT_obj_output_file_name=/tmp/md777659/login18-1_376988/ifortVIwOhj.o -mIPOPT_whole_archive_fixup_file_name=/tmp/md777659/login18-1_376988/ifortwarchKcBmpK -mGLOB_linker_version=2.27 -mGLOB_linker=ld -mGLOB_driver_tempfile_name=/tmp/md777659/login18-1_376988/iforttempfileLPx0f2 -mP3OPT_asm_target=P3OPT_ASM_TARGET_GAS -mGLOB_async_unwind_tables=TRUE -mGLOB_obj_output_file=/tmp/md777659/login18-1_376988/ifortVIwOhj.o -mGLOB_source_dialect=GLOB_SOURCE_DIALECT_FORTRAN -mP1OPT_source_file_name=CMakeFortranCompilerId.F -mP1OPT_full_source_file_name=/rwthfs/rz/cluster/work/md777659/spray_model_development/codes/sundials/sundials-2.7.0/build/CMakeFiles/3.10.1/CompilerIdFortran/CMakeFortranCompilerId.F -mP2OPT_symtab_type_copy=true /tmp/md777659/login18-1_376988/ifortgBOQ3A.i
#include "..." search starts here:
#include <...> search starts here:
 .
 /opt/intel/Compiler/19.0/1.144/rwthlnk/pstl/include
 /opt/intel/Compiler/19.0/1.144/rwthlnk/daal/include
 /opt/intel/Compiler/19.0/1.144/rwthlnk/ipp/include
 /opt/intel/Compiler/19.0/1.144/rwthlnk/mkl/include
 /opt/intel/Compiler/19.0/1.144/rwthlnk/tbb/include
 /rwthfs/rz/SW/intel/Compiler/19.0/1.144/compilers_and_libraries_2019.1.144/linux/compiler/include/intel64
 /rwthfs/rz/SW/intel/Compiler/19.0/1.144/compilers_and_libraries_2019.1.144/linux/compiler/include/icc
 /rwthfs/rz/SW/intel/Compiler/19.0/1.144/compilers_and_libraries_2019.1.144/linux/compiler/include
 /usr/local/include
 /usr/lib/gcc/x86_64-redhat-linux/4.8.5/include
 /usr/include/
 /usr/include
End of search list.
ld    /usr/lib/gcc/x86_64-redhat-linux/4.8.5/../../../../lib64/crt1.o /usr/lib/gcc/x86_64-redhat-linux/4.8.5/../../../../lib64/crti.o /usr/lib/gcc/x86_64-redhat-linux/4.8.5/crtbegin.o --eh-frame-hdr --build-id -dynamic-linker /lib64/ld-linux-x86-64.so.2 -m elf_x86_64 -o a.out /rwthfs/rz/SW/intel/Compiler/19.0/1.144/compilers_and_libraries_2019.1.144/linux/compiler/lib/intel64_lin/for_main.o -L/opt/intel/Compiler/19.0/1.144/rwthlnk/daal/lib/intel64_lin -L/opt/intel/Compiler/19.0/1.144/rwthlnk/daal/lib/ia32_lin -L/opt/intel/Compiler/19.0/1.144/rwthlnk/ipp/lib/intel64_lin -L/opt/intel/Compiler/19.0/1.144/rwthlnk/ipp/lib/ia32_lin -L/opt/intel/Compiler/19.0/1.144/rwthlnk/mkl/lib/intel64_lin -L/opt/intel/Compiler/19.0/1.144/rwthlnk/mkl/lib/ia32_lin -L/opt/intel/Compiler/19.0/1.144/rwthlnk/tbb/lib/intel64_lin/gcc4.7 -L/opt/intel/Compiler/19.0/1.144/rwthlnk/tbb/lib/ia32_lin/gcc4.7 -L/rwthfs/rz/SW/intel/Compiler/19.0/1.144/compilers_and_libraries_2019.1.144/linux/compiler/lib/intel64_lin -L/usr/lib/gcc/x86_64-redhat-linux/4.8.5/ -L/usr/lib/gcc/x86_64-redhat-linux/4.8.5/../../../../lib64 -L/usr/lib/gcc/x86_64-redhat-linux/4.8.5/../../../../lib64/ -L/lib/../lib64 -L/lib/../lib64/ -L/usr/lib/../lib64 -L/usr/lib/../lib64/ -L/opt/intel/Compiler/19.0/1.144/rwthlnk/daal/lib/intel64_lin/ -L/opt/intel/Compiler/19.0/1.144/rwthlnk/daal/lib/ia32_lin/ -L/opt/intel/Compiler/19.0/1.144/rwthlnk/ipp/lib/intel64_lin/ -L/opt/intel/Compiler/19.0/1.144/rwthlnk/ipp/lib/ia32_lin/ -L/opt/intel/Compiler/19.0/1.144/rwthlnk/mkl/lib/intel64_lin/ -L/opt/intel/Compiler/19.0/1.144/rwthlnk/mkl/lib/ia32_lin/ -L/opt/intel/Compiler/19.0/1.144/rwthlnk/tbb/lib/intel64_lin/gcc4.7/ -L/opt/intel/Compiler/19.0/1.144/rwthlnk/tbb/lib/ia32_lin/gcc4.7/ -L/usr/lib/gcc/x86_64-redhat-linux/4.8.5/../../../ -L/lib64 -L/lib/ -L/usr/lib64 -L/usr/lib /tmp/md777659/login18-1_376988/ifortVIwOhj.o -Bdynamic -Bstatic -lifport -lifcoremt -limf -lsvml -Bdynamic -lm -Bstatic -lipgo -lirc -Bdynamic -lpthread -Bstatic -lsvml -Bdynamic -lc -lgcc -lgcc_s -Bstatic -lirc_s -Bdynamic -ldl -lc /usr/lib/gcc/x86_64-redhat-linux/4.8.5/crtend.o /usr/lib/gcc/x86_64-redhat-linux/4.8.5/../../../../lib64/crtn.o


Compilation of the Fortran compiler identification source "CMakeFortranCompilerId.F" produced "a.out"

The Fortran compiler identification is Intel, found in "/work/md777659/spray_model_development/codes/sundials/sundials-2.7.0/build/CMakeFiles/3.10.1/CompilerIdFortran/a.out"

Compiling the Fortran compiler identification source file "CMakeFortranCompilerId.F" succeeded.
Compiler: /opt/intel/Compiler/19.0/1.144/rwthlnk/bin/intel64/ifort 
Build flags: 
Id flags: -v 

The output was:
0
ifort version 19.0.1.144
/rwthfs/rz/SW/intel/Compiler/19.0/1.144/compilers_and_libraries_2019.1.144/linux/bin/intel64/fpp    -D__INTEL_COMPILER=1900 -D__INTEL_COMPILER_UPDATE=0 -D__unix__ -D__unix -D__linux__ -D__linux -D__gnu_linux__ -Dunix -Dlinux -D__ELF__ -D__x86_64 -D__x86_64__ -D__amd64 -D__amd64__ -D__INTEL_COMPILER_BUILD_DATE=20181018 -D__INTEL_OFFLOAD -D__i686 -D__i686__ -D__pentiumpro -D__pentiumpro__ -D__tune_i686__ -D__tune_pentiumpro__ -D__pentium4 -D__pentium4__ -D__tune_pentium4__ -D__SSE2__ -D__SSE2_MATH__ -D__SSE__ -D__SSE_MATH__ -D__MMX__ -I. -I/opt/intel/Compiler/19.0/1.144/rwthlnk/pstl/include -I/opt/intel/Compiler/19.0/1.144/rwthlnk/daal/include -I/opt/intel/Compiler/19.0/1.144/rwthlnk/ipp/include -I/opt/intel/Compiler/19.0/1.144/rwthlnk/mkl/include -I/opt/intel/Compiler/19.0/1.144/rwthlnk/tbb/include -I/rwthfs/rz/SW/intel/Compiler/19.0/1.144/compilers_and_libraries_2019.1.144/linux/compiler/include/intel64 -I/rwthfs/rz/SW/intel/Compiler/19.0/1.144/compilers_and_libraries_2019.1.144/linux/compiler/include/icc -I/rwthfs/rz/SW/intel/Compiler/19.0/1.144/compilers_and_libraries_2019.1.144/linux/compiler/include -I/usr/local/include -I/usr/lib/gcc/x86_64-redhat-linux/4.8.5/include -I/usr/include/ -I/usr/include -fixed -4Ycpp -4Ncvf -f_com=yes -MX CMakeFortranCompilerId.F /tmp/md777659/login18-1_376988/ifortr7nfpb.i
#include "..." search starts here:
#include <...> search starts here:
 .
 /opt/intel/Compiler/19.0/1.144/rwthlnk/pstl/include
 /opt/intel/Compiler/19.0/1.144/rwthlnk/daal/include
 /opt/intel/Compiler/19.0/1.144/rwthlnk/ipp/include
 /opt/intel/Compiler/19.0/1.144/rwthlnk/mkl/include
 /opt/intel/Compiler/19.0/1.144/rwthlnk/tbb/include
 /rwthfs/rz/SW/intel/Compiler/19.0/1.144/compilers_and_libraries_2019.1.144/linux/compiler/include/intel64
 /rwthfs/rz/SW/intel/Compiler/19.0/1.144/compilers_and_libraries_2019.1.144/linux/compiler/include/icc
 /rwthfs/rz/SW/intel/Compiler/19.0/1.144/compilers_and_libraries_2019.1.144/linux/compiler/include
 /usr/local/include
 /usr/lib/gcc/x86_64-redhat-linux/4.8.5/include
 /usr/include/
 /usr/include
End of search list.
/rwthfs/rz/SW/intel/Compiler/19.0/1.144/compilers_and_libraries_2019.1.144/linux/bin/intel64/fortcom    -D__INTEL_COMPILER=1900 -D__INTEL_COMPILER_UPDATE=0 -D__unix__ -D__unix -D__linux__ -D__linux -D__gnu_linux__ -Dunix -Dlinux -D__ELF__ -D__x86_64 -D__x86_64__ -D__amd64 -D__amd64__ -D__INTEL_COMPILER_BUILD_DATE=20181018 -D__INTEL_OFFLOAD -D__i686 -D__i686__ -D__pentiumpro -D__pentiumpro__ -D__tune_i686__ -D__tune_pentiumpro__ -D__pentium4 -D__pentium4__ -D__tune_pentium4__ -D__SSE2__ -D__SSE2_MATH__ -D__SSE__ -D__SSE_MATH__ -D__MMX__ -mGLOB_pack_sort_init_list -I. -I/opt/intel/Compiler/19.0/1.144/rwthlnk/pstl/include -I/opt/intel/Compiler/19.0/1.144/rwthlnk/daal/include -I/opt/intel/Compiler/19.0/1.144/rwthlnk/ipp/include -I/opt/intel/Compiler/19.0/1.144/rwthlnk/mkl/include -I/opt/intel/Compiler/19.0/1.144/rwthlnk/tbb/include -I/rwthfs/rz/SW/intel/Compiler/19.0/1.144/compilers_and_libraries_2019.1.144/linux/compiler/include/intel64 -I/rwthfs/rz/SW/intel/Compiler/19.0/1.144/compilers_and_libraries_2019.1.144/linux/compiler/include/icc -I/rwthfs/rz/SW/intel/Compiler/19.0/1.144/compilers_and_libraries_2019.1.144/linux/compiler/include -I/usr/local/include -I/usr/lib/gcc/x86_64-redhat-linux/4.8.5/include -I/usr/include/ -I/usr/include -omp_simd -O2 "-reentrancy threaded" -simd -offload_host -mGLOB_em64t=TRUE -mP1OPT_version=19.0-intel64 -mGLOB_diag_file=/tmp/md777659/login18-1_376988/ifort2tiLjP.diag -mGLOB_long_size_64 -mGLOB_routine_pointer_size_64 -mGLOB_source_language=GLOB_SOURCE_LANGUAGE_F90 -mP2OPT_static_promotion -mP1OPT_print_version=FALSE -mCG_use_gas_got_workaround=F -mP2OPT_align_option_used=TRUE -mGLOB_gcc_version=485 -mGLOB_options_string=-v -mGLOB_cxx_limited_range=FALSE -mCG_extend_parms=FALSE -mGLOB_compiler_bin_directory=/rwthfs/rz/SW/intel/Compiler/19.0/1.144/compilers_and_libraries_2019.1.144/linux/bin/intel64 -mGLOB_as_output_backup_file_name=/tmp/md777659/login18-1_376988/ifortJCzFBTas_.s -mGLOB_dashboard_use_source_name -mIPOPT_activate -mIPOPT_lite -mGLOB_uarch_tuning=0x0 -mGLOB_product_id_code=0x22006d91 -mCG_bnl_movbe=T -mGLOB_extended_instructions=0x8 -mP3OPT_use_mspp_call_convention -mP2OPT_subs_out_of_bound=FALSE -mP2OPT_disam_type_based_disam=2 -mGLOB_ansi_alias -mPGOPTI_value_profile_use=T -mGLOB_opt_report_use_source_name -mGLOB_offload_mode=1 -mP2OPT_offload_unique_var_string=ifort1521921214kJsb0o -mP2OPT_hlo_level=2 -mP2OPT_hlo -mP2OPT_hpo_rtt_control=0 -mIPOPT_args_in_regs=0 -mP2OPT_disam_assume_nonstd_intent_in=FALSE -mGLOB_imf_mapping_library=/rwthfs/rz/SW/intel/Compiler/19.0/1.144/compilers_and_libraries_2019.1.144/linux/bin/intel64/libiml_attr.so -mIPOPT_single_file_compile_and_link=TRUE -mPGOPTI_gen_threadsafe_level=0 -mIPOPT_lto_object_enabled -mIPOPT_lto_object_value=1 -mIPOPT_obj_output_file_name=/tmp/md777659/login18-1_376988/ifort2tiLjP.o -mIPOPT_whole_archive_fixup_file_name=/tmp/md777659/login18-1_376988/ifortwarchlaYAPB -mGLOB_linker_version=2.27 -mGLOB_linker=ld -mGLOB_driver_tempfile_name=/tmp/md777659/login18-1_376988/iforttempfilecyPHWX -mP3OPT_asm_target=P3OPT_ASM_TARGET_GAS -mGLOB_async_unwind_tables=TRUE -mGLOB_obj_output_file=/tmp/md777659/login18-1_376988/ifort2tiLjP.o -mGLOB_source_dialect=GLOB_SOURCE_DIALECT_FORTRAN -mP1OPT_source_file_name=CMakeFortranCompilerId.F -mP1OPT_full_source_file_name=/rwthfs/rz/cluster/work/md777659/spray_model_development/codes/sundials/sundials-2.7.0/build/CMakeFiles/3.10.1/CompilerIdFortran/CMakeFortranCompilerId.F -mP2OPT_symtab_type_copy=true /tmp/md777659/login18-1_376988/ifortr7nfpb.i
#include "..." search starts here:
#include <...> search starts here:
 .
 /opt/intel/Compiler/19.0/1.144/rwthlnk/pstl/include
 /opt/intel/Compiler/19.0/1.144/rwthlnk/daal/include
 /opt/intel/Compiler/19.0/1.144/rwthlnk/ipp/include
 /opt/intel/Compiler/19.0/1.144/rwthlnk/mkl/include
 /opt/intel/Compiler/19.0/1.144/rwthlnk/tbb/include
 /rwthfs/rz/SW/intel/Compiler/19.0/1.144/compilers_and_libraries_2019.1.144/linux/compiler/include/intel64
 /rwthfs/rz/SW/intel/Compiler/19.0/1.144/compilers_and_libraries_2019.1.144/linux/compiler/include/icc
 /rwthfs/rz/SW/intel/Compiler/19.0/1.144/compilers_and_libraries_2019.1.144/linux/compiler/include
 /usr/local/include
 /usr/lib/gcc/x86_64-redhat-linux/4.8.5/include
 /usr/include/
 /usr/include
End of search list.
ld    /usr/lib/gcc/x86_64-redhat-linux/4.8.5/../../../../lib64/crt1.o /usr/lib/gcc/x86_64-redhat-linux/4.8.5/../../../../lib64/crti.o /usr/lib/gcc/x86_64-redhat-linux/4.8.5/crtbegin.o --eh-frame-hdr --build-id -dynamic-linker /lib64/ld-linux-x86-64.so.2 -m elf_x86_64 -o a.out /rwthfs/rz/SW/intel/Compiler/19.0/1.144/compilers_and_libraries_2019.1.144/linux/compiler/lib/intel64_lin/for_main.o -L/opt/intel/Compiler/19.0/1.144/rwthlnk/daal/lib/intel64_lin -L/opt/intel/Compiler/19.0/1.144/rwthlnk/daal/lib/ia32_lin -L/opt/intel/Compiler/19.0/1.144/rwthlnk/ipp/lib/intel64_lin -L/opt/intel/Compiler/19.0/1.144/rwthlnk/ipp/lib/ia32_lin -L/opt/intel/Compiler/19.0/1.144/rwthlnk/mkl/lib/intel64_lin -L/opt/intel/Compiler/19.0/1.144/rwthlnk/mkl/lib/ia32_lin -L/opt/intel/Compiler/19.0/1.144/rwthlnk/tbb/lib/intel64_lin/gcc4.7 -L/opt/intel/Compiler/19.0/1.144/rwthlnk/tbb/lib/ia32_lin/gcc4.7 -L/rwthfs/rz/SW/intel/Compiler/19.0/1.144/compilers_and_libraries_2019.1.144/linux/compiler/lib/intel64_lin -L/usr/lib/gcc/x86_64-redhat-linux/4.8.5/ -L/usr/lib/gcc/x86_64-redhat-linux/4.8.5/../../../../lib64 -L/usr/lib/gcc/x86_64-redhat-linux/4.8.5/../../../../lib64/ -L/lib/../lib64 -L/lib/../lib64/ -L/usr/lib/../lib64 -L/usr/lib/../lib64/ -L/opt/intel/Compiler/19.0/1.144/rwthlnk/daal/lib/intel64_lin/ -L/opt/intel/Compiler/19.0/1.144/rwthlnk/daal/lib/ia32_lin/ -L/opt/intel/Compiler/19.0/1.144/rwthlnk/ipp/lib/intel64_lin/ -L/opt/intel/Compiler/19.0/1.144/rwthlnk/ipp/lib/ia32_lin/ -L/opt/intel/Compiler/19.0/1.144/rwthlnk/mkl/lib/intel64_lin/ -L/opt/intel/Compiler/19.0/1.144/rwthlnk/mkl/lib/ia32_lin/ -L/opt/intel/Compiler/19.0/1.144/rwthlnk/tbb/lib/intel64_lin/gcc4.7/ -L/opt/intel/Compiler/19.0/1.144/rwthlnk/tbb/lib/ia32_lin/gcc4.7/ -L/usr/lib/gcc/x86_64-redhat-linux/4.8.5/../../../ -L/lib64 -L/lib/ -L/usr/lib64 -L/usr/lib /tmp/md777659/login18-1_376988/ifort2tiLjP.o -Bdynamic -Bstatic -lifport -lifcoremt -limf -lsvml -Bdynamic -lm -Bstatic -lipgo -lirc -Bdynamic -lpthread -Bstatic -lsvml -Bdynamic -lc -lgcc -lgcc_s -Bstatic -lirc_s -Bdynamic -ldl -lc /usr/lib/gcc/x86_64-redhat-linux/4.8.5/crtend.o /usr/lib/gcc/x86_64-redhat-linux/4.8.5/../../../../lib64/crtn.o


Compilation of the Fortran compiler identification source "CMakeFortranCompilerId.F" produced "a.out"

The Fortran compiler identification is Intel, found in "/work/md777659/spray_model_development/codes/sundials/sundials-2.7.0/build/CMakeFiles/3.10.1/CompilerIdFortran/a.out"

