   0.00000E+000   0.00000E+000   0.00000E+000
   3.92365E-007   4.50000E-002   0.00000E+000
   7.84729E-007   4.50000E-002   0.00000E+000
   1.17709E-006   4.50000E-002   0.00000E+000
   1.56946E-006   4.50000E-002   0.00000E+000
   1.96182E-006   4.50000E-002   0.00000E+000
   2.35419E-006   4.50000E-002   0.00000E+000
   2.74655E-006   4.50000E-002   0.00000E+000
   3.13892E-006   4.50000E-002   0.00000E+000
   3.53128E-006   4.50000E-002   0.00000E+000
   3.92365E-006   9.00000E-002   0.00000E+000
   4.31601E-006   9.00000E-002   0.00000E+000
   4.70838E-006   9.00000E-002   0.00000E+000
   5.10074E-006   9.00000E-002   0.00000E+000
   5.49311E-006   9.00000E-002   0.00000E+000
   5.88547E-006   9.00000E-002   0.00000E+000
   6.27784E-006   9.00000E-002   0.00000E+000
   6.67020E-006   9.00000E-002   0.00000E+000
   7.06257E-006   9.00000E-002   0.00000E+000
   7.45493E-006   9.00000E-002   0.00000E+000
   7.84729E-006   9.00000E-002   0.00000E+000
   8.23966E-006   9.00000E-002   0.00000E+000
   8.63202E-006   9.00000E-002   0.00000E+000
   9.02439E-006   9.00000E-002   0.00000E+000
   9.41675E-006   9.00000E-002   0.00000E+000
   9.80912E-006   9.00000E-002   0.00000E+000
   1.02015E-005   9.00000E-002   0.00000E+000
   1.05938E-005   9.00000E-002   0.00000E+000
   1.09862E-005   9.00000E-002   0.00000E+000
   1.13786E-005   9.00000E-002   0.00000E+000
   1.17709E-005   9.00000E-002   0.00000E+000
   1.21633E-005   9.00000E-002   0.00000E+000
   1.25557E-005   9.00000E-002   0.00000E+000
   1.29480E-005   9.00000E-002   0.00000E+000
   1.33404E-005   9.00000E-002   0.00000E+000
   1.37328E-005   9.00000E-002   0.00000E+000
   1.41251E-005   9.00000E-002   0.00000E+000
   1.45175E-005   9.00000E-002   0.00000E+000
   1.49099E-005   9.00000E-002   0.00000E+000
   1.53022E-005   9.00000E-002   0.00000E+000
   1.56946E-005   9.00000E-002   0.00000E+000
   1.60870E-005   9.00000E-002   0.00000E+000
   1.64793E-005   1.35000E-001   0.00000E+000
   1.68717E-005   1.35000E-001   0.00000E+000
   1.72640E-005   1.35000E-001   0.00000E+000
   1.76564E-005   1.35000E-001   0.00000E+000
   1.80488E-005   1.35000E-001   0.00000E+000
   1.84411E-005   1.35000E-001   0.00000E+000
   1.88335E-005   1.35000E-001   0.00000E+000
   1.92259E-005   1.35000E-001   0.00000E+000
   1.96182E-005   1.35000E-001   0.00000E+000
   2.00106E-005   1.35000E-001   0.00000E+000
   2.04030E-005   1.35000E-001   0.00000E+000
   2.07953E-005   1.35000E-001   0.00000E+000
   2.11877E-005   1.35000E-001   0.00000E+000
   2.15801E-005   1.35000E-001   0.00000E+000
   2.19724E-005   1.35000E-001   0.00000E+000
   2.23648E-005   1.35000E-001   0.00000E+000
   2.27572E-005   1.35000E-001   0.00000E+000
   2.31495E-005   1.35000E-001   9.00000E-002
   2.35419E-005   1.35000E-001   9.00000E-002
   2.39342E-005   1.35000E-001   9.00000E-002
   2.43266E-005   1.35000E-001   9.00000E-002
   2.47190E-005   1.35000E-001   9.00000E-002
   2.51113E-005   1.35000E-001   9.00000E-002
   2.55037E-005   1.35000E-001   9.00000E-002
   2.58961E-005   1.35000E-001   9.00000E-002
   2.62884E-005   1.35000E-001   9.00000E-002
   2.66808E-005   1.35000E-001   9.00000E-002
   2.70732E-005   1.35000E-001   9.00000E-002
   2.74655E-005   1.35000E-001   9.00000E-002
   2.78579E-005   1.35000E-001   9.00000E-002
   2.82503E-005   1.35000E-001   9.00000E-002
   2.86426E-005   1.35000E-001   9.00000E-002
   2.90350E-005   1.35000E-001   9.00000E-002
   2.94274E-005   1.35000E-001   9.00000E-002
   2.98197E-005   1.35000E-001   9.00000E-002
   3.02121E-005   1.35000E-001   1.35000E-001
   3.06044E-005   1.35000E-001   1.35000E-001
   3.09968E-005   1.35000E-001   1.35000E-001
   3.13892E-005   1.35000E-001   1.35000E-001
   3.17815E-005   1.35000E-001   1.35000E-001
   3.21739E-005   1.35000E-001   1.35000E-001
   3.25663E-005   1.35000E-001   1.35000E-001
   3.29586E-005   1.35000E-001   1.35000E-001
   3.33510E-005   1.35000E-001   1.35000E-001
   3.37434E-005   1.35000E-001   1.35000E-001
   3.41357E-005   1.35000E-001   1.35000E-001
   3.45281E-005   1.35000E-001   1.35000E-001
   3.49205E-005   1.35000E-001   1.35000E-001
   3.53128E-005   1.35000E-001   1.35000E-001
   3.57052E-005   1.35000E-001   1.35000E-001
   3.60976E-005   1.35000E-001   1.35000E-001
   3.64899E-005   1.35000E-001   1.35000E-001
   3.68823E-005   1.35000E-001   1.35000E-001
   3.72747E-005   1.35000E-001   1.35000E-001
   3.76670E-005   1.35000E-001   1.35000E-001
   3.80594E-005   1.35000E-001   1.35000E-001
   3.84517E-005   1.35000E-001   1.35000E-001
   3.88441E-005   1.35000E-001   1.35000E-001
   3.92365E-005   1.35000E-001   1.35000E-001
   4.31601E-005   1.80000E-001   1.35000E-001
   4.70838E-005   1.80000E-001   1.35000E-001
   5.10074E-005   1.80000E-001   1.80000E-001
   5.49311E-005   1.80000E-001   1.80000E-001
   5.88547E-005   1.80000E-001   1.80000E-001
   6.27784E-005   1.80000E-001   1.80000E-001
   6.67020E-005   1.80000E-001   1.80000E-001
   7.06257E-005   1.80000E-001   1.80000E-001
   7.45493E-005   1.80000E-001   1.80000E-001
   7.84729E-005   2.25000E-001   1.80000E-001
   8.23966E-005   2.25000E-001   2.25000E-001
   8.63202E-005   2.25000E-001   2.25000E-001
   9.02439E-005   2.25000E-001   2.25000E-001
   9.41675E-005   2.25000E-001   2.25000E-001
   9.80912E-005   2.25000E-001   2.25000E-001
   1.02015E-004   2.25000E-001   2.25000E-001
   1.05938E-004   2.25000E-001   2.25000E-001
   1.09862E-004   2.25000E-001   2.25000E-001
   1.13786E-004   2.25000E-001   2.25000E-001
   1.17709E-004   2.25000E-001   2.25000E-001
   1.21633E-004   2.70000E-001   2.25000E-001
   1.25557E-004   2.70000E-001   2.70000E-001
   1.29480E-004   2.70000E-001   2.70000E-001
   1.33404E-004   2.70000E-001   2.70000E-001
   1.37328E-004   2.70000E-001   2.70000E-001
   1.41251E-004   2.70000E-001   2.70000E-001
   1.45175E-004   2.70000E-001   2.70000E-001
   1.49099E-004   2.70000E-001   2.70000E-001
   1.53022E-004   2.70000E-001   2.70000E-001
   1.56946E-004   2.70000E-001   2.70000E-001
   1.60870E-004   2.70000E-001   2.70000E-001
   1.64793E-004   2.70000E-001   2.70000E-001
   1.68717E-004   2.70000E-001   2.70000E-001
   1.72640E-004   3.15000E-001   3.15000E-001
   1.76564E-004   3.15000E-001   3.15000E-001
   1.80488E-004   3.15000E-001   3.15000E-001
   1.84411E-004   3.15000E-001   3.15000E-001
   1.88335E-004   3.15000E-001   3.15000E-001
   1.92259E-004   3.15000E-001   3.15000E-001
   1.96182E-004   3.15000E-001   3.15000E-001
   2.00106E-004   3.15000E-001   3.15000E-001
   2.04030E-004   3.15000E-001   3.15000E-001
   2.07953E-004   3.15000E-001   3.15000E-001
   2.11877E-004   3.15000E-001   3.15000E-001
   2.15801E-004   3.15000E-001   3.15000E-001
   2.19724E-004   3.15000E-001   3.15000E-001
   2.23648E-004   3.15000E-001   3.15000E-001
   2.27572E-004   3.15000E-001   3.15000E-001
   2.31495E-004   3.60000E-001   3.15000E-001
   2.35419E-004   3.60000E-001   3.15000E-001
   2.39342E-004   3.60000E-001   3.60000E-001
   2.43266E-004   3.60000E-001   3.60000E-001
   2.47190E-004   3.60000E-001   3.60000E-001
   2.51113E-004   3.60000E-001   3.60000E-001
   2.55037E-004   3.60000E-001   3.60000E-001
   2.58961E-004   3.60000E-001   3.60000E-001
   2.62884E-004   3.60000E-001   3.60000E-001
   2.66808E-004   3.60000E-001   3.60000E-001
   2.70732E-004   3.60000E-001   3.60000E-001
   2.74655E-004   3.60000E-001   3.60000E-001
   2.78579E-004   3.60000E-001   3.60000E-001
   2.82503E-004   3.60000E-001   3.60000E-001
   2.86426E-004   3.60000E-001   3.60000E-001
   2.90350E-004   3.60000E-001   3.60000E-001
   2.94274E-004   3.60000E-001   3.60000E-001
   2.98197E-004   3.60000E-001   3.60000E-001
   3.02121E-004   3.60000E-001   4.05000E-001
   3.06044E-004   4.05000E-001   4.05000E-001
   3.09968E-004   4.05000E-001   4.05000E-001
   3.13892E-004   4.05000E-001   4.05000E-001
   3.17815E-004   4.05000E-001   4.05000E-001
   3.21739E-004   4.05000E-001   4.05000E-001
   3.25663E-004   4.05000E-001   4.05000E-001
   3.29586E-004   4.05000E-001   4.05000E-001
   3.33510E-004   4.05000E-001   4.05000E-001
   3.37434E-004   4.05000E-001   4.05000E-001
   3.41357E-004   4.05000E-001   4.05000E-001
   3.45281E-004   4.05000E-001   4.05000E-001
   3.49205E-004   4.05000E-001   4.05000E-001
   3.53128E-004   4.05000E-001   4.05000E-001
   3.57052E-004   4.05000E-001   4.05000E-001
   3.60976E-004   4.05000E-001   4.05000E-001
   3.64899E-004   4.05000E-001   4.05000E-001
   3.68823E-004   4.05000E-001   4.05000E-001
   3.72747E-004   4.05000E-001   4.05000E-001
   3.76670E-004   4.05000E-001   4.50000E-001
   3.80594E-004   4.05000E-001   4.50000E-001
   3.84517E-004   4.05000E-001   4.50000E-001
   3.88441E-004   4.05000E-001   4.50000E-001
   3.92365E-004   4.05000E-001   4.50000E-001
   3.96288E-004   4.05000E-001   4.50000E-001
   4.00212E-004   4.05000E-001   4.50000E-001
   4.04136E-004   4.05000E-001   4.50000E-001
   4.08059E-004   4.05000E-001   4.50000E-001
   4.11983E-004   4.05000E-001   4.50000E-001
   4.15907E-004   4.05000E-001   4.50000E-001
   4.19830E-004   4.05000E-001   4.50000E-001
   4.23754E-004   4.05000E-001   4.50000E-001
   4.27678E-004   4.05000E-001   4.50000E-001
   4.31601E-004   4.05000E-001   4.50000E-001
   4.35525E-004   4.05000E-001   4.50000E-001
   4.39449E-004   4.05000E-001   4.50000E-001
   4.43372E-004   4.05000E-001   4.50000E-001
   4.47296E-004   4.05000E-001   4.50000E-001
   4.51219E-004   4.05000E-001   4.50000E-001
   4.55143E-004   4.05000E-001   4.50000E-001
   4.59067E-004   4.05000E-001   4.95000E-001
   4.62990E-004   4.05000E-001   4.95000E-001
   4.66914E-004   4.05000E-001   4.95000E-001
   4.70838E-004   4.05000E-001   4.95000E-001
   4.74761E-004   4.05000E-001   4.95000E-001
   4.78685E-004   4.05000E-001   4.95000E-001
   4.82609E-004   4.05000E-001   4.95000E-001
   4.86532E-004   4.05000E-001   4.95000E-001
   4.90456E-004   4.05000E-001   4.95000E-001
   4.94380E-004   4.05000E-001   4.95000E-001
   4.98303E-004   4.05000E-001   4.95000E-001
   5.02227E-004   4.05000E-001   4.95000E-001
   5.06151E-004   4.05000E-001   4.95000E-001
   5.10074E-004   4.05000E-001   4.95000E-001
   5.13998E-004   4.05000E-001   4.95000E-001
   5.17921E-004   4.05000E-001   4.95000E-001
   5.21845E-004   4.05000E-001   4.95000E-001
   5.25769E-004   4.05000E-001   4.95000E-001
   5.29692E-004   4.05000E-001   4.95000E-001
   5.33616E-004   4.05000E-001   4.95000E-001
   5.37540E-004   4.05000E-001   4.95000E-001
   5.41463E-004   4.05000E-001   4.95000E-001
   5.45387E-004   4.05000E-001   4.95000E-001
   5.49311E-004   4.05000E-001   5.40000E-001
   5.53234E-004   4.05000E-001   5.40000E-001
   5.57158E-004   4.05000E-001   5.40000E-001
   5.61082E-004   4.05000E-001   5.40000E-001
   5.65005E-004   4.05000E-001   5.40000E-001
   5.68929E-004   4.05000E-001   5.40000E-001
   5.72853E-004   4.05000E-001   5.40000E-001
   5.76776E-004   4.05000E-001   5.40000E-001
   5.80700E-004   4.05000E-001   5.40000E-001
   5.84623E-004   4.05000E-001   5.40000E-001
   5.88547E-004   4.05000E-001   5.40000E-001
   5.92471E-004   4.05000E-001   5.40000E-001
   5.96394E-004   4.05000E-001   5.40000E-001
   6.00318E-004   4.05000E-001   5.40000E-001
   6.04242E-004   4.05000E-001   5.40000E-001
   6.08165E-004   4.05000E-001   5.40000E-001
   6.12089E-004   4.05000E-001   5.40000E-001
   6.16013E-004   4.05000E-001   5.40000E-001
   6.19936E-004   4.05000E-001   5.40000E-001
   6.23860E-004   4.05000E-001   5.40000E-001
   6.27784E-004   4.05000E-001   5.40000E-001
   6.31707E-004   4.05000E-001   5.40000E-001
   6.35631E-004   4.05000E-001   5.40000E-001
   6.39555E-004   4.05000E-001   5.40000E-001
   6.43478E-004   4.05000E-001   5.40000E-001
   6.47402E-004   4.05000E-001   5.40000E-001
   6.51325E-004   4.05000E-001   5.85000E-001
   6.55249E-004   4.05000E-001   5.85000E-001
   6.59173E-004   4.05000E-001   5.85000E-001
   6.63096E-004   4.05000E-001   5.85000E-001
   6.67020E-004   4.05000E-001   5.85000E-001
   6.70944E-004   4.05000E-001   5.85000E-001
   6.74867E-004   4.05000E-001   5.85000E-001
   6.78791E-004   4.05000E-001   5.85000E-001
   6.82715E-004   4.05000E-001   5.85000E-001
   6.86638E-004   4.05000E-001   5.85000E-001
   6.90562E-004   4.05000E-001   5.85000E-001
   6.94486E-004   4.05000E-001   5.85000E-001
   6.98409E-004   4.05000E-001   5.85000E-001
   7.02333E-004   4.05000E-001   5.85000E-001
   7.06257E-004   4.05000E-001   5.85000E-001
   7.10180E-004   4.05000E-001   5.85000E-001
   7.14104E-004   4.05000E-001   5.85000E-001
   7.18027E-004   4.05000E-001   5.85000E-001
   7.21951E-004   4.05000E-001   5.85000E-001
   7.25875E-004   4.05000E-001   5.85000E-001
   7.29798E-004   4.05000E-001   5.85000E-001
   7.33722E-004   4.05000E-001   5.85000E-001
   7.37646E-004   4.05000E-001   5.85000E-001
   7.41569E-004   4.05000E-001   5.85000E-001
   7.45493E-004   4.05000E-001   5.85000E-001
   7.49417E-004   4.05000E-001   5.85000E-001
   7.53340E-004   4.05000E-001   5.85000E-001
   7.57264E-004   4.05000E-001   5.85000E-001
   7.61188E-004   4.05000E-001   6.30000E-001
   7.65111E-004   4.05000E-001   6.30000E-001
   7.69035E-004   4.05000E-001   6.30000E-001
   7.72959E-004   4.05000E-001   6.30000E-001
   7.76882E-004   4.05000E-001   6.30000E-001
   7.80806E-004   4.05000E-001   6.30000E-001
   7.84729E-004   4.05000E-001   6.30000E-001
   7.88653E-004   4.05000E-001   6.30000E-001
   7.92577E-004   4.05000E-001   6.30000E-001
   7.96500E-004   4.05000E-001   6.30000E-001
   8.00424E-004   4.05000E-001   6.30000E-001
   8.04348E-004   4.05000E-001   6.30000E-001
   8.08271E-004   4.05000E-001   6.30000E-001
   8.12195E-004   4.05000E-001   6.30000E-001
   8.16119E-004   4.05000E-001   6.30000E-001
   8.20042E-004   4.05000E-001   6.30000E-001
   8.23966E-004   4.05000E-001   6.30000E-001
   8.27890E-004   4.05000E-001   6.30000E-001
   8.31813E-004   4.05000E-001   6.30000E-001
   8.35737E-004   4.05000E-001   6.30000E-001
   8.39661E-004   4.05000E-001   6.30000E-001
   8.43584E-004   4.05000E-001   6.30000E-001
   8.47508E-004   4.05000E-001   6.30000E-001
   8.51431E-004   4.05000E-001   6.30000E-001
   8.55355E-004   4.05000E-001   6.30000E-001
   8.59279E-004   4.05000E-001   6.30000E-001
   8.63202E-004   4.05000E-001   6.30000E-001
   8.67126E-004   4.05000E-001   6.30000E-001
   8.71050E-004   4.05000E-001   6.30000E-001
   8.74973E-004   4.05000E-001   6.30000E-001
   8.78897E-004   4.05000E-001   6.75000E-001
   8.82821E-004   4.05000E-001   6.75000E-001
   8.86744E-004   4.05000E-001   6.75000E-001
   8.90668E-004   4.05000E-001   6.75000E-001
   8.94592E-004   4.05000E-001   6.75000E-001
   8.98515E-004   4.05000E-001   6.75000E-001
   9.02439E-004   4.05000E-001   6.75000E-001
   9.06363E-004   4.05000E-001   6.75000E-001
   9.10286E-004   4.05000E-001   6.75000E-001
   9.14210E-004   4.05000E-001   6.75000E-001
   9.18133E-004   4.05000E-001   6.75000E-001
   9.22057E-004   4.05000E-001   6.75000E-001
   9.25981E-004   4.05000E-001   6.75000E-001
   9.29904E-004   4.05000E-001   6.75000E-001
   9.33828E-004   4.05000E-001   6.75000E-001
   9.37752E-004   4.05000E-001   6.75000E-001
   9.41675E-004   4.05000E-001   6.75000E-001
   9.45599E-004   4.05000E-001   6.75000E-001
   9.49523E-004   4.05000E-001   6.75000E-001
   9.53446E-004   4.05000E-001   6.75000E-001
   9.57370E-004   4.05000E-001   6.75000E-001
   9.61294E-004   4.05000E-001   6.75000E-001
   9.65217E-004   4.05000E-001   6.75000E-001
   9.69141E-004   4.05000E-001   6.75000E-001
   9.73065E-004   4.05000E-001   6.75000E-001
   9.76988E-004   4.05000E-001   6.75000E-001
   9.80912E-004   4.05000E-001   6.75000E-001
   9.84835E-004   4.05000E-001   6.75000E-001
   9.88759E-004   4.05000E-001   6.75000E-001
   9.92683E-004   4.05000E-001   6.75000E-001
   9.96606E-004   4.05000E-001   6.75000E-001
   1.00053E-003   4.05000E-001   6.75000E-001
   1.00445E-003   4.05000E-001   7.20000E-001
   1.00838E-003   4.05000E-001   7.20000E-001
   1.01230E-003   4.05000E-001   7.20000E-001
   1.01622E-003   4.05000E-001   7.20000E-001
   1.02015E-003   4.05000E-001   7.20000E-001
   1.02407E-003   4.05000E-001   7.20000E-001
   1.02800E-003   4.05000E-001   7.20000E-001
   1.03192E-003   4.05000E-001   7.20000E-001
   1.03584E-003   4.05000E-001   7.20000E-001
   1.03977E-003   4.05000E-001   7.20000E-001
   1.04369E-003   4.05000E-001   7.20000E-001
   1.04761E-003   4.05000E-001   7.20000E-001
   1.05154E-003   4.05000E-001   7.20000E-001
   1.05546E-003   4.05000E-001   7.20000E-001
   1.05938E-003   4.05000E-001   7.20000E-001
   1.06331E-003   4.05000E-001   7.20000E-001
   1.06723E-003   4.05000E-001   7.20000E-001
   1.07116E-003   4.05000E-001   7.20000E-001
   1.07508E-003   4.05000E-001   7.20000E-001
   1.07900E-003   4.05000E-001   7.20000E-001
   1.08293E-003   4.05000E-001   7.20000E-001
   1.08685E-003   4.05000E-001   7.20000E-001
   1.09077E-003   4.05000E-001   7.20000E-001
   1.09470E-003   4.05000E-001   7.20000E-001
   1.09862E-003   4.05000E-001   7.20000E-001
   1.10254E-003   4.05000E-001   7.20000E-001
   1.10647E-003   4.05000E-001   7.20000E-001
   1.11039E-003   4.05000E-001   7.20000E-001
   1.11432E-003   4.05000E-001   7.20000E-001
   1.11824E-003   4.05000E-001   7.20000E-001
   1.12216E-003   4.05000E-001   7.20000E-001
   1.12609E-003   4.05000E-001   7.20000E-001
   1.13001E-003   4.05000E-001   7.20000E-001
   1.13393E-003   4.05000E-001   7.20000E-001
   1.13786E-003   4.05000E-001   7.20000E-001
   1.14178E-003   4.05000E-001   7.65000E-001
   1.14571E-003   4.05000E-001   7.65000E-001
   1.14963E-003   4.05000E-001   7.65000E-001
   1.15355E-003   4.05000E-001   7.65000E-001
   1.15748E-003   4.05000E-001   7.65000E-001
   1.16140E-003   4.05000E-001   7.65000E-001
   1.16532E-003   4.05000E-001   7.65000E-001
   1.16925E-003   4.05000E-001   7.65000E-001
   1.17317E-003   4.05000E-001   7.65000E-001
   1.17709E-003   4.05000E-001   7.65000E-001
   1.18102E-003   4.05000E-001   7.65000E-001
   1.18494E-003   4.05000E-001   7.65000E-001
   1.18887E-003   4.05000E-001   7.65000E-001
   1.19279E-003   4.05000E-001   7.65000E-001
   1.19671E-003   4.05000E-001   7.65000E-001
   1.20064E-003   4.05000E-001   7.65000E-001
   1.20456E-003   4.05000E-001   7.65000E-001
   1.20848E-003   4.05000E-001   7.65000E-001
   1.21241E-003   4.05000E-001   7.65000E-001
   1.21633E-003   4.05000E-001   7.65000E-001
   1.22025E-003   4.05000E-001   7.65000E-001
   1.22418E-003   4.05000E-001   7.65000E-001
   1.22810E-003   4.05000E-001   7.65000E-001
   1.23203E-003   4.05000E-001   7.65000E-001
   1.23595E-003   4.05000E-001   7.65000E-001
   1.23987E-003   4.05000E-001   7.65000E-001
   1.24380E-003   4.05000E-001   7.65000E-001
   1.24772E-003   4.05000E-001   7.65000E-001
   1.25164E-003   4.05000E-001   7.65000E-001
   1.25557E-003   4.05000E-001   7.65000E-001
   1.25949E-003   4.05000E-001   7.65000E-001
   1.26341E-003   4.05000E-001   7.65000E-001
   1.26734E-003   4.05000E-001   7.65000E-001
   1.27126E-003   4.05000E-001   7.65000E-001
   1.27519E-003   4.05000E-001   7.65000E-001
   1.27911E-003   4.05000E-001   7.65000E-001
   1.28303E-003   4.05000E-001   7.65000E-001
   1.28696E-003   4.05000E-001   7.65000E-001
   1.29088E-003   4.05000E-001   8.10000E-001
   1.29480E-003   4.05000E-001   8.10000E-001
   1.29873E-003   4.05000E-001   8.10000E-001
   1.30265E-003   4.05000E-001   8.10000E-001
   1.30657E-003   4.05000E-001   8.10000E-001
   1.31050E-003   4.05000E-001   8.10000E-001
   1.31442E-003   4.05000E-001   8.10000E-001
   1.31835E-003   4.05000E-001   8.10000E-001
   1.32227E-003   4.05000E-001   8.10000E-001
   1.32619E-003   4.05000E-001   8.10000E-001
   1.33012E-003   4.05000E-001   8.10000E-001
   1.33404E-003   4.05000E-001   8.10000E-001
   1.33796E-003   4.05000E-001   8.10000E-001
   1.34189E-003   4.05000E-001   8.10000E-001
   1.34581E-003   4.05000E-001   8.10000E-001
   1.34973E-003   4.05000E-001   8.10000E-001
   1.35366E-003   4.05000E-001   8.10000E-001
   1.35758E-003   4.05000E-001   8.10000E-001
   1.36151E-003   4.05000E-001   8.10000E-001
   1.36543E-003   4.05000E-001   8.10000E-001
   1.36935E-003   4.05000E-001   8.10000E-001
   1.37328E-003   4.05000E-001   8.10000E-001
   1.37720E-003   4.05000E-001   8.10000E-001
   1.38112E-003   4.05000E-001   8.10000E-001
   1.38505E-003   4.05000E-001   8.10000E-001
   1.38897E-003   4.05000E-001   8.10000E-001
   1.39289E-003   4.05000E-001   8.10000E-001
   1.39682E-003   4.05000E-001   8.10000E-001
   1.40074E-003   4.05000E-001   8.10000E-001
   1.40467E-003   4.05000E-001   8.10000E-001
   1.40859E-003   4.05000E-001   8.10000E-001
   1.41251E-003   4.05000E-001   8.10000E-001
   1.41644E-003   4.05000E-001   8.10000E-001
   1.42036E-003   4.05000E-001   8.10000E-001
   1.42428E-003   4.05000E-001   8.10000E-001
   1.42821E-003   4.05000E-001   8.10000E-001
   1.43213E-003   4.05000E-001   8.10000E-001
   1.43605E-003   4.05000E-001   8.10000E-001
   1.43998E-003   4.05000E-001   8.10000E-001
   1.44390E-003   4.05000E-001   8.10000E-001
   1.44783E-003   4.05000E-001   8.55000E-001
   1.45175E-003   4.05000E-001   8.55000E-001
   1.45567E-003   4.05000E-001   8.55000E-001
   1.45960E-003   4.05000E-001   8.55000E-001
   1.46352E-003   4.05000E-001   8.55000E-001
   1.46744E-003   4.05000E-001   8.55000E-001
   1.47137E-003   4.05000E-001   8.55000E-001
   1.47529E-003   4.05000E-001   8.55000E-001
   1.47922E-003   4.05000E-001   8.55000E-001
   1.48314E-003   4.05000E-001   8.55000E-001
   1.48706E-003   4.05000E-001   8.55000E-001
   1.49099E-003   4.05000E-001   8.55000E-001
   1.49491E-003   4.05000E-001   8.55000E-001
   1.49883E-003   4.05000E-001   8.55000E-001
   1.50276E-003   4.05000E-001   8.55000E-001
   1.50668E-003   4.05000E-001   8.55000E-001
   1.51060E-003   4.05000E-001   8.55000E-001
   1.51453E-003   4.05000E-001   8.55000E-001
   1.51845E-003   4.05000E-001   8.55000E-001
   1.52238E-003   4.05000E-001   8.55000E-001
   1.52630E-003   4.05000E-001   8.55000E-001
   1.53022E-003   4.05000E-001   8.55000E-001
   1.53415E-003   4.05000E-001   8.55000E-001
   1.53807E-003   4.05000E-001   8.55000E-001
   1.54199E-003   4.05000E-001   8.55000E-001
   1.54592E-003   4.05000E-001   8.55000E-001
   1.54984E-003   4.05000E-001   8.55000E-001
   1.55376E-003   4.05000E-001   8.55000E-001
   1.55769E-003   4.05000E-001   8.55000E-001
   1.56161E-003   4.05000E-001   8.55000E-001
   1.56554E-003   4.05000E-001   8.55000E-001
   1.56946E-003   4.05000E-001   8.55000E-001
   1.57338E-003   4.05000E-001   8.55000E-001
   1.57731E-003   4.05000E-001   8.55000E-001
   1.58123E-003   4.05000E-001   8.55000E-001
   1.58515E-003   4.05000E-001   8.55000E-001
   1.58908E-003   4.05000E-001   8.55000E-001
   1.59300E-003   4.05000E-001   8.55000E-001
   1.59692E-003   4.05000E-001   8.55000E-001
   1.60085E-003   4.05000E-001   8.55000E-001
   1.60477E-003   4.05000E-001   8.55000E-001
   1.60870E-003   4.05000E-001   8.55000E-001
   1.61262E-003   4.05000E-001   9.00000E-001
   1.61654E-003   4.05000E-001   9.00000E-001
   1.62047E-003   4.05000E-001   9.00000E-001
   1.62439E-003   4.05000E-001   9.00000E-001
   1.62831E-003   4.05000E-001   9.00000E-001
   1.63224E-003   4.05000E-001   9.00000E-001
   1.63616E-003   4.05000E-001   9.00000E-001
   1.64008E-003   4.05000E-001   9.00000E-001
   1.64401E-003   4.05000E-001   9.00000E-001
   1.64793E-003   4.05000E-001   9.00000E-001
   1.65186E-003   4.05000E-001   9.00000E-001
   1.65578E-003   4.05000E-001   9.00000E-001
   1.65970E-003   4.05000E-001   9.00000E-001
   1.66363E-003   4.05000E-001   9.00000E-001
   1.66755E-003   4.05000E-001   9.00000E-001
   1.67147E-003   4.05000E-001   9.00000E-001
   1.67540E-003   4.05000E-001   9.00000E-001
   1.67932E-003   4.05000E-001   9.00000E-001
   1.68324E-003   4.05000E-001   9.00000E-001
   1.68717E-003   4.05000E-001   9.00000E-001
   1.69109E-003   4.05000E-001   9.00000E-001
   1.69502E-003   4.05000E-001   9.00000E-001
   1.69894E-003   4.05000E-001   9.00000E-001
   1.70286E-003   4.05000E-001   9.00000E-001
   1.70679E-003   4.05000E-001   9.00000E-001
   1.71071E-003   4.05000E-001   9.00000E-001
   1.71463E-003   4.05000E-001   9.00000E-001
   1.71856E-003   4.05000E-001   9.00000E-001
   1.72248E-003   4.05000E-001   9.00000E-001
   1.72640E-003   4.05000E-001   9.00000E-001
   1.73033E-003   4.05000E-001   9.00000E-001
   1.73425E-003   4.05000E-001   9.00000E-001
   1.73818E-003   4.05000E-001   9.00000E-001
   1.74210E-003   4.05000E-001   9.00000E-001
   1.74602E-003   4.05000E-001   9.00000E-001
   1.74995E-003   4.05000E-001   9.00000E-001
   1.75387E-003   4.05000E-001   9.00000E-001
   1.75779E-003   4.05000E-001   9.00000E-001
   1.76172E-003   4.05000E-001   9.00000E-001
   1.76564E-003   4.05000E-001   9.00000E-001
   1.76956E-003   4.05000E-001   9.00000E-001
   1.77349E-003   4.05000E-001   9.00000E-001
   1.77741E-003   4.05000E-001   9.00000E-001
   1.78134E-003   4.05000E-001   9.00000E-001
   1.78526E-003   4.05000E-001   9.00000E-001
   1.78918E-003   4.05000E-001   9.45000E-001
   1.79311E-003   4.05000E-001   9.45000E-001
   1.79703E-003   4.05000E-001   9.45000E-001
   1.80095E-003   4.05000E-001   9.45000E-001
   1.80488E-003   4.05000E-001   9.45000E-001
   1.80880E-003   4.05000E-001   9.45000E-001
   1.81273E-003   4.05000E-001   9.45000E-001
   1.81665E-003   4.05000E-001   9.45000E-001
   1.82057E-003   4.05000E-001   9.45000E-001
   1.82450E-003   4.05000E-001   9.45000E-001
   1.82842E-003   4.05000E-001   9.45000E-001
   1.83234E-003   4.05000E-001   9.45000E-001
   1.83627E-003   4.05000E-001   9.45000E-001
   1.84019E-003   4.05000E-001   9.45000E-001
   1.84411E-003   4.05000E-001   9.45000E-001
   1.84804E-003   4.05000E-001   9.45000E-001
   1.85196E-003   4.05000E-001   9.45000E-001
   1.85589E-003   4.05000E-001   9.45000E-001
   1.85981E-003   4.05000E-001   9.45000E-001
   1.86373E-003   4.05000E-001   9.45000E-001
   1.86766E-003   4.05000E-001   9.45000E-001
   1.87158E-003   4.05000E-001   9.45000E-001
   1.87550E-003   4.05000E-001   9.45000E-001
   1.87943E-003   1.80000E-001   9.45000E-001
   1.88335E-003   1.35000E-001   9.45000E-001
   1.88727E-003   9.00000E-002   9.45000E-001
   1.89120E-003   4.50000E-002   9.45000E-001
   1.89512E-003   0.00000E+000   9.45000E-001
   1.89905E-003   0.00000E+000   9.45000E-001
   1.90297E-003   0.00000E+000   9.45000E-001
   1.90689E-003   0.00000E+000   9.45000E-001
   1.91082E-003   0.00000E+000   9.45000E-001
   1.91474E-003   0.00000E+000   9.45000E-001
   1.91866E-003   0.00000E+000   9.45000E-001
   1.92259E-003   0.00000E+000   0.00000E+000
   1.92651E-003   0.00000E+000   0.00000E+000
   1.93043E-003   0.00000E+000   0.00000E+000
   1.93436E-003   0.00000E+000   0.00000E+000
   1.93828E-003   0.00000E+000   0.00000E+000
   1.94221E-003   0.00000E+000   0.00000E+000
   1.94613E-003   0.00000E+000   0.00000E+000
   1.95005E-003   0.00000E+000   0.00000E+000
   1.95398E-003   0.00000E+000   0.00000E+000
   1.95790E-003   0.00000E+000   0.00000E+000
   1.96182E-003   0.00000E+000   0.00000E+000
   1.96575E-003   0.00000E+000   0.00000E+000
   1.96967E-003   0.00000E+000   0.00000E+000
   1.97359E-003   0.00000E+000   0.00000E+000
   1.97752E-003   0.00000E+000   0.00000E+000
   1.98144E-003   0.00000E+000   0.00000E+000
   1.98537E-003   0.00000E+000   0.00000E+000
   1.98929E-003   0.00000E+000   0.00000E+000
   1.99321E-003   0.00000E+000   0.00000E+000
   1.99714E-003   0.00000E+000   0.00000E+000
   2.00106E-003   0.00000E+000   0.00000E+000
   2.00498E-003   0.00000E+000   0.00000E+000
   2.00891E-003   0.00000E+000   0.00000E+000
   2.01283E-003   0.00000E+000   0.00000E+000
   2.01675E-003   0.00000E+000   0.00000E+000
   2.02068E-003   0.00000E+000   0.00000E+000
   2.02460E-003   0.00000E+000   0.00000E+000
   2.02853E-003   0.00000E+000   0.00000E+000
   2.03245E-003   0.00000E+000   0.00000E+000
   2.03637E-003   0.00000E+000   0.00000E+000
   2.04030E-003   0.00000E+000   0.00000E+000
   2.04422E-003   0.00000E+000   0.00000E+000
   2.04814E-003   0.00000E+000   0.00000E+000
   2.05207E-003   0.00000E+000   0.00000E+000
   2.05599E-003   0.00000E+000   0.00000E+000
   2.05991E-003   0.00000E+000   0.00000E+000
   2.06384E-003   0.00000E+000   0.00000E+000
   2.06776E-003   0.00000E+000   0.00000E+000
   2.07169E-003   0.00000E+000   0.00000E+000
   2.07561E-003   0.00000E+000   0.00000E+000
   2.07953E-003   0.00000E+000   0.00000E+000
   2.08346E-003   0.00000E+000   0.00000E+000
   2.08738E-003   0.00000E+000   0.00000E+000
   2.09130E-003   0.00000E+000   0.00000E+000
   2.09523E-003   0.00000E+000   0.00000E+000
   2.09915E-003   0.00000E+000   0.00000E+000
   2.10308E-003   0.00000E+000   0.00000E+000
   2.10700E-003   0.00000E+000   0.00000E+000
   2.11092E-003   0.00000E+000   0.00000E+000
   2.11485E-003   0.00000E+000   0.00000E+000
   2.11877E-003   0.00000E+000   0.00000E+000
   2.12269E-003   0.00000E+000   0.00000E+000
   2.12662E-003   0.00000E+000   0.00000E+000
   2.13054E-003   0.00000E+000   0.00000E+000
   2.13446E-003   0.00000E+000   0.00000E+000
   2.13839E-003   0.00000E+000   0.00000E+000
   2.14231E-003   0.00000E+000   0.00000E+000
   2.14624E-003   0.00000E+000   0.00000E+000
   2.15016E-003   0.00000E+000   0.00000E+000
   2.15408E-003   0.00000E+000   0.00000E+000
   2.15801E-003   0.00000E+000   0.00000E+000
   2.16193E-003   0.00000E+000   0.00000E+000
   2.16585E-003   0.00000E+000   0.00000E+000
   2.16978E-003   0.00000E+000   0.00000E+000
   2.17370E-003   0.00000E+000   0.00000E+000
   2.17762E-003   0.00000E+000   0.00000E+000
   2.18155E-003   0.00000E+000   0.00000E+000
   2.18547E-003   0.00000E+000   0.00000E+000
   2.18940E-003   0.00000E+000   0.00000E+000
   2.19332E-003   0.00000E+000   0.00000E+000
   2.19724E-003   0.00000E+000   0.00000E+000
   2.20117E-003   0.00000E+000   0.00000E+000
   2.20509E-003   0.00000E+000   0.00000E+000
   2.20901E-003   0.00000E+000   0.00000E+000
   2.21294E-003   0.00000E+000   0.00000E+000
   2.21686E-003   0.00000E+000   0.00000E+000
   2.22078E-003   0.00000E+000   0.00000E+000
   2.22471E-003   0.00000E+000   0.00000E+000
   2.22863E-003   0.00000E+000   0.00000E+000
   2.23256E-003   0.00000E+000   0.00000E+000
   2.23648E-003   0.00000E+000   0.00000E+000
   2.24040E-003   0.00000E+000   0.00000E+000
   2.24433E-003   0.00000E+000   0.00000E+000
   2.24825E-003   0.00000E+000   0.00000E+000
   2.25217E-003   0.00000E+000   0.00000E+000
   2.25610E-003   0.00000E+000   0.00000E+000
   2.26002E-003   0.00000E+000   0.00000E+000
   2.26394E-003   0.00000E+000   0.00000E+000
   2.26787E-003   0.00000E+000   0.00000E+000
   2.27179E-003   0.00000E+000   0.00000E+000
   2.27572E-003   0.00000E+000   0.00000E+000
   2.27964E-003   0.00000E+000   0.00000E+000
   2.28356E-003   0.00000E+000   0.00000E+000
   2.28749E-003   0.00000E+000   0.00000E+000
   2.29141E-003   0.00000E+000   0.00000E+000
   2.29533E-003   0.00000E+000   0.00000E+000
   2.29926E-003   0.00000E+000   0.00000E+000
   2.30318E-003   0.00000E+000   0.00000E+000
   2.30710E-003   0.00000E+000   0.00000E+000
   2.31103E-003   0.00000E+000   0.00000E+000
   2.31495E-003   0.00000E+000   0.00000E+000
   2.31888E-003   0.00000E+000   0.00000E+000
   2.32280E-003   0.00000E+000   0.00000E+000
   2.32672E-003   0.00000E+000   0.00000E+000
   2.33065E-003   0.00000E+000   0.00000E+000
   2.33457E-003   0.00000E+000   0.00000E+000
   2.33849E-003   0.00000E+000   0.00000E+000
   2.34242E-003   0.00000E+000   0.00000E+000
   2.34634E-003   0.00000E+000   0.00000E+000
   2.35026E-003   0.00000E+000   0.00000E+000
   2.35419E-003   0.00000E+000   0.00000E+000
   2.35811E-003   0.00000E+000   0.00000E+000
   2.36204E-003   0.00000E+000   0.00000E+000
   2.36596E-003   0.00000E+000   0.00000E+000
   2.36988E-003   0.00000E+000   0.00000E+000
   2.37381E-003   0.00000E+000   0.00000E+000
   2.37773E-003   0.00000E+000   0.00000E+000
   2.38165E-003   0.00000E+000   0.00000E+000
   2.38558E-003   0.00000E+000   0.00000E+000
   2.38950E-003   0.00000E+000   0.00000E+000
   2.39342E-003   0.00000E+000   0.00000E+000
   2.39735E-003   0.00000E+000   0.00000E+000
   2.40127E-003   0.00000E+000   0.00000E+000
   2.40520E-003   0.00000E+000   0.00000E+000
   2.40912E-003   0.00000E+000   0.00000E+000
   2.41304E-003   0.00000E+000   0.00000E+000
   2.41697E-003   0.00000E+000   0.00000E+000
   2.42089E-003   0.00000E+000   0.00000E+000
   2.42481E-003   0.00000E+000   0.00000E+000
   2.42874E-003   0.00000E+000   0.00000E+000
   2.43266E-003   0.00000E+000   0.00000E+000
   2.43659E-003   0.00000E+000   0.00000E+000
   2.44051E-003   0.00000E+000   0.00000E+000
   2.44443E-003   0.00000E+000   0.00000E+000
   2.44836E-003   0.00000E+000   0.00000E+000
   2.45228E-003   0.00000E+000   0.00000E+000
   2.45620E-003   0.00000E+000   0.00000E+000
   2.46013E-003   0.00000E+000   0.00000E+000
   2.46405E-003   0.00000E+000   0.00000E+000
   2.46797E-003   0.00000E+000   0.00000E+000
   2.47190E-003   0.00000E+000   0.00000E+000
   2.47582E-003   0.00000E+000   0.00000E+000
   2.47975E-003   0.00000E+000   0.00000E+000
   2.48367E-003   0.00000E+000   0.00000E+000
   2.48759E-003   0.00000E+000   0.00000E+000
   2.49152E-003   0.00000E+000   0.00000E+000
   2.49544E-003   0.00000E+000   0.00000E+000
   2.49936E-003   0.00000E+000   0.00000E+000
   2.50329E-003   0.00000E+000   0.00000E+000
   2.50721E-003   0.00000E+000   0.00000E+000
   2.51113E-003   0.00000E+000   0.00000E+000
   2.51506E-003   0.00000E+000   0.00000E+000
   2.51898E-003   0.00000E+000   0.00000E+000
   2.52291E-003   0.00000E+000   0.00000E+000
   2.52683E-003   0.00000E+000   0.00000E+000
   2.53075E-003   0.00000E+000   0.00000E+000
   2.53468E-003   0.00000E+000   0.00000E+000
   2.53860E-003   0.00000E+000   0.00000E+000
   2.54252E-003   0.00000E+000   0.00000E+000
   2.54645E-003   0.00000E+000   0.00000E+000
   2.55037E-003   0.00000E+000   0.00000E+000
   2.55429E-003   0.00000E+000   0.00000E+000
   2.55822E-003   0.00000E+000   0.00000E+000
   2.56214E-003   0.00000E+000   0.00000E+000
   2.56607E-003   0.00000E+000   0.00000E+000
   2.56999E-003   0.00000E+000   0.00000E+000
   2.57391E-003   0.00000E+000   0.00000E+000
   2.57784E-003   0.00000E+000   0.00000E+000
   2.58176E-003   0.00000E+000   0.00000E+000
   2.58568E-003   0.00000E+000   0.00000E+000
   2.58961E-003   0.00000E+000   0.00000E+000
   2.59353E-003   0.00000E+000   0.00000E+000
   2.59745E-003   0.00000E+000   0.00000E+000
   2.60138E-003   0.00000E+000   0.00000E+000
   2.60530E-003   0.00000E+000   0.00000E+000
   2.60923E-003   0.00000E+000   0.00000E+000
   2.61315E-003   0.00000E+000   0.00000E+000
   2.61707E-003   0.00000E+000   0.00000E+000
   2.62100E-003   0.00000E+000   0.00000E+000
   2.62492E-003   0.00000E+000   0.00000E+000
   2.62884E-003   0.00000E+000   0.00000E+000
   2.63277E-003   0.00000E+000   0.00000E+000
   2.63669E-003   0.00000E+000   0.00000E+000
   2.64061E-003   0.00000E+000   0.00000E+000
   2.64454E-003   0.00000E+000   0.00000E+000
   2.64846E-003   0.00000E+000   0.00000E+000
   2.65239E-003   0.00000E+000   0.00000E+000
   2.65631E-003   0.00000E+000   0.00000E+000
   2.66023E-003   0.00000E+000   0.00000E+000
   2.66416E-003   0.00000E+000   0.00000E+000
   2.66808E-003   0.00000E+000   0.00000E+000
   2.67200E-003   0.00000E+000   0.00000E+000
   2.67593E-003   0.00000E+000   0.00000E+000
   2.67985E-003   0.00000E+000   0.00000E+000
   2.68377E-003   0.00000E+000   0.00000E+000
   2.68770E-003   0.00000E+000   0.00000E+000
   2.69162E-003   0.00000E+000   0.00000E+000
   2.69555E-003   0.00000E+000   0.00000E+000
   2.69947E-003   0.00000E+000   0.00000E+000
   2.70339E-003   0.00000E+000   0.00000E+000
   2.70732E-003   0.00000E+000   0.00000E+000
   2.71124E-003   0.00000E+000   0.00000E+000
   2.71516E-003   0.00000E+000   0.00000E+000
   2.71909E-003   0.00000E+000   0.00000E+000
   2.72301E-003   0.00000E+000   0.00000E+000
   2.72693E-003   0.00000E+000   0.00000E+000
   2.73086E-003   0.00000E+000   0.00000E+000
   2.73478E-003   0.00000E+000   0.00000E+000
   2.73871E-003   0.00000E+000   0.00000E+000
   2.74263E-003   0.00000E+000   0.00000E+000
   2.74655E-003   0.00000E+000   0.00000E+000
   2.75048E-003   0.00000E+000   0.00000E+000
   2.75440E-003   0.00000E+000   0.00000E+000
   2.75832E-003   0.00000E+000   0.00000E+000
   2.76225E-003   0.00000E+000   0.00000E+000
   2.76617E-003   0.00000E+000   0.00000E+000
   2.77010E-003   0.00000E+000   0.00000E+000
   2.77402E-003   0.00000E+000   0.00000E+000
   2.77794E-003   0.00000E+000   0.00000E+000
   2.78187E-003   0.00000E+000   0.00000E+000
   2.78579E-003   0.00000E+000   0.00000E+000
   2.78971E-003   0.00000E+000   0.00000E+000
   2.79364E-003   0.00000E+000   0.00000E+000
   2.79756E-003   0.00000E+000   0.00000E+000
   2.80148E-003   0.00000E+000   0.00000E+000
   2.80541E-003   0.00000E+000   0.00000E+000
   2.80933E-003   0.00000E+000   0.00000E+000
   2.81326E-003   0.00000E+000   0.00000E+000
   2.81718E-003   0.00000E+000   0.00000E+000
   2.82110E-003   0.00000E+000   0.00000E+000
   2.82503E-003   0.00000E+000   0.00000E+000
   2.82895E-003   0.00000E+000   0.00000E+000
   2.83287E-003   0.00000E+000   0.00000E+000
   2.83680E-003   0.00000E+000   0.00000E+000
   2.84072E-003   0.00000E+000   0.00000E+000
   2.84464E-003   0.00000E+000   0.00000E+000
   2.84857E-003   0.00000E+000   0.00000E+000
   2.85249E-003   0.00000E+000   0.00000E+000
   2.85642E-003   0.00000E+000   0.00000E+000
   2.86034E-003   0.00000E+000   0.00000E+000
   2.86426E-003   0.00000E+000   0.00000E+000
   2.86819E-003   0.00000E+000   0.00000E+000
   2.87211E-003   0.00000E+000   0.00000E+000
   2.87603E-003   0.00000E+000   0.00000E+000
   2.87996E-003   0.00000E+000   0.00000E+000
   2.88388E-003   0.00000E+000   0.00000E+000
   2.88780E-003   0.00000E+000   0.00000E+000
   2.89173E-003   0.00000E+000   0.00000E+000
   2.89565E-003   0.00000E+000   0.00000E+000
   2.89958E-003   0.00000E+000   0.00000E+000
   2.90350E-003   0.00000E+000   0.00000E+000
   2.90742E-003   0.00000E+000   0.00000E+000
   2.91135E-003   0.00000E+000   0.00000E+000
   2.91527E-003   0.00000E+000   0.00000E+000
   2.91919E-003   0.00000E+000   0.00000E+000
   2.92312E-003   0.00000E+000   0.00000E+000
   2.92704E-003   0.00000E+000   0.00000E+000
   2.93096E-003   0.00000E+000   0.00000E+000
   2.93489E-003   0.00000E+000   0.00000E+000
   2.93881E-003   0.00000E+000   0.00000E+000
   2.94274E-003   0.00000E+000   0.00000E+000
   2.94666E-003   0.00000E+000   0.00000E+000
   2.95058E-003   0.00000E+000   0.00000E+000
   2.95451E-003   0.00000E+000   0.00000E+000
   2.95843E-003   0.00000E+000   0.00000E+000
   2.96235E-003   0.00000E+000   0.00000E+000
   2.96628E-003   0.00000E+000   0.00000E+000
   2.97020E-003   0.00000E+000   0.00000E+000
   2.97412E-003   0.00000E+000   0.00000E+000
   2.97805E-003   0.00000E+000   0.00000E+000
   2.98197E-003   0.00000E+000   0.00000E+000
   2.98590E-003   0.00000E+000   0.00000E+000
   2.98982E-003   0.00000E+000   0.00000E+000
   2.99374E-003   0.00000E+000   0.00000E+000
   2.99767E-003   0.00000E+000   0.00000E+000
   3.00159E-003   0.00000E+000   0.00000E+000
   3.00551E-003   0.00000E+000   0.00000E+000
   3.00944E-003   0.00000E+000   0.00000E+000
   3.01336E-003   0.00000E+000   0.00000E+000
   3.01728E-003   0.00000E+000   0.00000E+000
   3.02121E-003   0.00000E+000   0.00000E+000
   3.02513E-003   0.00000E+000   0.00000E+000
   3.02906E-003   0.00000E+000   0.00000E+000
   3.03298E-003   0.00000E+000   0.00000E+000
   3.03690E-003   0.00000E+000   0.00000E+000
   3.04083E-003   0.00000E+000   0.00000E+000
   3.04475E-003   0.00000E+000   0.00000E+000
   3.04867E-003   0.00000E+000   0.00000E+000
   3.05260E-003   0.00000E+000   0.00000E+000
   3.05652E-003   0.00000E+000   0.00000E+000
   3.06044E-003   0.00000E+000   0.00000E+000
   3.06437E-003   0.00000E+000   0.00000E+000
   3.06829E-003   0.00000E+000   0.00000E+000
   3.07222E-003   0.00000E+000   0.00000E+000
   3.07614E-003   0.00000E+000   0.00000E+000
   3.08006E-003   0.00000E+000   0.00000E+000
   3.08399E-003   0.00000E+000   0.00000E+000
   3.08791E-003   0.00000E+000   0.00000E+000
   3.09183E-003   0.00000E+000   0.00000E+000
   3.09576E-003   0.00000E+000   0.00000E+000
   3.09968E-003   0.00000E+000   0.00000E+000
   3.10361E-003   0.00000E+000   0.00000E+000
   3.10753E-003   0.00000E+000   0.00000E+000
   3.11145E-003   0.00000E+000   0.00000E+000
   3.11538E-003   0.00000E+000   0.00000E+000
   3.11930E-003   0.00000E+000   0.00000E+000
   3.12322E-003   0.00000E+000   0.00000E+000
   3.12715E-003   0.00000E+000   0.00000E+000
   3.13107E-003   0.00000E+000   0.00000E+000
   3.13499E-003   0.00000E+000   0.00000E+000
   3.13892E-003   0.00000E+000   0.00000E+000
   3.14284E-003   0.00000E+000   0.00000E+000
   3.14677E-003   0.00000E+000   0.00000E+000
   3.15069E-003   0.00000E+000   0.00000E+000
   3.15461E-003   0.00000E+000   0.00000E+000
   3.15854E-003   0.00000E+000   0.00000E+000
   3.16246E-003   0.00000E+000   0.00000E+000
   3.16638E-003   0.00000E+000   0.00000E+000
   3.17031E-003   0.00000E+000   0.00000E+000
   3.17423E-003   0.00000E+000   0.00000E+000
   3.17815E-003   0.00000E+000   0.00000E+000
   3.18208E-003   0.00000E+000   0.00000E+000
   3.18600E-003   0.00000E+000   0.00000E+000
   3.18993E-003   0.00000E+000   0.00000E+000
   3.19385E-003   0.00000E+000   0.00000E+000
   3.19777E-003   0.00000E+000   0.00000E+000
   3.20170E-003   0.00000E+000   0.00000E+000
   3.20562E-003   0.00000E+000   0.00000E+000
   3.20954E-003   0.00000E+000   0.00000E+000
   3.21347E-003   0.00000E+000   0.00000E+000
   3.21739E-003   0.00000E+000   0.00000E+000
   3.22131E-003   0.00000E+000   0.00000E+000
   3.22524E-003   0.00000E+000   0.00000E+000
   3.22916E-003   0.00000E+000   0.00000E+000
   3.23309E-003   0.00000E+000   0.00000E+000
   3.23701E-003   0.00000E+000   0.00000E+000
   3.24093E-003   0.00000E+000   0.00000E+000
   3.24486E-003   0.00000E+000   0.00000E+000
   3.24878E-003   0.00000E+000   0.00000E+000
   3.25270E-003   0.00000E+000   0.00000E+000
   3.25663E-003   0.00000E+000   0.00000E+000
   3.26055E-003   0.00000E+000   0.00000E+000
   3.26447E-003   0.00000E+000   0.00000E+000
   3.26840E-003   0.00000E+000   0.00000E+000
   3.27232E-003   0.00000E+000   0.00000E+000
   3.27625E-003   0.00000E+000   0.00000E+000
   3.28017E-003   0.00000E+000   0.00000E+000
   3.28409E-003   0.00000E+000   0.00000E+000
   3.28802E-003   0.00000E+000   0.00000E+000
   3.29194E-003   0.00000E+000   0.00000E+000
   3.29586E-003   0.00000E+000   0.00000E+000
   3.29979E-003   0.00000E+000   0.00000E+000
   3.30371E-003   0.00000E+000   0.00000E+000
   3.30763E-003   0.00000E+000   0.00000E+000
   3.31156E-003   0.00000E+000   0.00000E+000
   3.31548E-003   0.00000E+000   0.00000E+000
   3.31941E-003   0.00000E+000   0.00000E+000
   3.32333E-003   0.00000E+000   0.00000E+000
   3.32725E-003   0.00000E+000   0.00000E+000
   3.33118E-003   0.00000E+000   0.00000E+000
   3.33510E-003   0.00000E+000   0.00000E+000
   3.33902E-003   0.00000E+000   0.00000E+000
   3.34295E-003   0.00000E+000   0.00000E+000
   3.34687E-003   0.00000E+000   0.00000E+000
   3.35079E-003   0.00000E+000   0.00000E+000
   3.35472E-003   0.00000E+000   0.00000E+000
   3.35864E-003   0.00000E+000   0.00000E+000
   3.36257E-003   0.00000E+000   0.00000E+000
   3.36649E-003   0.00000E+000   0.00000E+000
   3.37041E-003   0.00000E+000   0.00000E+000
   3.37434E-003   0.00000E+000   0.00000E+000
   3.37826E-003   0.00000E+000   0.00000E+000
   3.38218E-003   0.00000E+000   0.00000E+000
   3.38611E-003   0.00000E+000   0.00000E+000
   3.39003E-003   0.00000E+000   0.00000E+000
   3.39395E-003   0.00000E+000   0.00000E+000
   3.39788E-003   0.00000E+000   0.00000E+000
   3.40180E-003   0.00000E+000   0.00000E+000
   3.40573E-003   0.00000E+000   0.00000E+000
   3.40965E-003   0.00000E+000   0.00000E+000
   3.41357E-003   0.00000E+000   0.00000E+000
   3.41750E-003   0.00000E+000   0.00000E+000
   3.42142E-003   0.00000E+000   0.00000E+000
   3.42534E-003   0.00000E+000   0.00000E+000
   3.42927E-003   0.00000E+000   0.00000E+000
   3.43319E-003   0.00000E+000   0.00000E+000
   3.43712E-003   0.00000E+000   0.00000E+000
   3.44104E-003   0.00000E+000   0.00000E+000
   3.44496E-003   0.00000E+000   0.00000E+000
   3.44889E-003   0.00000E+000   0.00000E+000
   3.45281E-003   0.00000E+000   0.00000E+000
   3.45673E-003   0.00000E+000   0.00000E+000
   3.46066E-003   0.00000E+000   0.00000E+000
   3.46458E-003   0.00000E+000   0.00000E+000
   3.46850E-003   0.00000E+000   0.00000E+000
   3.47243E-003   0.00000E+000   0.00000E+000
   3.47635E-003   0.00000E+000   0.00000E+000
   3.48028E-003   0.00000E+000   0.00000E+000
   3.48420E-003   0.00000E+000   0.00000E+000
   3.48812E-003   0.00000E+000   0.00000E+000
   3.49205E-003   0.00000E+000   0.00000E+000
   3.49597E-003   0.00000E+000   0.00000E+000
   3.49989E-003   0.00000E+000   0.00000E+000
   3.50382E-003   0.00000E+000   0.00000E+000
   3.50774E-003   0.00000E+000   0.00000E+000
   3.51166E-003   0.00000E+000   0.00000E+000
   3.51559E-003   0.00000E+000   0.00000E+000
   3.51951E-003   0.00000E+000   0.00000E+000
   3.52344E-003   0.00000E+000   0.00000E+000
   3.52736E-003   0.00000E+000   0.00000E+000
   3.53128E-003   0.00000E+000   0.00000E+000
   3.53521E-003   0.00000E+000   0.00000E+000
   3.53913E-003   0.00000E+000   0.00000E+000
   3.54305E-003   0.00000E+000   0.00000E+000
   3.54698E-003   0.00000E+000   0.00000E+000
   3.55090E-003   0.00000E+000   0.00000E+000
   3.55482E-003   0.00000E+000   0.00000E+000
   3.55875E-003   0.00000E+000   0.00000E+000
   3.56267E-003   0.00000E+000   0.00000E+000
   3.56660E-003   0.00000E+000   0.00000E+000
