The system is: Linux - 3.10.0-957.27.2.el7.x86_64 - x86_64
Compiling the C compiler identification source file "CMakeCCompilerId.c" succeeded.
Compiler: /opt/intel/Compiler/19.0/1.144/rwthlnk/bin/intel64/icc 
Build flags: 
Id flags:  

The output was:
0


Compilation of the C compiler identification source "CMakeCCompilerId.c" produced "a.out"

The C compiler identification is Intel, found in "/home/md777659/mduc/git_lilia/sundials/sundials-2.7.0/CMakeFiles/3.10.1/CompilerIdC/a.out"

Determining if the C compiler works passed with the following output:
Change Dir: /home/md777659/mduc/git_lilia/sundials/sundials-2.7.0/CMakeFiles/CMakeTmp

Run Build Command:"/usr/local_rwth/bin/gmake" "cmTC_0c5f8/fast"
/usr/local_rwth/bin/gmake -f CMakeFiles/cmTC_0c5f8.dir/build.make CMakeFiles/cmTC_0c5f8.dir/build
gmake[1]: Entering directory `/rwthfs/rz/cluster/home/md777659/ITV/02_Research/01_Codes/mduc/git_lilia/sundials/sundials-2.7.0/CMakeFiles/CMakeTmp'
Building C object CMakeFiles/cmTC_0c5f8.dir/testCCompiler.c.o
/opt/intel/Compiler/19.0/1.144/rwthlnk/bin/intel64/icc    -o CMakeFiles/cmTC_0c5f8.dir/testCCompiler.c.o   -c /home/md777659/mduc/git_lilia/sundials/sundials-2.7.0/CMakeFiles/CMakeTmp/testCCompiler.c
Linking C executable cmTC_0c5f8
/usr/bin/cmake -E cmake_link_script CMakeFiles/cmTC_0c5f8.dir/link.txt --verbose=1
/opt/intel/Compiler/19.0/1.144/rwthlnk/bin/intel64/icc      -rdynamic CMakeFiles/cmTC_0c5f8.dir/testCCompiler.c.o  -o cmTC_0c5f8 
gmake[1]: Leaving directory `/rwthfs/rz/cluster/home/md777659/ITV/02_Research/01_Codes/mduc/git_lilia/sundials/sundials-2.7.0/CMakeFiles/CMakeTmp'


Detecting C compiler ABI info compiled with the following output:
Change Dir: /home/md777659/mduc/git_lilia/sundials/sundials-2.7.0/CMakeFiles/CMakeTmp

Run Build Command:"/usr/local_rwth/bin/gmake" "cmTC_51466/fast"
/usr/local_rwth/bin/gmake -f CMakeFiles/cmTC_51466.dir/build.make CMakeFiles/cmTC_51466.dir/build
gmake[1]: Entering directory `/rwthfs/rz/cluster/home/md777659/ITV/02_Research/01_Codes/mduc/git_lilia/sundials/sundials-2.7.0/CMakeFiles/CMakeTmp'
Building C object CMakeFiles/cmTC_51466.dir/CMakeCCompilerABI.c.o
/opt/intel/Compiler/19.0/1.144/rwthlnk/bin/intel64/icc    -o CMakeFiles/cmTC_51466.dir/CMakeCCompilerABI.c.o   -c /usr/share/cmake/Modules/CMakeCCompilerABI.c
Linking C executable cmTC_51466
/usr/bin/cmake -E cmake_link_script CMakeFiles/cmTC_51466.dir/link.txt --verbose=1
/opt/intel/Compiler/19.0/1.144/rwthlnk/bin/intel64/icc     -v -rdynamic CMakeFiles/cmTC_51466.dir/CMakeCCompilerABI.c.o  -o cmTC_51466 
icc version 19.0.1.144 (gcc version 4.8.5 compatibility)
/rwthfs/rz/SW/intel/Compiler/19.0/1.144/compilers_and_libraries_2019.1.144/linux/bin/intel64/mcpcom    -mGLOB_em64t=TRUE -mP1OPT_version=19.0-intel64 -mGLOB_diag_file=CMakeFiles/cmTC_51466.dir/CMakeCCompilerABI.c.diag -mGLOB_long_size_64 -mGLOB_routine_pointer_size_64 -mP1OPT_print_version=FALSE -mCG_use_gas_got_workaround=F -mP2OPT_align_option_used=TRUE -mGLOB_gcc_version=485 "-mGLOB_options_string=-v -rdynamic -o cmTC_51466" -mGLOB_cxx_limited_range=FALSE -mCG_extend_parms=FALSE -mGLOB_compiler_bin_directory=/rwthfs/rz/SW/intel/Compiler/19.0/1.144/compilers_and_libraries_2019.1.144/linux/bin/intel64 -mGLOB_as_output_backup_file_name=/tmp/md777659/login18-1_191641/iccjW3Ldzas_.s -mGLOB_dashboard_use_source_name -mIPOPT_activate -mGLOB_product_id_code=0x22006d93 -mP3OPT_use_mspp_call_convention -mP2OPT_subs_out_of_bound=FALSE -mP2OPT_disam_type_based_disam=2 -mP2OPT_disam_assume_ansi_c -mP2OPT_checked_disam_ansi_alias=TRUE -mGLOB_ansi_alias -mPGOPTI_value_profile_use=T -mGLOB_opt_report_use_source_name -mP2OPT_il0_array_sections=TRUE -mGLOB_offload_mode=1 -mP2OPT_offload_unique_var_string=icc1203456412n3vd16 -mP2OPT_hlo -mP2OPT_hpo_rtt_control=0 -mIPOPT_args_in_regs=0 -mP2OPT_disam_assume_nonstd_intent_in=FALSE -mGLOB_imf_mapping_library=/rwthfs/rz/SW/intel/Compiler/19.0/1.144/compilers_and_libraries_2019.1.144/linux/bin/intel64/libiml_attr.so -mPGOPTI_gen_threadsafe_level=0 -mIPOPT_link -mIPOPT_ipo_activate -mIPOPT_mo_activate -mIPOPT_source_files_list=/tmp/md777659/login18-1_191641/iccslisl9sf8N -mIPOPT_mo_global_data -mIPOPT_link_script_file=/tmp/md777659/login18-1_191641/iccscriptNoU0Fb "-mIPOPT_cmdline_link="/usr/lib/gcc/x86_64-redhat-linux/4.8.5/../../../../lib64/crt1.o" "/usr/lib/gcc/x86_64-redhat-linux/4.8.5/../../../../lib64/crti.o" "/usr/lib/gcc/x86_64-redhat-linux/4.8.5/crtbegin.o" "-export-dynamic" "--eh-frame-hdr" "--build-id" "-dynamic-linker" "/lib64/ld-linux-x86-64.so.2" "-m" "elf_x86_64" "-o" "cmTC_51466" "-L/opt/intel/Compiler/19.0/1.144/rwthlnk/daal/lib/intel64_lin" "-L/opt/intel/Compiler/19.0/1.144/rwthlnk/daal/lib/ia32_lin" "-L/opt/intel/Compiler/19.0/1.144/rwthlnk/ipp/lib/intel64_lin" "-L/opt/intel/Compiler/19.0/1.144/rwthlnk/ipp/lib/ia32_lin" "-L/opt/intel/Compiler/19.0/1.144/rwthlnk/mkl/lib/intel64_lin" "-L/opt/intel/Compiler/19.0/1.144/rwthlnk/mkl/lib/ia32_lin" "-L/opt/intel/Compiler/19.0/1.144/rwthlnk/tbb/lib/intel64_lin/gcc4.7" "-L/opt/intel/Compiler/19.0/1.144/rwthlnk/tbb/lib/ia32_lin/gcc4.7" "-L/rwthfs/rz/SW/intel/Compiler/19.0/1.144/compilers_and_libraries_2019.1.144/linux/compiler/lib/intel64_lin" "-L/usr/lib/gcc/x86_64-redhat-linux/4.8.5/" "-L/usr/lib/gcc/x86_64-redhat-linux/4.8.5/../../../../lib64" "-L/usr/lib/gcc/x86_64-redhat-linux/4.8.5/../../../../lib64/" "-L/lib/../lib64" "-L/lib/../lib64/" "-L/usr/lib/../lib64" "-L/usr/lib/../lib64/" "-L/opt/intel/Compiler/19.0/1.144/rwthlnk/daal/lib/intel64_lin/" "-L/opt/intel/Compiler/19.0/1.144/rwthlnk/daal/lib/ia32_lin/" "-L/opt/intel/Compiler/19.0/1.144/rwthlnk/ipp/lib/intel64_lin/" "-L/opt/intel/Compiler/19.0/1.144/rwthlnk/ipp/lib/ia32_lin/" "-L/opt/intel/Compiler/19.0/1.144/rwthlnk/mkl/lib/intel64_lin/" "-L/opt/intel/Compiler/19.0/1.144/rwthlnk/mkl/lib/ia32_lin/" "-L/opt/intel/Compiler/19.0/1.144/rwthlnk/tbb/lib/intel64_lin/gcc4.7/" "-L/opt/intel/Compiler/19.0/1.144/rwthlnk/tbb/lib/ia32_lin/gcc4.7/" "-L/usr/lib/gcc/x86_64-redhat-linux/4.8.5/../../../" "-L/lib64" "-L/lib/" "-L/usr/lib64" "-L/usr/lib" "CMakeFiles/cmTC_51466.dir/CMakeCCompilerABI.c.o" "-Bdynamic" "-Bstatic" "-limf" "-lsvml" "-lirng" "-Bdynamic" "-lm" "-Bstatic" "-lipgo" "-ldecimal" "--as-needed" "-Bdynamic" "-lcilkrts" "-lstdc++" "--no-as-needed" "-lgcc" "-lgcc_s" "-Bstatic" "-lirc" "-lsvml" "-Bdynamic" "-lc" "-lgcc" "-lgcc_s" "-Bstatic" "-lirc_s" "-Bdynamic" "-ldl" "-lc" "/usr/lib/gcc/x86_64-redhat-linux/4.8.5/crtend.o" "/usr/lib/gcc/x86_64-redhat-linux/4.8.5/../../../../lib64/crtn.o"" -mIPOPT_il_in_obj -mIPOPT_ipo_activate_warn=FALSE -mIPOPT_obj_output_file_name=/tmp/md777659/login18-1_191641/ipo_iccVJLKRw.o -mIPOPT_whole_archive_fixup_file_name=/tmp/md777659/login18-1_191641/iccwarchTpLLjk -mGLOB_linker_version=2.27 -mGLOB_linker=ld -mGLOB_driver_tempfile_name=/tmp/md777659/login18-1_191641/icctempfilepOEYRH -mP3OPT_asm_target=P3OPT_ASM_TARGET_GAS -mGLOB_async_unwind_tables=TRUE -mGLOB_obj_output_file=/tmp/md777659/login18-1_191641/ipo_iccVJLKRw.o -mGLOB_source_dialect=GLOB_SOURCE_DIALECT_NONE -mP1OPT_source_file_name=ipo_out.c CMakeFiles/cmTC_51466.dir/CMakeCCompilerABI.c.o -mIPOPT_object_files=T -mIPOPT_assembly_files=/tmp/md777659/login18-1_191641/iccalisFDdfXh -mIPOPT_generated_tempfiles=/tmp/md777659/login18-1_191641/iccelisjURYuF -mIPOPT_embedded_object_base_name=/tmp/md777659/login18-1_191641/icceobjzRCI22 -mIPOPT_cmdline_link_new_name=/tmp/md777659/login18-1_191641/iccllisTn8tAq
ld    /usr/lib/gcc/x86_64-redhat-linux/4.8.5/../../../../lib64/crt1.o /usr/lib/gcc/x86_64-redhat-linux/4.8.5/../../../../lib64/crti.o /usr/lib/gcc/x86_64-redhat-linux/4.8.5/crtbegin.o -export-dynamic --eh-frame-hdr --build-id -dynamic-linker /lib64/ld-linux-x86-64.so.2 -m elf_x86_64 -o cmTC_51466 -L/opt/intel/Compiler/19.0/1.144/rwthlnk/daal/lib/intel64_lin -L/opt/intel/Compiler/19.0/1.144/rwthlnk/daal/lib/ia32_lin -L/opt/intel/Compiler/19.0/1.144/rwthlnk/ipp/lib/intel64_lin -L/opt/intel/Compiler/19.0/1.144/rwthlnk/ipp/lib/ia32_lin -L/opt/intel/Compiler/19.0/1.144/rwthlnk/mkl/lib/intel64_lin -L/opt/intel/Compiler/19.0/1.144/rwthlnk/mkl/lib/ia32_lin -L/opt/intel/Compiler/19.0/1.144/rwthlnk/tbb/lib/intel64_lin/gcc4.7 -L/opt/intel/Compiler/19.0/1.144/rwthlnk/tbb/lib/ia32_lin/gcc4.7 -L/rwthfs/rz/SW/intel/Compiler/19.0/1.144/compilers_and_libraries_2019.1.144/linux/compiler/lib/intel64_lin -L/usr/lib/gcc/x86_64-redhat-linux/4.8.5/ -L/usr/lib/gcc/x86_64-redhat-linux/4.8.5/../../../../lib64 -L/usr/lib/gcc/x86_64-redhat-linux/4.8.5/../../../../lib64/ -L/lib/../lib64 -L/lib/../lib64/ -L/usr/lib/../lib64 -L/usr/lib/../lib64/ -L/opt/intel/Compiler/19.0/1.144/rwthlnk/daal/lib/intel64_lin/ -L/opt/intel/Compiler/19.0/1.144/rwthlnk/daal/lib/ia32_lin/ -L/opt/intel/Compiler/19.0/1.144/rwthlnk/ipp/lib/intel64_lin/ -L/opt/intel/Compiler/19.0/1.144/rwthlnk/ipp/lib/ia32_lin/ -L/opt/intel/Compiler/19.0/1.144/rwthlnk/mkl/lib/intel64_lin/ -L/opt/intel/Compiler/19.0/1.144/rwthlnk/mkl/lib/ia32_lin/ -L/opt/intel/Compiler/19.0/1.144/rwthlnk/tbb/lib/intel64_lin/gcc4.7/ -L/opt/intel/Compiler/19.0/1.144/rwthlnk/tbb/lib/ia32_lin/gcc4.7/ -L/usr/lib/gcc/x86_64-redhat-linux/4.8.5/../../../ -L/lib64 -L/lib/ -L/usr/lib64 -L/usr/lib CMakeFiles/cmTC_51466.dir/CMakeCCompilerABI.c.o -Bdynamic -Bstatic -limf -lsvml -lirng -Bdynamic -lm -Bstatic -lipgo -ldecimal --as-needed -Bdynamic -lcilkrts -lstdc++ --no-as-needed -lgcc -lgcc_s -Bstatic -lirc -lsvml -Bdynamic -lc -lgcc -lgcc_s -Bstatic -lirc_s -Bdynamic -ldl -lc /usr/lib/gcc/x86_64-redhat-linux/4.8.5/crtend.o /usr/lib/gcc/x86_64-redhat-linux/4.8.5/../../../../lib64/crtn.o
gmake[1]: Leaving directory `/rwthfs/rz/cluster/home/md777659/ITV/02_Research/01_Codes/mduc/git_lilia/sundials/sundials-2.7.0/CMakeFiles/CMakeTmp'


Parsed C implicit link information from above output:
  link line regex: [^( *|.*[/\])(ld|CMAKE_LINK_STARTFILE-NOTFOUND|([^/\]+-)?ld|collect2)[^/\]*( |$)]
  ignore line: [Change Dir: /home/md777659/mduc/git_lilia/sundials/sundials-2.7.0/CMakeFiles/CMakeTmp]
  ignore line: []
  ignore line: [Run Build Command:"/usr/local_rwth/bin/gmake" "cmTC_51466/fast"]
  ignore line: [/usr/local_rwth/bin/gmake -f CMakeFiles/cmTC_51466.dir/build.make CMakeFiles/cmTC_51466.dir/build]
  ignore line: [gmake[1]: Entering directory `/rwthfs/rz/cluster/home/md777659/ITV/02_Research/01_Codes/mduc/git_lilia/sundials/sundials-2.7.0/CMakeFiles/CMakeTmp']
  ignore line: [Building C object CMakeFiles/cmTC_51466.dir/CMakeCCompilerABI.c.o]
  ignore line: [/opt/intel/Compiler/19.0/1.144/rwthlnk/bin/intel64/icc    -o CMakeFiles/cmTC_51466.dir/CMakeCCompilerABI.c.o   -c /usr/share/cmake/Modules/CMakeCCompilerABI.c]
  ignore line: [Linking C executable cmTC_51466]
  ignore line: [/usr/bin/cmake -E cmake_link_script CMakeFiles/cmTC_51466.dir/link.txt --verbose=1]
  ignore line: [/opt/intel/Compiler/19.0/1.144/rwthlnk/bin/intel64/icc     -v -rdynamic CMakeFiles/cmTC_51466.dir/CMakeCCompilerABI.c.o  -o cmTC_51466 ]
  ignore line: [icc version 19.0.1.144 (gcc version 4.8.5 compatibility)]
  ignore line: [/rwthfs/rz/SW/intel/Compiler/19.0/1.144/compilers_and_libraries_2019.1.144/linux/bin/intel64/mcpcom    -mGLOB_em64t=TRUE -mP1OPT_version=19.0-intel64 -mGLOB_diag_file=CMakeFiles/cmTC_51466.dir/CMakeCCompilerABI.c.diag -mGLOB_long_size_64 -mGLOB_routine_pointer_size_64 -mP1OPT_print_version=FALSE -mCG_use_gas_got_workaround=F -mP2OPT_align_option_used=TRUE -mGLOB_gcc_version=485 "-mGLOB_options_string=-v -rdynamic -o cmTC_51466" -mGLOB_cxx_limited_range=FALSE -mCG_extend_parms=FALSE -mGLOB_compiler_bin_directory=/rwthfs/rz/SW/intel/Compiler/19.0/1.144/compilers_and_libraries_2019.1.144/linux/bin/intel64 -mGLOB_as_output_backup_file_name=/tmp/md777659/login18-1_191641/iccjW3Ldzas_.s -mGLOB_dashboard_use_source_name -mIPOPT_activate -mGLOB_product_id_code=0x22006d93 -mP3OPT_use_mspp_call_convention -mP2OPT_subs_out_of_bound=FALSE -mP2OPT_disam_type_based_disam=2 -mP2OPT_disam_assume_ansi_c -mP2OPT_checked_disam_ansi_alias=TRUE -mGLOB_ansi_alias -mPGOPTI_value_profile_use=T -mGLOB_opt_report_use_source_name -mP2OPT_il0_array_sections=TRUE -mGLOB_offload_mode=1 -mP2OPT_offload_unique_var_string=icc1203456412n3vd16 -mP2OPT_hlo -mP2OPT_hpo_rtt_control=0 -mIPOPT_args_in_regs=0 -mP2OPT_disam_assume_nonstd_intent_in=FALSE -mGLOB_imf_mapping_library=/rwthfs/rz/SW/intel/Compiler/19.0/1.144/compilers_and_libraries_2019.1.144/linux/bin/intel64/libiml_attr.so -mPGOPTI_gen_threadsafe_level=0 -mIPOPT_link -mIPOPT_ipo_activate -mIPOPT_mo_activate -mIPOPT_source_files_list=/tmp/md777659/login18-1_191641/iccslisl9sf8N -mIPOPT_mo_global_data -mIPOPT_link_script_file=/tmp/md777659/login18-1_191641/iccscriptNoU0Fb "-mIPOPT_cmdline_link="/usr/lib/gcc/x86_64-redhat-linux/4.8.5/../../../../lib64/crt1.o" "/usr/lib/gcc/x86_64-redhat-linux/4.8.5/../../../../lib64/crti.o" "/usr/lib/gcc/x86_64-redhat-linux/4.8.5/crtbegin.o" "-export-dynamic" "--eh-frame-hdr" "--build-id" "-dynamic-linker" "/lib64/ld-linux-x86-64.so.2" "-m" "elf_x86_64" "-o" "cmTC_51466" "-L/opt/intel/Compiler/19.0/1.144/rwthlnk/daal/lib/intel64_lin" "-L/opt/intel/Compiler/19.0/1.144/rwthlnk/daal/lib/ia32_lin" "-L/opt/intel/Compiler/19.0/1.144/rwthlnk/ipp/lib/intel64_lin" "-L/opt/intel/Compiler/19.0/1.144/rwthlnk/ipp/lib/ia32_lin" "-L/opt/intel/Compiler/19.0/1.144/rwthlnk/mkl/lib/intel64_lin" "-L/opt/intel/Compiler/19.0/1.144/rwthlnk/mkl/lib/ia32_lin" "-L/opt/intel/Compiler/19.0/1.144/rwthlnk/tbb/lib/intel64_lin/gcc4.7" "-L/opt/intel/Compiler/19.0/1.144/rwthlnk/tbb/lib/ia32_lin/gcc4.7" "-L/rwthfs/rz/SW/intel/Compiler/19.0/1.144/compilers_and_libraries_2019.1.144/linux/compiler/lib/intel64_lin" "-L/usr/lib/gcc/x86_64-redhat-linux/4.8.5/" "-L/usr/lib/gcc/x86_64-redhat-linux/4.8.5/../../../../lib64" "-L/usr/lib/gcc/x86_64-redhat-linux/4.8.5/../../../../lib64/" "-L/lib/../lib64" "-L/lib/../lib64/" "-L/usr/lib/../lib64" "-L/usr/lib/../lib64/" "-L/opt/intel/Compiler/19.0/1.144/rwthlnk/daal/lib/intel64_lin/" "-L/opt/intel/Compiler/19.0/1.144/rwthlnk/daal/lib/ia32_lin/" "-L/opt/intel/Compiler/19.0/1.144/rwthlnk/ipp/lib/intel64_lin/" "-L/opt/intel/Compiler/19.0/1.144/rwthlnk/ipp/lib/ia32_lin/" "-L/opt/intel/Compiler/19.0/1.144/rwthlnk/mkl/lib/intel64_lin/" "-L/opt/intel/Compiler/19.0/1.144/rwthlnk/mkl/lib/ia32_lin/" "-L/opt/intel/Compiler/19.0/1.144/rwthlnk/tbb/lib/intel64_lin/gcc4.7/" "-L/opt/intel/Compiler/19.0/1.144/rwthlnk/tbb/lib/ia32_lin/gcc4.7/" "-L/usr/lib/gcc/x86_64-redhat-linux/4.8.5/../../../" "-L/lib64" "-L/lib/" "-L/usr/lib64" "-L/usr/lib" "CMakeFiles/cmTC_51466.dir/CMakeCCompilerABI.c.o" "-Bdynamic" "-Bstatic" "-limf" "-lsvml" "-lirng" "-Bdynamic" "-lm" "-Bstatic" "-lipgo" "-ldecimal" "--as-needed" "-Bdynamic" "-lcilkrts" "-lstdc++" "--no-as-needed" "-lgcc" "-lgcc_s" "-Bstatic" "-lirc" "-lsvml" "-Bdynamic" "-lc" "-lgcc" "-lgcc_s" "-Bstatic" "-lirc_s" "-Bdynamic" "-ldl" "-lc" "/usr/lib/gcc/x86_64-redhat-linux/4.8.5/crtend.o" "/usr/lib/gcc/x86_64-redhat-linux/4.8.5/../../../../lib64/crtn.o"" -mIPOPT_il_in_obj -mIPOPT_ipo_activate_warn=FALSE -mIPOPT_obj_output_file_name=/tmp/md777659/login18-1_191641/ipo_iccVJLKRw.o -mIPOPT_whole_archive_fixup_file_name=/tmp/md777659/login18-1_191641/iccwarchTpLLjk -mGLOB_linker_version=2.27 -mGLOB_linker=ld -mGLOB_driver_tempfile_name=/tmp/md777659/login18-1_191641/icctempfilepOEYRH -mP3OPT_asm_target=P3OPT_ASM_TARGET_GAS -mGLOB_async_unwind_tables=TRUE -mGLOB_obj_output_file=/tmp/md777659/login18-1_191641/ipo_iccVJLKRw.o -mGLOB_source_dialect=GLOB_SOURCE_DIALECT_NONE -mP1OPT_source_file_name=ipo_out.c CMakeFiles/cmTC_51466.dir/CMakeCCompilerABI.c.o -mIPOPT_object_files=T -mIPOPT_assembly_files=/tmp/md777659/login18-1_191641/iccalisFDdfXh -mIPOPT_generated_tempfiles=/tmp/md777659/login18-1_191641/iccelisjURYuF -mIPOPT_embedded_object_base_name=/tmp/md777659/login18-1_191641/icceobjzRCI22 -mIPOPT_cmdline_link_new_name=/tmp/md777659/login18-1_191641/iccllisTn8tAq]
  link line: [ld    /usr/lib/gcc/x86_64-redhat-linux/4.8.5/../../../../lib64/crt1.o /usr/lib/gcc/x86_64-redhat-linux/4.8.5/../../../../lib64/crti.o /usr/lib/gcc/x86_64-redhat-linux/4.8.5/crtbegin.o -export-dynamic --eh-frame-hdr --build-id -dynamic-linker /lib64/ld-linux-x86-64.so.2 -m elf_x86_64 -o cmTC_51466 -L/opt/intel/Compiler/19.0/1.144/rwthlnk/daal/lib/intel64_lin -L/opt/intel/Compiler/19.0/1.144/rwthlnk/daal/lib/ia32_lin -L/opt/intel/Compiler/19.0/1.144/rwthlnk/ipp/lib/intel64_lin -L/opt/intel/Compiler/19.0/1.144/rwthlnk/ipp/lib/ia32_lin -L/opt/intel/Compiler/19.0/1.144/rwthlnk/mkl/lib/intel64_lin -L/opt/intel/Compiler/19.0/1.144/rwthlnk/mkl/lib/ia32_lin -L/opt/intel/Compiler/19.0/1.144/rwthlnk/tbb/lib/intel64_lin/gcc4.7 -L/opt/intel/Compiler/19.0/1.144/rwthlnk/tbb/lib/ia32_lin/gcc4.7 -L/rwthfs/rz/SW/intel/Compiler/19.0/1.144/compilers_and_libraries_2019.1.144/linux/compiler/lib/intel64_lin -L/usr/lib/gcc/x86_64-redhat-linux/4.8.5/ -L/usr/lib/gcc/x86_64-redhat-linux/4.8.5/../../../../lib64 -L/usr/lib/gcc/x86_64-redhat-linux/4.8.5/../../../../lib64/ -L/lib/../lib64 -L/lib/../lib64/ -L/usr/lib/../lib64 -L/usr/lib/../lib64/ -L/opt/intel/Compiler/19.0/1.144/rwthlnk/daal/lib/intel64_lin/ -L/opt/intel/Compiler/19.0/1.144/rwthlnk/daal/lib/ia32_lin/ -L/opt/intel/Compiler/19.0/1.144/rwthlnk/ipp/lib/intel64_lin/ -L/opt/intel/Compiler/19.0/1.144/rwthlnk/ipp/lib/ia32_lin/ -L/opt/intel/Compiler/19.0/1.144/rwthlnk/mkl/lib/intel64_lin/ -L/opt/intel/Compiler/19.0/1.144/rwthlnk/mkl/lib/ia32_lin/ -L/opt/intel/Compiler/19.0/1.144/rwthlnk/tbb/lib/intel64_lin/gcc4.7/ -L/opt/intel/Compiler/19.0/1.144/rwthlnk/tbb/lib/ia32_lin/gcc4.7/ -L/usr/lib/gcc/x86_64-redhat-linux/4.8.5/../../../ -L/lib64 -L/lib/ -L/usr/lib64 -L/usr/lib CMakeFiles/cmTC_51466.dir/CMakeCCompilerABI.c.o -Bdynamic -Bstatic -limf -lsvml -lirng -Bdynamic -lm -Bstatic -lipgo -ldecimal --as-needed -Bdynamic -lcilkrts -lstdc++ --no-as-needed -lgcc -lgcc_s -Bstatic -lirc -lsvml -Bdynamic -lc -lgcc -lgcc_s -Bstatic -lirc_s -Bdynamic -ldl -lc /usr/lib/gcc/x86_64-redhat-linux/4.8.5/crtend.o /usr/lib/gcc/x86_64-redhat-linux/4.8.5/../../../../lib64/crtn.o]
    arg [ld] ==> ignore
    arg [/usr/lib/gcc/x86_64-redhat-linux/4.8.5/../../../../lib64/crt1.o] ==> ignore
    arg [/usr/lib/gcc/x86_64-redhat-linux/4.8.5/../../../../lib64/crti.o] ==> ignore
    arg [/usr/lib/gcc/x86_64-redhat-linux/4.8.5/crtbegin.o] ==> ignore
    arg [-export-dynamic] ==> ignore
    arg [--eh-frame-hdr] ==> ignore
    arg [--build-id] ==> ignore
    arg [-dynamic-linker] ==> ignore
    arg [/lib64/ld-linux-x86-64.so.2] ==> ignore
    arg [-m] ==> ignore
    arg [elf_x86_64] ==> ignore
    arg [-o] ==> ignore
    arg [cmTC_51466] ==> ignore
    arg [-L/opt/intel/Compiler/19.0/1.144/rwthlnk/daal/lib/intel64_lin] ==> dir [/opt/intel/Compiler/19.0/1.144/rwthlnk/daal/lib/intel64_lin]
    arg [-L/opt/intel/Compiler/19.0/1.144/rwthlnk/daal/lib/ia32_lin] ==> dir [/opt/intel/Compiler/19.0/1.144/rwthlnk/daal/lib/ia32_lin]
    arg [-L/opt/intel/Compiler/19.0/1.144/rwthlnk/ipp/lib/intel64_lin] ==> dir [/opt/intel/Compiler/19.0/1.144/rwthlnk/ipp/lib/intel64_lin]
    arg [-L/opt/intel/Compiler/19.0/1.144/rwthlnk/ipp/lib/ia32_lin] ==> dir [/opt/intel/Compiler/19.0/1.144/rwthlnk/ipp/lib/ia32_lin]
    arg [-L/opt/intel/Compiler/19.0/1.144/rwthlnk/mkl/lib/intel64_lin] ==> dir [/opt/intel/Compiler/19.0/1.144/rwthlnk/mkl/lib/intel64_lin]
    arg [-L/opt/intel/Compiler/19.0/1.144/rwthlnk/mkl/lib/ia32_lin] ==> dir [/opt/intel/Compiler/19.0/1.144/rwthlnk/mkl/lib/ia32_lin]
    arg [-L/opt/intel/Compiler/19.0/1.144/rwthlnk/tbb/lib/intel64_lin/gcc4.7] ==> dir [/opt/intel/Compiler/19.0/1.144/rwthlnk/tbb/lib/intel64_lin/gcc4.7]
    arg [-L/opt/intel/Compiler/19.0/1.144/rwthlnk/tbb/lib/ia32_lin/gcc4.7] ==> dir [/opt/intel/Compiler/19.0/1.144/rwthlnk/tbb/lib/ia32_lin/gcc4.7]
    arg [-L/rwthfs/rz/SW/intel/Compiler/19.0/1.144/compilers_and_libraries_2019.1.144/linux/compiler/lib/intel64_lin] ==> dir [/rwthfs/rz/SW/intel/Compiler/19.0/1.144/compilers_and_libraries_2019.1.144/linux/compiler/lib/intel64_lin]
    arg [-L/usr/lib/gcc/x86_64-redhat-linux/4.8.5/] ==> dir [/usr/lib/gcc/x86_64-redhat-linux/4.8.5/]
    arg [-L/usr/lib/gcc/x86_64-redhat-linux/4.8.5/../../../../lib64] ==> dir [/usr/lib/gcc/x86_64-redhat-linux/4.8.5/../../../../lib64]
    arg [-L/usr/lib/gcc/x86_64-redhat-linux/4.8.5/../../../../lib64/] ==> dir [/usr/lib/gcc/x86_64-redhat-linux/4.8.5/../../../../lib64/]
    arg [-L/lib/../lib64] ==> dir [/lib/../lib64]
    arg [-L/lib/../lib64/] ==> dir [/lib/../lib64/]
    arg [-L/usr/lib/../lib64] ==> dir [/usr/lib/../lib64]
    arg [-L/usr/lib/../lib64/] ==> dir [/usr/lib/../lib64/]
    arg [-L/opt/intel/Compiler/19.0/1.144/rwthlnk/daal/lib/intel64_lin/] ==> dir [/opt/intel/Compiler/19.0/1.144/rwthlnk/daal/lib/intel64_lin/]
    arg [-L/opt/intel/Compiler/19.0/1.144/rwthlnk/daal/lib/ia32_lin/] ==> dir [/opt/intel/Compiler/19.0/1.144/rwthlnk/daal/lib/ia32_lin/]
    arg [-L/opt/intel/Compiler/19.0/1.144/rwthlnk/ipp/lib/intel64_lin/] ==> dir [/opt/intel/Compiler/19.0/1.144/rwthlnk/ipp/lib/intel64_lin/]
    arg [-L/opt/intel/Compiler/19.0/1.144/rwthlnk/ipp/lib/ia32_lin/] ==> dir [/opt/intel/Compiler/19.0/1.144/rwthlnk/ipp/lib/ia32_lin/]
    arg [-L/opt/intel/Compiler/19.0/1.144/rwthlnk/mkl/lib/intel64_lin/] ==> dir [/opt/intel/Compiler/19.0/1.144/rwthlnk/mkl/lib/intel64_lin/]
    arg [-L/opt/intel/Compiler/19.0/1.144/rwthlnk/mkl/lib/ia32_lin/] ==> dir [/opt/intel/Compiler/19.0/1.144/rwthlnk/mkl/lib/ia32_lin/]
    arg [-L/opt/intel/Compiler/19.0/1.144/rwthlnk/tbb/lib/intel64_lin/gcc4.7/] ==> dir [/opt/intel/Compiler/19.0/1.144/rwthlnk/tbb/lib/intel64_lin/gcc4.7/]
    arg [-L/opt/intel/Compiler/19.0/1.144/rwthlnk/tbb/lib/ia32_lin/gcc4.7/] ==> dir [/opt/intel/Compiler/19.0/1.144/rwthlnk/tbb/lib/ia32_lin/gcc4.7/]
    arg [-L/usr/lib/gcc/x86_64-redhat-linux/4.8.5/../../../] ==> dir [/usr/lib/gcc/x86_64-redhat-linux/4.8.5/../../../]
    arg [-L/lib64] ==> dir [/lib64]
    arg [-L/lib/] ==> dir [/lib/]
    arg [-L/usr/lib64] ==> dir [/usr/lib64]
    arg [-L/usr/lib] ==> dir [/usr/lib]
    arg [CMakeFiles/cmTC_51466.dir/CMakeCCompilerABI.c.o] ==> ignore
    arg [-Bdynamic] ==> ignore
    arg [-Bstatic] ==> ignore
    arg [-limf] ==> lib [imf]
    arg [-lsvml] ==> lib [svml]
    arg [-lirng] ==> lib [irng]
    arg [-Bdynamic] ==> ignore
    arg [-lm] ==> lib [m]
    arg [-Bstatic] ==> ignore
    arg [-lipgo] ==> lib [ipgo]
    arg [-ldecimal] ==> lib [decimal]
    arg [--as-needed] ==> ignore
    arg [-Bdynamic] ==> ignore
    arg [-lcilkrts] ==> lib [cilkrts]
    arg [-lstdc++] ==> lib [stdc++]
    arg [--no-as-needed] ==> ignore
    arg [-lgcc] ==> lib [gcc]
    arg [-lgcc_s] ==> lib [gcc_s]
    arg [-Bstatic] ==> ignore
    arg [-lirc] ==> lib [irc]
    arg [-lsvml] ==> lib [svml]
    arg [-Bdynamic] ==> ignore
    arg [-lc] ==> lib [c]
    arg [-lgcc] ==> lib [gcc]
    arg [-lgcc_s] ==> lib [gcc_s]
    arg [-Bstatic] ==> ignore
    arg [-lirc_s] ==> lib [irc_s]
    arg [-Bdynamic] ==> ignore
    arg [-ldl] ==> lib [dl]
    arg [-lc] ==> lib [c]
    arg [/usr/lib/gcc/x86_64-redhat-linux/4.8.5/crtend.o] ==> ignore
    arg [/usr/lib/gcc/x86_64-redhat-linux/4.8.5/../../../../lib64/crtn.o] ==> ignore
  collapse library dir [/opt/intel/Compiler/19.0/1.144/rwthlnk/daal/lib/intel64_lin] ==> [/opt/intel/Compiler/19.0/1.144/rwthlnk/daal/lib/intel64_lin]
  collapse library dir [/opt/intel/Compiler/19.0/1.144/rwthlnk/daal/lib/ia32_lin] ==> [/opt/intel/Compiler/19.0/1.144/rwthlnk/daal/lib/ia32_lin]
  collapse library dir [/opt/intel/Compiler/19.0/1.144/rwthlnk/ipp/lib/intel64_lin] ==> [/opt/intel/Compiler/19.0/1.144/rwthlnk/ipp/lib/intel64_lin]
  collapse library dir [/opt/intel/Compiler/19.0/1.144/rwthlnk/ipp/lib/ia32_lin] ==> [/opt/intel/Compiler/19.0/1.144/rwthlnk/ipp/lib/ia32_lin]
  collapse library dir [/opt/intel/Compiler/19.0/1.144/rwthlnk/mkl/lib/intel64_lin] ==> [/opt/intel/Compiler/19.0/1.144/rwthlnk/mkl/lib/intel64_lin]
  collapse library dir [/opt/intel/Compiler/19.0/1.144/rwthlnk/mkl/lib/ia32_lin] ==> [/opt/intel/Compiler/19.0/1.144/rwthlnk/mkl/lib/ia32_lin]
  collapse library dir [/opt/intel/Compiler/19.0/1.144/rwthlnk/tbb/lib/intel64_lin/gcc4.7] ==> [/opt/intel/Compiler/19.0/1.144/rwthlnk/tbb/lib/intel64_lin/gcc4.7]
  collapse library dir [/opt/intel/Compiler/19.0/1.144/rwthlnk/tbb/lib/ia32_lin/gcc4.7] ==> [/opt/intel/Compiler/19.0/1.144/rwthlnk/tbb/lib/ia32_lin/gcc4.7]
  collapse library dir [/rwthfs/rz/SW/intel/Compiler/19.0/1.144/compilers_and_libraries_2019.1.144/linux/compiler/lib/intel64_lin] ==> [/rwthfs/rz/SW/intel/Compiler/19.0/1.144/compilers_and_libraries_2019.1.144/linux/compiler/lib/intel64_lin]
  collapse library dir [/usr/lib/gcc/x86_64-redhat-linux/4.8.5/] ==> [/usr/lib/gcc/x86_64-redhat-linux/4.8.5]
  collapse library dir [/usr/lib/gcc/x86_64-redhat-linux/4.8.5/../../../../lib64] ==> [/usr/lib64]
  collapse library dir [/usr/lib/gcc/x86_64-redhat-linux/4.8.5/../../../../lib64/] ==> [/usr/lib64]
  collapse library dir [/lib/../lib64] ==> [/lib64]
  collapse library dir [/lib/../lib64/] ==> [/lib64]
  collapse library dir [/usr/lib/../lib64] ==> [/usr/lib64]
  collapse library dir [/usr/lib/../lib64/] ==> [/usr/lib64]
  collapse library dir [/opt/intel/Compiler/19.0/1.144/rwthlnk/daal/lib/intel64_lin/] ==> [/opt/intel/Compiler/19.0/1.144/rwthlnk/daal/lib/intel64_lin]
  collapse library dir [/opt/intel/Compiler/19.0/1.144/rwthlnk/daal/lib/ia32_lin/] ==> [/opt/intel/Compiler/19.0/1.144/rwthlnk/daal/lib/ia32_lin]
  collapse library dir [/opt/intel/Compiler/19.0/1.144/rwthlnk/ipp/lib/intel64_lin/] ==> [/opt/intel/Compiler/19.0/1.144/rwthlnk/ipp/lib/intel64_lin]
  collapse library dir [/opt/intel/Compiler/19.0/1.144/rwthlnk/ipp/lib/ia32_lin/] ==> [/opt/intel/Compiler/19.0/1.144/rwthlnk/ipp/lib/ia32_lin]
  collapse library dir [/opt/intel/Compiler/19.0/1.144/rwthlnk/mkl/lib/intel64_lin/] ==> [/opt/intel/Compiler/19.0/1.144/rwthlnk/mkl/lib/intel64_lin]
  collapse library dir [/opt/intel/Compiler/19.0/1.144/rwthlnk/mkl/lib/ia32_lin/] ==> [/opt/intel/Compiler/19.0/1.144/rwthlnk/mkl/lib/ia32_lin]
  collapse library dir [/opt/intel/Compiler/19.0/1.144/rwthlnk/tbb/lib/intel64_lin/gcc4.7/] ==> [/opt/intel/Compiler/19.0/1.144/rwthlnk/tbb/lib/intel64_lin/gcc4.7]
  collapse library dir [/opt/intel/Compiler/19.0/1.144/rwthlnk/tbb/lib/ia32_lin/gcc4.7/] ==> [/opt/intel/Compiler/19.0/1.144/rwthlnk/tbb/lib/ia32_lin/gcc4.7]
  collapse library dir [/usr/lib/gcc/x86_64-redhat-linux/4.8.5/../../../] ==> [/usr/lib]
  collapse library dir [/lib64] ==> [/lib64]
  collapse library dir [/lib/] ==> [/lib]
  collapse library dir [/usr/lib64] ==> [/usr/lib64]
  collapse library dir [/usr/lib] ==> [/usr/lib]
  implicit libs: [imf;svml;irng;m;ipgo;decimal;cilkrts;stdc++;gcc;gcc_s;irc;svml;c;gcc;gcc_s;irc_s;dl;c]
  implicit dirs: [/opt/intel/Compiler/19.0/1.144/rwthlnk/daal/lib/intel64_lin;/opt/intel/Compiler/19.0/1.144/rwthlnk/daal/lib/ia32_lin;/opt/intel/Compiler/19.0/1.144/rwthlnk/ipp/lib/intel64_lin;/opt/intel/Compiler/19.0/1.144/rwthlnk/ipp/lib/ia32_lin;/opt/intel/Compiler/19.0/1.144/rwthlnk/mkl/lib/intel64_lin;/opt/intel/Compiler/19.0/1.144/rwthlnk/mkl/lib/ia32_lin;/opt/intel/Compiler/19.0/1.144/rwthlnk/tbb/lib/intel64_lin/gcc4.7;/opt/intel/Compiler/19.0/1.144/rwthlnk/tbb/lib/ia32_lin/gcc4.7;/rwthfs/rz/SW/intel/Compiler/19.0/1.144/compilers_and_libraries_2019.1.144/linux/compiler/lib/intel64_lin;/usr/lib/gcc/x86_64-redhat-linux/4.8.5;/usr/lib64;/lib64;/usr/lib;/lib]
  implicit fwks: []




Detecting C [-std=c11] compiler features compiled with the following output:
Change Dir: /home/md777659/mduc/git_lilia/sundials/sundials-2.7.0/CMakeFiles/CMakeTmp

Run Build Command:"/usr/local_rwth/bin/gmake" "cmTC_e0493/fast"
/usr/local_rwth/bin/gmake -f CMakeFiles/cmTC_e0493.dir/build.make CMakeFiles/cmTC_e0493.dir/build
gmake[1]: Entering directory `/rwthfs/rz/cluster/home/md777659/ITV/02_Research/01_Codes/mduc/git_lilia/sundials/sundials-2.7.0/CMakeFiles/CMakeTmp'
Building C object CMakeFiles/cmTC_e0493.dir/feature_tests.c.o
/opt/intel/Compiler/19.0/1.144/rwthlnk/bin/intel64/icc   -std=c11 -o CMakeFiles/cmTC_e0493.dir/feature_tests.c.o   -c /home/md777659/mduc/git_lilia/sundials/sundials-2.7.0/CMakeFiles/feature_tests.c
Linking C executable cmTC_e0493
/usr/bin/cmake -E cmake_link_script CMakeFiles/cmTC_e0493.dir/link.txt --verbose=1
/opt/intel/Compiler/19.0/1.144/rwthlnk/bin/intel64/icc      -rdynamic CMakeFiles/cmTC_e0493.dir/feature_tests.c.o  -o cmTC_e0493 
gmake[1]: Leaving directory `/rwthfs/rz/cluster/home/md777659/ITV/02_Research/01_Codes/mduc/git_lilia/sundials/sundials-2.7.0/CMakeFiles/CMakeTmp'


    Feature record: C_FEATURE:1c_function_prototypes
    Feature record: C_FEATURE:1c_restrict
    Feature record: C_FEATURE:1c_static_assert
    Feature record: C_FEATURE:1c_variadic_macros


Detecting C [-std=c99] compiler features compiled with the following output:
Change Dir: /home/md777659/mduc/git_lilia/sundials/sundials-2.7.0/CMakeFiles/CMakeTmp

Run Build Command:"/usr/local_rwth/bin/gmake" "cmTC_6bee5/fast"
/usr/local_rwth/bin/gmake -f CMakeFiles/cmTC_6bee5.dir/build.make CMakeFiles/cmTC_6bee5.dir/build
gmake[1]: Entering directory `/rwthfs/rz/cluster/home/md777659/ITV/02_Research/01_Codes/mduc/git_lilia/sundials/sundials-2.7.0/CMakeFiles/CMakeTmp'
Building C object CMakeFiles/cmTC_6bee5.dir/feature_tests.c.o
/opt/intel/Compiler/19.0/1.144/rwthlnk/bin/intel64/icc   -std=c99 -o CMakeFiles/cmTC_6bee5.dir/feature_tests.c.o   -c /home/md777659/mduc/git_lilia/sundials/sundials-2.7.0/CMakeFiles/feature_tests.c
Linking C executable cmTC_6bee5
/usr/bin/cmake -E cmake_link_script CMakeFiles/cmTC_6bee5.dir/link.txt --verbose=1
/opt/intel/Compiler/19.0/1.144/rwthlnk/bin/intel64/icc      -rdynamic CMakeFiles/cmTC_6bee5.dir/feature_tests.c.o  -o cmTC_6bee5 
gmake[1]: Leaving directory `/rwthfs/rz/cluster/home/md777659/ITV/02_Research/01_Codes/mduc/git_lilia/sundials/sundials-2.7.0/CMakeFiles/CMakeTmp'


    Feature record: C_FEATURE:1c_function_prototypes
    Feature record: C_FEATURE:1c_restrict
    Feature record: C_FEATURE:1c_static_assert
    Feature record: C_FEATURE:1c_variadic_macros


Detecting C [-std=c89] compiler features compiled with the following output:
Change Dir: /home/md777659/mduc/git_lilia/sundials/sundials-2.7.0/CMakeFiles/CMakeTmp

Run Build Command:"/usr/local_rwth/bin/gmake" "cmTC_a7db0/fast"
/usr/local_rwth/bin/gmake -f CMakeFiles/cmTC_a7db0.dir/build.make CMakeFiles/cmTC_a7db0.dir/build
gmake[1]: Entering directory `/rwthfs/rz/cluster/home/md777659/ITV/02_Research/01_Codes/mduc/git_lilia/sundials/sundials-2.7.0/CMakeFiles/CMakeTmp'
Building C object CMakeFiles/cmTC_a7db0.dir/feature_tests.c.o
/opt/intel/Compiler/19.0/1.144/rwthlnk/bin/intel64/icc   -std=c89 -o CMakeFiles/cmTC_a7db0.dir/feature_tests.c.o   -c /home/md777659/mduc/git_lilia/sundials/sundials-2.7.0/CMakeFiles/feature_tests.c
Linking C executable cmTC_a7db0
/usr/bin/cmake -E cmake_link_script CMakeFiles/cmTC_a7db0.dir/link.txt --verbose=1
/opt/intel/Compiler/19.0/1.144/rwthlnk/bin/intel64/icc      -rdynamic CMakeFiles/cmTC_a7db0.dir/feature_tests.c.o  -o cmTC_a7db0 
gmake[1]: Leaving directory `/rwthfs/rz/cluster/home/md777659/ITV/02_Research/01_Codes/mduc/git_lilia/sundials/sundials-2.7.0/CMakeFiles/CMakeTmp'


    Feature record: C_FEATURE:1c_function_prototypes
    Feature record: C_FEATURE:0c_restrict
    Feature record: C_FEATURE:0c_static_assert
    Feature record: C_FEATURE:0c_variadic_macros
