# step<1> time<2> LPL<3> VPL<4> U_tip<5> D_tip<5> Chi_st<6> 
000000   0.00000E+000   0.00000E+000   0.00000E+000   0.00000E+000   0.00000E+000   0.00000E+000   0.00000E+000
000010   3.42857E-003   6.42802E-001   6.42802E-001   3.40754E+001   0.00000E+000   1.00000E+003   0.00000E+000
000020   6.85715E-003   8.76548E-001   9.93421E-001   3.40566E+001   0.00000E+000   1.00000E+003   0.00000E+000
000030   1.02857E-002   1.11029E+000   1.22717E+000   3.40338E+001   0.00000E+000   1.00000E+003   0.00000E+000
000040   1.37143E-002   1.34404E+000   1.46091E+000   3.40060E+001   0.00000E+000   1.00000E+003   0.00000E+000
000050   1.71429E-002   1.57779E+000   1.69466E+000   3.39745E+001   0.00000E+000   1.00000E+003   0.00000E+000
000060   2.05714E-002   1.81153E+000   1.92841E+000   3.39423E+001   0.00000E+000   1.00000E+003   0.00000E+000
000070   2.40000E-002   2.04528E+000   2.04528E+000   3.39094E+001   0.00000E+000   1.00000E+003   0.00000E+000
000080   2.74286E-002   2.16215E+000   2.27903E+000   3.38831E+001   0.00000E+000   1.00000E+003   0.00000E+000
000090   3.08572E-002   2.39590E+000   2.51277E+000   3.38490E+001   0.00000E+000   1.00000E+003   0.00000E+000
000100   3.42857E-002   2.51277E+000   2.62964E+000   3.38233E+001   0.00000E+000   1.00000E+003   0.00000E+000
000110   3.77143E-002   2.74652E+000   2.86339E+000   3.37880E+001   0.00000E+000   1.00000E+003   0.00000E+000
000120   4.11429E-002   2.86339E+000   2.98026E+000   3.37625E+001   0.00000E+000   1.00000E+003   0.00000E+000
000130   4.45714E-002   3.09714E+000   3.21401E+000   3.37261E+001   0.00000E+000   1.00000E+003   0.00000E+000
000140   4.80000E-002   3.21401E+000   3.33088E+000   3.37006E+001   0.00000E+000   1.00000E+003   0.00000E+000
000150   5.14286E-002   3.44776E+000   3.56463E+000   3.36632E+001   0.00000E+000   1.00000E+003   0.00000E+000
000160   5.48572E-002   3.56463E+000   3.68150E+000   3.36375E+001   0.00000E+000   1.00000E+003   0.00000E+000
000170   5.82857E-002   3.79838E+000   3.91525E+000   3.35993E+001   0.00000E+000   1.00000E+003   0.00000E+000
000180   6.17143E-002   3.91525E+000   4.03212E+000   3.35733E+001   0.00000E+000   1.00000E+003   0.00000E+000
000190   6.51429E-002   4.03212E+000   4.26587E+000   3.35478E+001   0.00000E+000   1.00000E+003   0.00000E+000
000200   6.85715E-002   4.26587E+000   4.38274E+000   3.35081E+001   0.00000E+000   1.00000E+003   0.00000E+000
000210   7.20000E-002   4.38274E+000   4.61649E+000   3.34823E+001   0.00000E+000   1.00000E+003   0.00000E+000
000220   7.54286E-002   4.49961E+000   4.73336E+000   3.34569E+001   0.00000E+000   1.00000E+003   0.00000E+000
000230   7.88572E-002   4.73336E+000   4.85023E+000   3.34159E+001   0.00000E+000   1.00000E+003   0.00000E+000
000240   8.22857E-002   4.85023E+000   5.08398E+000   3.33901E+001   0.00000E+000   1.00000E+003   0.00000E+000
000250   8.57143E-002   4.96711E+000   5.20085E+000   3.33646E+001   0.00000E+000   1.00000E+003   0.00000E+000
000260   8.91429E-002   5.20085E+000   5.31773E+000   3.33225E+001   0.00000E+000   1.00000E+003   0.00000E+000
000270   9.25715E-002   5.31773E+000   5.55147E+000   3.32966E+001   0.00000E+000   1.00000E+003   0.00000E+000
000280   9.60000E-002   5.43460E+000   5.66834E+000   3.32710E+001   0.00000E+000   1.00000E+003   0.00000E+000
000290   9.94286E-002   5.66834E+000   5.78522E+000   3.32279E+001   0.00000E+000   1.00000E+003   0.00000E+000
000300   1.02857E-001   5.78522E+000   6.01896E+000   3.32019E+001   0.00000E+000   1.00000E+003   0.00000E+000
000310   1.06286E-001   5.90209E+000   6.13584E+000   3.31760E+001   0.00000E+000   1.00000E+003   0.00000E+000
000320   1.09714E-001   6.13584E+000   6.36958E+000   3.31321E+001   0.00000E+000   1.00000E+003   0.00000E+000
000330   1.13143E-001   6.25271E+000   6.48646E+000   3.31058E+001   0.00000E+000   1.00000E+003   0.00000E+000
000340   1.16571E-001   6.36958E+000   6.72020E+000   3.30797E+001   0.00000E+000   1.00000E+003   0.00000E+000
000350   1.20000E-001   6.48646E+000   6.83708E+000   3.30537E+001   0.00000E+000   1.00000E+003   0.00000E+000
000360   1.23429E-001   6.72020E+000   6.95395E+000   3.30084E+001   0.00000E+000   1.00000E+003   0.00000E+000
000370   1.26857E-001   6.83708E+000   7.07082E+000   3.29820E+001   0.00000E+000   1.00000E+003   0.00000E+000
000380   1.30286E-001   6.95395E+000   7.18769E+000   3.29557E+001   0.00000E+000   1.00000E+003   0.00000E+000
000390   1.33714E-001   7.07082E+000   7.18769E+000   3.29294E+001   0.00000E+000   1.00000E+003   0.00000E+000
000400   1.37143E-001   7.30457E+000   7.30457E+000   3.28828E+001   0.00000E+000   1.00000E+003   0.00000E+000
000410   1.40571E-001   7.42144E+000   7.42144E+000   3.28561E+001   0.00000E+000   1.00000E+003   0.00000E+000
000420   1.44000E-001   7.53831E+000   7.53831E+000   3.28295E+001   0.00000E+000   1.00000E+003   0.00000E+000
000430   1.47429E-001   7.65519E+000   7.77206E+000   3.28030E+001   0.00000E+000   1.00000E+003   0.00000E+000
000440   1.50857E-001   7.77206E+000   7.88893E+000   3.27765E+001   0.00000E+000   1.00000E+003   0.00000E+000
000450   1.54286E-001   8.00581E+000   8.00581E+000   3.27285E+001   0.00000E+000   1.00000E+003   0.00000E+000
000460   1.57714E-001   8.12268E+000   8.12268E+000   3.27016E+001   0.00000E+000   1.00000E+003   0.00000E+000
000470   1.61143E-001   8.23955E+000   8.23955E+000   3.26748E+001   0.00000E+000   1.00000E+003   0.00000E+000
000480   1.64571E-001   8.35643E+000   8.35643E+000   3.26480E+001   0.00000E+000   1.00000E+003   0.00000E+000
000490   1.68000E-001   8.47330E+000   8.47330E+000   3.26213E+001   0.00000E+000   1.00000E+003   0.00000E+000
000500   1.71429E-001   8.70704E+000   8.70704E+000   3.25721E+001   0.00000E+000   1.00000E+003   0.00000E+000
000510   1.74857E-001   8.82392E+000   8.82392E+000   3.25450E+001   0.00000E+000   1.00000E+003   0.00000E+000
000520   1.78286E-001   8.94079E+000   8.94079E+000   3.25179E+001   0.00000E+000   1.00000E+003   0.00000E+000
000530   1.81714E-001   9.05766E+000   9.05766E+000   3.24909E+001   0.00000E+000   1.00000E+003   0.00000E+000
000540   1.85143E-001   9.17454E+000   9.17454E+000   3.24639E+001   0.00000E+000   1.00000E+003   0.00000E+000
000550   1.88572E-001   9.40828E+000   9.29141E+000   3.24137E+001   0.00000E+000   1.00000E+003   0.00000E+000
000560   1.92000E-001   9.52516E+000   9.40828E+000   3.23864E+001   0.00000E+000   1.00000E+003   0.00000E+000
000570   1.95429E-001   9.64203E+000   9.52516E+000   3.23591E+001   0.00000E+000   1.00000E+003   0.00000E+000
000580   1.98857E-001   9.75890E+000   9.75890E+000   3.23318E+001   0.00000E+000   1.00000E+003   0.00000E+000
000590   2.02286E-001   9.87578E+000   9.87578E+000   3.23045E+001   0.00000E+000   1.00000E+003   0.00000E+000
000600   2.05714E-001   1.01095E+001   9.99265E+000   3.22536E+001   0.00000E+000   1.00000E+003   0.00000E+000
000610   2.09143E-001   1.02264E+001   1.01095E+001   3.22260E+001   0.00000E+000   1.00000E+003   0.00000E+000
000620   2.12572E-001   1.03433E+001   1.02264E+001   3.21985E+001   0.00000E+000   1.00000E+003   0.00000E+000
000630   2.16000E-001   1.04601E+001   1.03433E+001   3.21709E+001   0.00000E+000   1.00000E+003   0.00000E+000
000640   2.19429E-001   1.05770E+001   1.04601E+001   3.21434E+001   0.00000E+000   1.00000E+003   0.00000E+000
000650   2.22857E-001   1.06939E+001   1.05770E+001   3.21159E+001   0.00000E+000   1.00000E+003   0.00000E+000
000660   2.26286E-001   1.08108E+001   1.08108E+001   3.20885E+001   0.00000E+000   1.00000E+003   0.00000E+000
000670   2.29714E-001   1.10445E+001   1.09276E+001   3.20364E+001   0.00000E+000   1.00000E+003   0.00000E+000
000680   2.33143E-001   1.11614E+001   1.10445E+001   3.20086E+001   0.00000E+000   1.00000E+003   0.00000E+000
000690   2.36572E-001   1.12783E+001   1.11614E+001   3.19809E+001   0.00000E+000   1.00000E+003   0.00000E+000
000700   2.40000E-001   1.13951E+001   1.12783E+001   3.19531E+001   0.00000E+000   1.00000E+003   0.00000E+000
000710   2.43429E-001   1.15120E+001   1.13951E+001   3.19255E+001   0.00000E+000   1.00000E+003   0.00000E+000
000720   2.46857E-001   1.16289E+001   1.15120E+001   3.18978E+001   0.00000E+000   1.00000E+003   0.00000E+000
000730   2.50286E-001   1.17457E+001   1.16289E+001   3.18701E+001   0.00000E+000   1.00000E+003   0.00000E+000
000740   2.53714E-001   1.19795E+001   1.17457E+001   3.18171E+001   0.00000E+000   1.00000E+003   0.00000E+000
000750   2.57143E-001   1.20964E+001   1.19795E+001   3.17892E+001   0.00000E+000   1.00000E+003   0.00000E+000
000760   2.60572E-001   1.22132E+001   1.20964E+001   3.17613E+001   0.00000E+000   1.00000E+003   0.00000E+000
000770   2.64000E-001   1.23301E+001   1.22132E+001   3.17334E+001   0.00000E+000   1.00000E+003   0.00000E+000
000780   2.67429E-001   1.24470E+001   1.23301E+001   3.17055E+001   0.00000E+000   1.00000E+003   0.00000E+000
000790   2.70857E-001   1.25639E+001   1.24470E+001   3.16777E+001   0.00000E+000   1.00000E+003   0.00000E+000
000800   2.74286E-001   1.26807E+001   1.25639E+001   3.16498E+001   0.00000E+000   1.00000E+003   0.00000E+000
000810   2.77714E-001   1.27976E+001   1.26807E+001   3.16220E+001   0.00000E+000   1.00000E+003   0.00000E+000
000820   2.81143E-001   1.30313E+001   1.27976E+001   3.15680E+001   0.00000E+000   1.00000E+003   0.00000E+000
000830   2.84572E-001   1.31482E+001   1.29145E+001   3.15400E+001   0.00000E+000   1.00000E+003   0.00000E+000
000840   2.88000E-001   1.32651E+001   1.30313E+001   3.15119E+001   0.00000E+000   1.00000E+003   0.00000E+000
000850   2.91429E-001   1.33820E+001   1.31482E+001   3.14839E+001   0.00000E+000   1.00000E+003   0.00000E+000
000860   2.94857E-001   1.34988E+001   1.33820E+001   3.14559E+001   0.00000E+000   1.00000E+003   0.00000E+000
000870   2.98286E-001   1.36157E+001   1.34988E+001   3.14279E+001   0.00000E+000   1.00000E+003   0.00000E+000
000880   3.01714E-001   1.37326E+001   1.36157E+001   3.14000E+001   0.00000E+000   1.00000E+003   0.00000E+000
000890   3.05143E-001   1.38495E+001   1.37326E+001   3.13720E+001   0.00000E+000   1.00000E+003   0.00000E+000
000900   3.08572E-001   1.39663E+001   1.38495E+001   3.13441E+001   0.00000E+000   1.00000E+003   0.00000E+000
000910   3.12000E-001   1.42001E+001   1.39663E+001   3.12891E+001   0.00000E+000   1.00000E+003   0.00000E+000
000920   3.15429E-001   1.43170E+001   1.40832E+001   3.12609E+001   0.00000E+000   1.00000E+003   0.00000E+000
000930   3.18857E-001   1.44338E+001   1.42001E+001   3.12328E+001   0.00000E+000   1.00000E+003   0.00000E+000
000940   3.22286E-001   1.45507E+001   1.43170E+001   3.12047E+001   0.00000E+000   1.00000E+003   0.00000E+000
000950   3.25714E-001   1.46676E+001   1.44338E+001   3.11765E+001   0.00000E+000   1.00000E+003   0.00000E+000
000960   3.29143E-001   1.47844E+001   1.45507E+001   3.11484E+001   0.00000E+000   1.00000E+003   0.00000E+000
000970   3.32572E-001   1.49013E+001   1.46676E+001   3.11203E+001   0.00000E+000   1.00000E+003   0.00000E+000
000980   3.36000E-001   1.50182E+001   1.47844E+001   3.10923E+001   0.00000E+000   1.00000E+003   0.00000E+000
000990   3.39429E-001   1.51351E+001   1.49013E+001   3.10642E+001   0.00000E+000   1.00000E+003   0.00000E+000
001000   3.42857E-001   1.52519E+001   1.50182E+001   3.10361E+001   0.00000E+000   1.00000E+003   0.00000E+000
001010   3.46286E-001   1.53688E+001   1.51351E+001   3.10081E+001   0.00000E+000   1.00000E+003   0.00000E+000
001020   3.49714E-001   1.56026E+001   1.53688E+001   3.09519E+001   0.00000E+000   1.00000E+003   0.00000E+000
001030   3.53143E-001   1.57194E+001   1.54857E+001   3.09237E+001   0.00000E+000   1.00000E+003   0.00000E+000
001040   3.56572E-001   1.58363E+001   1.56026E+001   3.08954E+001   0.00000E+000   1.00000E+003   0.00000E+000
001050   3.60000E-001   1.59532E+001   1.57194E+001   3.08672E+001   0.00000E+000   1.00000E+003   0.00000E+000
001060   3.63429E-001   1.60700E+001   1.58363E+001   3.08390E+001   0.00000E+000   1.00000E+003   0.00000E+000
001070   3.66857E-001   1.61869E+001   1.59532E+001   3.08108E+001   0.00000E+000   1.00000E+003   0.00000E+000
001080   3.70286E-001   1.63038E+001   1.60700E+001   3.07825E+001   0.00000E+000   1.00000E+003   0.00000E+000
001090   3.73714E-001   1.64207E+001   1.61869E+001   3.07543E+001   0.00000E+000   1.00000E+003   0.00000E+000
001100   3.77143E-001   1.65375E+001   1.63038E+001   3.07261E+001   0.00000E+000   1.00000E+003   0.00000E+000
001110   3.80572E-001   1.66544E+001   1.64207E+001   3.06979E+001   0.00000E+000   1.00000E+003   0.00000E+000
001120   3.84000E-001   1.67713E+001   1.65375E+001   3.06697E+001   0.00000E+000   1.00000E+003   0.00000E+000
001130   3.87429E-001   1.68882E+001   1.66544E+001   3.06415E+001   0.00000E+000   1.00000E+003   0.00000E+000
001140   3.90857E-001   1.70050E+001   1.67713E+001   3.06133E+001   0.00000E+000   1.00000E+003   0.00000E+000
001150   3.94286E-001   1.71219E+001   1.68882E+001   3.05851E+001   0.00000E+000   1.00000E+003   0.00000E+000
001160   3.97714E-001   1.73557E+001   1.70050E+001   3.05277E+001   0.00000E+000   1.00000E+003   0.00000E+000
001170   4.01143E-001   1.74725E+001   1.71219E+001   3.04994E+001   0.00000E+000   1.00000E+003   0.00000E+000
001180   4.04572E-001   1.75894E+001   1.72388E+001   3.04710E+001   0.00000E+000   1.00000E+003   0.00000E+000
001190   4.08000E-001   1.77063E+001   1.73557E+001   3.04426E+001   0.00000E+000   1.00000E+003   0.00000E+000
001200   4.11429E-001   1.78231E+001   1.74725E+001   3.04143E+001   0.00000E+000   1.00000E+003   0.00000E+000
001210   4.14857E-001   1.79400E+001   1.75894E+001   3.03859E+001   0.00000E+000   1.00000E+003   0.00000E+000
001220   4.18286E-001   1.80569E+001   1.77063E+001   3.03576E+001   0.00000E+000   1.00000E+003   0.00000E+000
001230   4.21714E-001   1.81738E+001   1.78231E+001   3.03292E+001   0.00000E+000   1.00000E+003   0.00000E+000
001240   4.25143E-001   1.82906E+001   1.79400E+001   3.03009E+001   0.00000E+000   1.00000E+003   0.00000E+000
001250   4.28572E-001   1.84075E+001   1.80569E+001   3.02725E+001   0.00000E+000   1.00000E+003   0.00000E+000
001260   4.32000E-001   1.85244E+001   1.81738E+001   3.02442E+001   0.00000E+000   1.00000E+003   0.00000E+000
001270   4.35429E-001   1.86413E+001   1.82906E+001   3.02158E+001   0.00000E+000   1.00000E+003   0.00000E+000
001280   4.38857E-001   1.87581E+001   1.84075E+001   3.01874E+001   0.00000E+000   1.00000E+003   0.00000E+000
001290   4.42286E-001   1.88750E+001   1.85244E+001   3.01591E+001   0.00000E+000   1.00000E+003   0.00000E+000
001300   4.45714E-001   1.89919E+001   1.86413E+001   3.01307E+001   0.00000E+000   1.00000E+003   0.00000E+000
001310   4.49143E-001   1.91087E+001   1.87581E+001   3.01024E+001   0.00000E+000   1.00000E+003   0.00000E+000
001320   4.52572E-001   1.92256E+001   1.88750E+001   3.00740E+001   0.00000E+000   1.00000E+003   0.00000E+000
001330   4.56000E-001   1.93425E+001   1.89919E+001   3.00456E+001   0.00000E+000   1.00000E+003   0.00000E+000
001340   4.59429E-001   1.94594E+001   1.91087E+001   3.00172E+001   0.00000E+000   1.00000E+003   0.00000E+000
001350   4.62857E-001   1.95762E+001   1.92256E+001   2.99889E+001   0.00000E+000   1.00000E+003   0.00000E+000
001360   4.66286E-001   1.96931E+001   1.93425E+001   2.99605E+001   0.00000E+000   1.00000E+003   0.00000E+000
001370   4.69714E-001   1.98100E+001   1.94594E+001   2.99321E+001   0.00000E+000   1.00000E+003   0.00000E+000
001380   4.73143E-001   1.99269E+001   1.95762E+001   2.99037E+001   0.00000E+000   1.00000E+003   0.00000E+000
001390   4.76572E-001   2.00437E+001   1.96931E+001   2.98753E+001   0.00000E+000   1.00000E+003   0.00000E+000
001400   4.80000E-001   2.01606E+001   1.98100E+001   2.98469E+001   0.00000E+000   1.00000E+003   0.00000E+000
001410   4.83429E-001   2.03944E+001   1.99269E+001   2.97876E+001   0.00000E+000   1.00000E+003   0.00000E+000
001420   4.86857E-001   2.05112E+001   2.00437E+001   2.97591E+001   0.00000E+000   1.00000E+003   0.00000E+000
001430   4.90286E-001   2.06281E+001   2.01606E+001   2.97306E+001   0.00000E+000   1.00000E+003   0.00000E+000
001440   4.93714E-001   2.07450E+001   2.02775E+001   2.97021E+001   0.00000E+000   1.00000E+003   0.00000E+000
001450   4.97143E-001   2.08618E+001   2.03944E+001   2.96736E+001   0.00000E+000   1.00000E+003   0.00000E+000
001460   5.00572E-001   2.09787E+001   2.05112E+001   2.96451E+001   0.00000E+000   1.00000E+003   0.00000E+000
001470   5.04000E-001   2.10956E+001   2.06281E+001   2.96165E+001   0.00000E+000   1.00000E+003   0.00000E+000
001480   5.07429E-001   2.12125E+001   2.07450E+001   2.95880E+001   0.00000E+000   1.00000E+003   0.00000E+000
001490   5.10857E-001   2.13293E+001   2.08618E+001   2.95595E+001   0.00000E+000   1.00000E+003   0.00000E+000
001500   5.14286E-001   2.14462E+001   2.09787E+001   2.95310E+001   0.00000E+000   1.00000E+003   0.00000E+000
001510   5.17714E-001   2.15631E+001   2.10956E+001   2.95025E+001   0.00000E+000   1.00000E+003   0.00000E+000
001520   5.21143E-001   2.16800E+001   2.12125E+001   2.94739E+001   0.00000E+000   1.00000E+003   0.00000E+000
001530   5.24572E-001   2.17968E+001   2.13293E+001   2.94454E+001   0.00000E+000   1.00000E+003   0.00000E+000
001540   5.28000E-001   2.19137E+001   2.14462E+001   2.94169E+001   0.00000E+000   1.00000E+003   0.00000E+000
001550   5.31429E-001   2.20306E+001   2.15631E+001   2.93883E+001   0.00000E+000   1.00000E+003   0.00000E+000
001560   5.34857E-001   2.21474E+001   2.16800E+001   2.93598E+001   0.00000E+000   1.00000E+003   0.00000E+000
001570   5.38286E-001   2.22643E+001   2.17968E+001   2.93312E+001   0.00000E+000   1.00000E+003   0.00000E+000
001580   5.41714E-001   2.23812E+001   2.19137E+001   2.93027E+001   0.00000E+000   1.00000E+003   0.00000E+000
001590   5.45143E-001   2.24981E+001   2.20306E+001   2.92741E+001   0.00000E+000   1.00000E+003   0.00000E+000
001600   5.48572E-001   2.26149E+001   2.21474E+001   2.92456E+001   0.00000E+000   1.00000E+003   0.00000E+000
001610   5.52000E-001   2.27318E+001   2.22643E+001   2.92170E+001   0.00000E+000   1.00000E+003   0.00000E+000
001620   5.55429E-001   2.28487E+001   2.23812E+001   2.91885E+001   0.00000E+000   1.00000E+003   0.00000E+000
001630   5.58857E-001   2.29656E+001   2.24981E+001   2.91599E+001   7.00406E-005   1.00000E+003   0.00000E+000
001640   5.62286E-001   2.30824E+001   2.26149E+001   2.91313E+001   7.00375E-005   1.00000E+003   0.00000E+000
001650   5.65715E-001   2.31993E+001   2.27318E+001   2.91028E+001   7.00346E-005   1.00000E+003   0.00000E+000
001660   5.69143E-001   2.33162E+001   2.27318E+001   2.90742E+001   7.00317E-005   1.00000E+003   0.00000E+000
001670   5.72572E-001   2.34331E+001   2.28487E+001   2.90456E+001   7.00288E-005   1.00000E+003   0.00000E+000
001680   5.76000E-001   2.35499E+001   2.29656E+001   2.90170E+001   7.00257E-005   1.00000E+003   0.00000E+000
001690   5.79429E-001   2.36668E+001   2.30824E+001   2.89885E+001   7.00225E-005   1.00000E+003   0.00000E+000
001700   5.82857E-001   2.37837E+001   2.31993E+001   2.89599E+001   7.00189E-005   1.00000E+003   0.00000E+000
001710   5.86286E-001   2.39005E+001   2.33162E+001   2.89313E+001   7.00150E-005   1.00000E+003   0.00000E+000
001720   5.89715E-001   2.40174E+001   2.34331E+001   2.89027E+001   7.00107E-005   1.00000E+003   0.00000E+000
001730   5.93143E-001   2.41343E+001   2.35499E+001   2.88741E+001   7.00059E-005   1.00000E+003   0.00000E+000
001740   5.96572E-001   2.42512E+001   2.36668E+001   2.88455E+001   7.00005E-005   1.00000E+003   0.00000E+000
001750   6.00000E-001   2.43680E+001   2.37837E+001   2.88169E+001   6.99946E-005   1.00000E+003   0.00000E+000
001760   6.03429E-001   2.44849E+001   2.39005E+001   2.87883E+001   6.99881E-005   1.00000E+003   0.00000E+000
001770   6.06857E-001   2.44849E+001   2.40174E+001   2.87927E+001   6.99809E-005   1.00000E+003   0.00000E+000
001780   6.10286E-001   2.46018E+001   2.41343E+001   2.87641E+001   6.99731E-005   1.00000E+003   0.00000E+000
001790   6.13715E-001   2.47187E+001   2.42512E+001   2.87355E+001   6.99646E-005   1.00000E+003   0.00000E+000
001800   6.17143E-001   2.48355E+001   2.43680E+001   2.87069E+001   6.99555E-005   1.00000E+003   0.00000E+000
001810   6.20572E-001   2.49524E+001   2.44849E+001   2.86784E+001   6.99456E-005   1.00000E+003   0.00000E+000
001820   6.24000E-001   2.50693E+001   2.46018E+001   2.86498E+001   6.99351E-005   1.00000E+003   0.00000E+000
001830   6.27429E-001   2.51861E+001   2.47187E+001   2.86212E+001   6.99238E-005   1.00000E+003   0.00000E+000
001840   6.30857E-001   2.53030E+001   2.48355E+001   2.85926E+001   6.99119E-005   1.00000E+003   0.00000E+000
001850   6.34286E-001   2.54199E+001   2.49524E+001   2.85640E+001   6.98992E-005   1.00000E+003   0.00000E+000
001860   6.37715E-001   2.55368E+001   2.49524E+001   2.85354E+001   6.98859E-005   1.00000E+003   0.00000E+000
001870   6.41143E-001   2.56536E+001   2.50693E+001   2.85068E+001   6.98719E-005   1.00000E+003   0.00000E+000
001880   6.44572E-001   2.57705E+001   2.51861E+001   2.84781E+001   6.98572E-005   1.00000E+003   0.00000E+000
001890   6.48000E-001   2.58874E+001   2.53030E+001   2.84495E+001   6.98418E-005   1.00000E+003   0.00000E+000
001900   6.51429E-001   2.60043E+001   2.54199E+001   2.84209E+001   6.98258E-005   1.00000E+003   0.00000E+000
001910   6.54857E-001   2.61211E+001   2.55368E+001   2.83923E+001   6.98092E-005   1.00000E+003   0.00000E+000
001920   6.58286E-001   2.62380E+001   2.56536E+001   2.83637E+001   6.97920E-005   1.00000E+003   0.00000E+000
001930   6.61715E-001   2.63549E+001   2.57705E+001   2.83351E+001   6.97742E-005   1.00000E+003   0.00000E+000
001940   6.65143E-001   2.64718E+001   2.58874E+001   2.83064E+001   6.97559E-005   1.00000E+003   0.00000E+000
001950   6.68572E-001   2.65886E+001   2.60043E+001   2.82778E+001   6.97371E-005   1.00000E+003   0.00000E+000
001960   6.72000E-001   2.67055E+001   2.61211E+001   2.82492E+001   6.97178E-005   1.00000E+003   0.00000E+000
001970   6.75429E-001   2.68224E+001   2.62380E+001   2.82206E+001   6.96980E-005   1.00000E+003   0.00000E+000
001980   6.78857E-001   2.69392E+001   2.63549E+001   2.81919E+001   6.96779E-005   1.00000E+003   0.00000E+000
001990   6.82286E-001   2.70561E+001   2.64718E+001   2.81633E+001   6.96574E-005   1.00000E+003   0.00000E+000
002000   6.85715E-001   2.71730E+001   2.64718E+001   2.81347E+001   6.96367E-005   1.00000E+003   0.00000E+000
002010   6.89143E-001   2.72899E+001   2.65886E+001   2.81060E+001   6.96157E-005   1.00000E+003   0.00000E+000
002020   6.92572E-001   2.74067E+001   2.67055E+001   2.80774E+001   6.95946E-005   1.00000E+003   0.00000E+000
002030   6.96000E-001   2.75236E+001   2.68224E+001   2.80488E+001   6.95734E-005   1.00000E+003   0.00000E+000
002040   6.99429E-001   2.75236E+001   2.69392E+001   2.80546E+001   6.95522E-005   1.00000E+003   0.00000E+000
002050   7.02857E-001   2.76405E+001   2.70561E+001   2.80259E+001   6.95311E-005   1.00000E+003   0.00000E+000
002060   7.06286E-001   2.77574E+001   2.71730E+001   2.79973E+001   6.95100E-005   1.00000E+003   0.00000E+000
002070   7.09715E-001   2.78742E+001   2.72899E+001   2.79686E+001   6.94891E-005   1.00000E+003   0.00000E+000
002080   7.13143E-001   2.79911E+001   2.74067E+001   2.79400E+001   6.94683E-005   1.00000E+003   0.00000E+000
002090   7.16572E-001   2.81080E+001   2.75236E+001   2.79113E+001   6.94478E-005   1.00000E+003   0.00000E+000
002100   7.20000E-001   2.82248E+001   2.76405E+001   2.78827E+001   6.94275E-005   1.00000E+003   0.00000E+000
002110   7.23429E-001   2.83417E+001   2.77574E+001   2.78540E+001   6.94075E-005   1.00000E+003   0.00000E+000
002120   7.26857E-001   2.84586E+001   2.78742E+001   2.78253E+001   6.93877E-005   1.00000E+003   0.00000E+000
002130   7.30286E-001   2.85755E+001   2.78742E+001   2.77967E+001   6.93683E-005   1.00000E+003   0.00000E+000
002140   7.33715E-001   2.86923E+001   2.79911E+001   2.77680E+001   6.93490E-005   1.00000E+003   0.00000E+000
002150   7.37143E-001   2.88092E+001   2.81080E+001   2.77394E+001   6.93301E-005   1.00000E+003   0.00000E+000
002160   7.40572E-001   2.89261E+001   2.82248E+001   2.77107E+001   6.93113E-005   1.00000E+003   0.00000E+000
002170   7.44000E-001   2.90430E+001   2.83417E+001   2.76821E+001   6.92928E-005   1.00000E+003   0.00000E+000
002180   7.47429E-001   2.91598E+001   2.84586E+001   2.76534E+001   6.92746E-005   1.00000E+003   0.00000E+000
002190   7.50857E-001   2.92767E+001   2.85755E+001   2.76248E+001   6.92565E-005   1.00000E+003   0.00000E+000
002200   7.54286E-001   2.93936E+001   2.86923E+001   2.75961E+001   6.92385E-005   1.00000E+003   0.00000E+000
002210   7.57715E-001   2.93936E+001   2.88092E+001   2.76028E+001   6.92208E-005   1.00000E+003   0.00000E+000
002220   7.61143E-001   2.95105E+001   2.89261E+001   2.75741E+001   6.92031E-005   1.00000E+003   0.00000E+000
002230   7.64572E-001   2.96273E+001   2.89261E+001   2.75454E+001   6.91856E-005   1.00000E+003   0.00000E+000
002240   7.68000E-001   2.97442E+001   2.90430E+001   2.75167E+001   6.91682E-005   1.00000E+003   0.00000E+000
002250   7.71429E-001   2.98611E+001   2.91598E+001   2.74880E+001   6.91509E-005   1.00000E+003   0.00000E+000
002260   7.74857E-001   2.99779E+001   2.92767E+001   2.74593E+001   6.91336E-005   1.00000E+003   0.00000E+000
002270   7.78286E-001   3.00948E+001   2.93936E+001   2.74307E+001   6.91163E-005   1.00000E+003   0.00000E+000
002280   7.81715E-001   3.02117E+001   2.95105E+001   2.74020E+001   6.90991E-005   1.00000E+003   0.00000E+000
002290   7.85143E-001   3.03286E+001   2.96273E+001   2.73733E+001   6.90820E-005   1.00000E+003   0.00000E+000
002300   7.88572E-001   3.04454E+001   2.97442E+001   2.73446E+001   6.90648E-005   1.00000E+003   0.00000E+000
002310   7.92000E-001   3.05623E+001   2.98611E+001   2.73160E+001   6.90476E-005   1.00000E+003   0.00000E+000
002320   7.95429E-001   3.06792E+001   2.99779E+001   2.72873E+001   6.90305E-005   1.00000E+003   0.00000E+000
002330   7.98857E-001   3.07961E+001   2.99779E+001   2.72586E+001   6.90133E-005   1.00000E+003   0.00000E+000
002340   8.02286E-001   3.07961E+001   3.00948E+001   2.72659E+001   6.89961E-005   1.00000E+003   0.00000E+000
002350   8.05715E-001   3.09129E+001   3.02117E+001   2.72372E+001   6.89789E-005   1.00000E+003   0.00000E+000
002360   8.09143E-001   3.10298E+001   3.03286E+001   2.72085E+001   6.89617E-005   1.00000E+003   0.00000E+000
002370   8.12572E-001   3.11467E+001   3.04454E+001   2.71798E+001   6.89445E-005   1.00000E+003   0.00000E+000
002380   8.16000E-001   3.12635E+001   3.05623E+001   2.71511E+001   6.89272E-005   1.00000E+003   0.00000E+000
002390   8.19429E-001   3.13804E+001   3.06792E+001   2.71224E+001   6.89100E-005   1.00000E+003   0.00000E+000
002400   8.22857E-001   3.14973E+001   3.07961E+001   2.70937E+001   6.88929E-005   1.00000E+003   0.00000E+000
002410   8.26286E-001   3.16142E+001   3.09129E+001   2.70650E+001   6.88757E-005   1.00000E+003   0.00000E+000
002420   8.29715E-001   3.17310E+001   3.09129E+001   2.70363E+001   6.88586E-005   1.00000E+003   0.00000E+000
002430   8.33143E-001   3.18479E+001   3.10298E+001   2.70076E+001   6.88416E-005   1.00000E+003   0.00000E+000
002440   8.36572E-001   3.19648E+001   3.11467E+001   2.69789E+001   6.88247E-005   1.00000E+003   0.00000E+000
002450   8.40000E-001   3.20817E+001   3.12635E+001   2.69503E+001   6.88079E-005   1.00000E+003   0.00000E+000
002460   8.43429E-001   3.20817E+001   3.13804E+001   2.69580E+001   6.87912E-005   1.00000E+003   0.00000E+000
002470   8.46857E-001   3.21985E+001   3.14973E+001   2.69293E+001   6.87747E-005   1.00000E+003   0.00000E+000
002480   8.50286E-001   3.23154E+001   3.16142E+001   2.69006E+001   6.87584E-005   1.00000E+003   0.00000E+000
002490   8.53715E-001   3.24323E+001   3.17310E+001   2.68718E+001   6.87423E-005   1.00000E+003   0.00000E+000
002500   8.57143E-001   3.25492E+001   3.17310E+001   2.68431E+001   6.87265E-005   1.00000E+003   0.00000E+000
002510   8.60572E-001   3.26660E+001   3.18479E+001   2.68144E+001   6.87109E-005   1.00000E+003   0.00000E+000
002520   8.64000E-001   3.27829E+001   3.19648E+001   2.67857E+001   6.86957E-005   1.00000E+003   0.00000E+000
002530   8.67429E-001   3.28998E+001   3.20817E+001   2.67570E+001   6.86809E-005   1.00000E+003   0.00000E+000
002540   8.70857E-001   3.30166E+001   3.21985E+001   2.67283E+001   6.86664E-005   1.00000E+003   0.00000E+000
002550   8.74286E-001   3.31335E+001   3.23154E+001   2.66996E+001   6.86523E-005   1.00000E+003   0.00000E+000
002560   8.77715E-001   3.31335E+001   3.24323E+001   2.67079E+001   6.86386E-005   1.00000E+003   0.00000E+000
002570   8.81143E-001   3.32504E+001   3.25492E+001   2.66791E+001   6.86255E-005   1.00000E+003   0.00000E+000
002580   8.84572E-001   3.33673E+001   3.25492E+001   2.66503E+001   6.86128E-005   1.00000E+003   0.00000E+000
002590   8.88000E-001   3.34841E+001   3.26660E+001   2.66216E+001   6.86006E-005   1.00000E+003   0.00000E+000
002600   8.91429E-001   3.36010E+001   3.27829E+001   2.65928E+001   6.85890E-005   1.00000E+003   0.00000E+000
002610   8.94857E-001   3.37179E+001   3.28998E+001   2.65641E+001   6.85780E-005   1.00000E+003   0.00000E+000
002620   8.98286E-001   3.38348E+001   3.30166E+001   2.65354E+001   6.85676E-005   1.00000E+003   0.00000E+000
002630   9.01715E-001   3.39516E+001   3.31335E+001   2.65066E+001   6.85577E-005   1.00000E+003   0.00000E+000
002640   9.05143E-001   3.40685E+001   3.32504E+001   2.64779E+001   6.85485E-005   1.00000E+003   0.00000E+000
002650   9.08572E-001   3.41854E+001   3.33673E+001   2.64492E+001   6.85399E-005   1.00000E+003   0.00000E+000
002660   9.12000E-001   3.41854E+001   3.33673E+001   2.64579E+001   6.85319E-005   1.00000E+003   0.00000E+000
002670   9.15429E-001   3.43022E+001   3.34841E+001   2.64291E+001   6.85246E-005   1.00000E+003   0.00000E+000
002680   9.18858E-001   3.44191E+001   3.36010E+001   2.64003E+001   6.85179E-005   1.00000E+003   0.00000E+000
002690   9.22286E-001   3.45360E+001   3.37179E+001   2.63715E+001   6.85118E-005   1.00000E+003   0.00000E+000
002700   9.25715E-001   3.46529E+001   3.38348E+001   2.63428E+001   6.85063E-005   1.00000E+003   0.00000E+000
002710   9.29143E-001   3.47697E+001   3.39516E+001   2.63140E+001   6.85015E-005   1.00000E+003   0.00000E+000
002720   9.32572E-001   3.48866E+001   3.40685E+001   2.62853E+001   6.84973E-005   1.00000E+003   0.00000E+000
002730   9.36000E-001   3.50035E+001   3.40685E+001   2.62565E+001   6.84937E-005   1.00000E+003   0.00000E+000
002740   9.39429E-001   3.50035E+001   3.41854E+001   2.62657E+001   6.84906E-005   1.00000E+003   0.00000E+000
002750   9.42858E-001   3.51204E+001   3.43022E+001   2.62368E+001   6.84882E-005   1.00000E+003   0.00000E+000
002760   9.46286E-001   3.52372E+001   3.44191E+001   2.62080E+001   6.84862E-005   1.00000E+003   0.00000E+000
002770   9.49715E-001   3.53541E+001   3.45360E+001   2.61792E+001   6.84848E-005   1.00000E+003   0.00000E+000
002780   9.53143E-001   3.54710E+001   3.46529E+001   2.61504E+001   6.84839E-005   1.00000E+003   0.00000E+000
002790   9.56572E-001   3.55879E+001   3.47697E+001   2.61216E+001   6.84834E-005   1.00000E+003   0.00000E+000
002800   9.60000E-001   3.57047E+001   3.47697E+001   2.60929E+001   6.84834E-005   1.00000E+003   0.00000E+000
002810   9.63429E-001   3.58216E+001   3.48866E+001   2.60641E+001   6.84839E-005   1.00000E+003   0.00000E+000
002820   9.66858E-001   3.59385E+001   3.50035E+001   2.60354E+001   6.84847E-005   1.00000E+003   0.00000E+000
002830   9.70286E-001   3.59385E+001   3.51204E+001   2.60448E+001   6.84859E-005   1.00000E+003   0.00000E+000
002840   9.73715E-001   3.60553E+001   3.52372E+001   2.60159E+001   6.84874E-005   1.00000E+003   0.00000E+000
002850   9.77143E-001   3.61722E+001   3.53541E+001   2.59871E+001   6.84893E-005   1.00000E+003   0.00000E+000
002860   9.80572E-001   3.62891E+001   3.53541E+001   2.59583E+001   6.84914E-005   1.00000E+003   0.00000E+000
002870   9.84000E-001   3.64060E+001   3.54710E+001   2.59295E+001   6.84938E-005   1.00000E+003   0.00000E+000
002880   9.87429E-001   3.65228E+001   3.55879E+001   2.59007E+001   6.84965E-005   1.00000E+003   0.00000E+000
002890   9.90858E-001   3.66397E+001   3.57047E+001   2.58719E+001   6.84994E-005   1.00000E+003   0.00000E+000
002900   9.94286E-001   3.66397E+001   3.58216E+001   2.58817E+001   6.85025E-005   1.00000E+003   0.00000E+000
002910   9.97715E-001   3.67566E+001   3.59385E+001   2.58528E+001   6.85058E-005   1.00000E+003   0.00000E+000
002920   1.00114E+000   3.68735E+001   3.60553E+001   2.58240E+001   6.85092E-005   1.00000E+003   0.00000E+000
002930   1.00457E+000   3.69903E+001   3.60553E+001   2.57951E+001   6.85128E-005   1.00000E+003   0.00000E+000
002940   1.00800E+000   3.71072E+001   3.61722E+001   2.57663E+001   6.85165E-005   1.00000E+003   0.00000E+000
002950   1.01143E+000   3.72241E+001   3.62891E+001   2.57375E+001   6.85203E-005   1.00000E+003   0.00000E+000
002960   1.01486E+000   3.73409E+001   3.64060E+001   2.57087E+001   6.85243E-005   1.00000E+003   0.00000E+000
002970   1.01829E+000   3.74578E+001   3.65228E+001   2.56799E+001   6.85283E-005   1.00000E+003   0.00000E+000
002980   1.02171E+000   3.74578E+001   3.66397E+001   2.56899E+001   6.85324E-005   1.00000E+003   0.00000E+000
002990   1.02514E+000   3.75747E+001   3.66397E+001   2.56610E+001   6.85366E-005   1.00000E+003   0.00000E+000
003000   1.02857E+000   3.76916E+001   3.67566E+001   2.56321E+001   6.85409E-005   1.00000E+003   0.00000E+000
003010   1.03200E+000   3.78084E+001   3.68735E+001   2.56033E+001   6.85452E-005   1.00000E+003   0.00000E+000
003020   1.03543E+000   3.79253E+001   3.69903E+001   2.55744E+001   6.85495E-005   1.00000E+003   0.00000E+000
003030   1.03886E+000   3.80422E+001   3.71072E+001   2.55456E+001   6.85539E-005   1.00000E+003   0.00000E+000
003040   1.04229E+000   3.81591E+001   3.72241E+001   2.55168E+001   6.85584E-005   1.00000E+003   0.00000E+000
003050   1.04571E+000   3.81591E+001   3.72241E+001   2.55271E+001   6.85629E-005   1.00000E+003   0.00000E+000
003060   1.04914E+000   3.82759E+001   3.73409E+001   2.54982E+001   6.85674E-005   1.00000E+003   0.00000E+000
003070   1.05257E+000   3.83928E+001   3.74578E+001   2.54693E+001   6.85719E-005   1.00000E+003   0.00000E+000
003080   1.05600E+000   3.85097E+001   3.75747E+001   2.54404E+001   6.85765E-005   1.00000E+003   0.00000E+000
003090   1.05943E+000   3.86266E+001   3.76916E+001   2.54115E+001   6.85812E-005   1.00000E+003   0.00000E+000
003100   1.06286E+000   3.87434E+001   3.78084E+001   2.53826E+001   6.85858E-005   1.00000E+003   0.00000E+000
003110   1.06629E+000   3.88603E+001   3.78084E+001   2.53538E+001   6.85905E-005   1.00000E+003   0.00000E+000
003120   1.06971E+000   3.88603E+001   3.79253E+001   2.53644E+001   6.85953E-005   1.00000E+003   0.00000E+000
003130   1.07314E+000   3.89772E+001   3.80422E+001   2.53354E+001   6.86001E-005   1.00000E+003   0.00000E+000
003140   1.07657E+000   3.90940E+001   3.81591E+001   2.53065E+001   6.86049E-005   1.00000E+003   0.00000E+000
003150   1.08000E+000   3.92109E+001   3.82759E+001   2.52776E+001   6.86097E-005   1.00000E+003   0.00000E+000
003160   1.08343E+000   3.93278E+001   3.82759E+001   2.52487E+001   6.86146E-005   1.00000E+003   0.00000E+000
003170   1.08686E+000   3.94447E+001   3.83928E+001   2.52198E+001   6.86195E-005   1.00000E+003   0.00000E+000
003180   1.09029E+000   3.94447E+001   3.85097E+001   2.52307E+001   6.86245E-005   1.00000E+003   0.00000E+000
003190   1.09371E+000   3.95615E+001   3.86266E+001   2.52017E+001   6.86295E-005   1.00000E+003   0.00000E+000
003200   1.09714E+000   3.96784E+001   3.87434E+001   2.51728E+001   6.86346E-005   1.00000E+003   0.00000E+000
003210   1.10057E+000   3.97953E+001   3.88603E+001   2.51438E+001   6.86397E-005   1.00000E+003   0.00000E+000
003220   1.10400E+000   3.99122E+001   3.88603E+001   2.51149E+001   6.86448E-005   1.00000E+003   0.00000E+000
003230   1.10743E+000   4.00290E+001   3.89772E+001   2.50860E+001   6.86500E-005   1.00000E+003   0.00000E+000
003240   1.11086E+000   4.01459E+001   3.90940E+001   2.50571E+001   6.86552E-005   1.00000E+003   0.00000E+000
003250   1.11429E+000   4.01459E+001   3.92109E+001   2.50681E+001   6.86605E-005   1.00000E+003   0.00000E+000
003260   1.11771E+000   4.02628E+001   3.93278E+001   2.50391E+001   6.86658E-005   1.00000E+003   0.00000E+000
003267   1.12000E+000   4.03796E+001   3.93278E+001   2.50068E+001   6.86695E-005   1.00000E+003   0.00000E+000
