compiling mechanism from directory mechanism/
gcc -MM -MG rxnrates/mducRxnRates.c | sed -e "s|^\(.*\)\.o:|/work/md777659/spray_model_development/codes/mduc_code/dep/mducRxnRates.d /work/md777659/spray_model_development/codes/mduc_code/obj/mducRxnRates.o:|" > /work/md777659/spray_model_development/codes/mduc_code/dep/mducRxnRates.d
gcc -MM -MG plot/gnuplotScript.c | sed -e "s|^\(.*\)\.o:|/work/md777659/spray_model_development/codes/mduc_code/dep/gnuplotScript.d /work/md777659/spray_model_development/codes/mduc_code/obj/gnuplotScript.o:|" > /work/md777659/spray_model_development/codes/mduc_code/dep/gnuplotScript.d
gcc -MM -MG plot/mducPlot.c | sed -e "s|^\(.*\)\.o:|/work/md777659/spray_model_development/codes/mduc_code/dep/mducPlot.d /work/md777659/spray_model_development/codes/mduc_code/obj/mducPlot.o:|" > /work/md777659/spray_model_development/codes/mduc_code/dep/mducPlot.d
gcc -MM -MG main/postProcess.c | sed -e "s|^\(.*\)\.o:|/work/md777659/spray_model_development/codes/mduc_code/dep/postProcess.d /work/md777659/spray_model_development/codes/mduc_code/obj/postProcess.o:|" > /work/md777659/spray_model_development/codes/mduc_code/dep/postProcess.d
gcc -MM -MG main/mducTools.c | sed -e "s|^\(.*\)\.o:|/work/md777659/spray_model_development/codes/mduc_code/dep/mducTools.d /work/md777659/spray_model_development/codes/mduc_code/obj/mducTools.o:|" > /work/md777659/spray_model_development/codes/mduc_code/dep/mducTools.d
gcc -MM -MG main/mducMain.c | sed -e "s|^\(.*\)\.o:|/work/md777659/spray_model_development/codes/mduc_code/dep/mducMain.d /work/md777659/spray_model_development/codes/mduc_code/obj/mducMain.o:|" > /work/md777659/spray_model_development/codes/mduc_code/dep/mducMain.d
gcc -MM -MG engine/engineUtils.c | sed -e "s|^\(.*\)\.o:|/work/md777659/spray_model_development/codes/mduc_code/dep/engineUtils.d /work/md777659/spray_model_development/codes/mduc_code/obj/engineUtils.o:|" > /work/md777659/spray_model_development/codes/mduc_code/dep/engineUtils.d
gcc -MM -MG engine/engine.c | sed -e "s|^\(.*\)\.o:|/work/md777659/spray_model_development/codes/mduc_code/dep/engine.d /work/md777659/spray_model_development/codes/mduc_code/obj/engine.o:|" > /work/md777659/spray_model_development/codes/mduc_code/dep/engine.d
gcc -MM -MG eos/mducEOS.c | sed -e "s|^\(.*\)\.o:|/work/md777659/spray_model_development/codes/mduc_code/dep/mducEOS.d /work/md777659/spray_model_development/codes/mduc_code/obj/mducEOS.o:|" > /work/md777659/spray_model_development/codes/mduc_code/dep/mducEOS.d
gcc -MM -MG eos/helmholtzEOS.c | sed -e "s|^\(.*\)\.o:|/work/md777659/spray_model_development/codes/mduc_code/dep/helmholtzEOS.d /work/md777659/spray_model_development/codes/mduc_code/obj/helmholtzEOS.o:|" > /work/md777659/spray_model_development/codes/mduc_code/dep/helmholtzEOS.d
gcc -MM -MG eos/pengRobinson.c | sed -e "s|^\(.*\)\.o:|/work/md777659/spray_model_development/codes/mduc_code/dep/pengRobinson.d /work/md777659/spray_model_development/codes/mduc_code/obj/pengRobinson.o:|" > /work/md777659/spray_model_development/codes/mduc_code/dep/pengRobinson.d
gcc -MM -MG eos/eosFluid.c | sed -e "s|^\(.*\)\.o:|/work/md777659/spray_model_development/codes/mduc_code/dep/eosFluid.d /work/md777659/spray_model_development/codes/mduc_code/obj/eosFluid.o:|" > /work/md777659/spray_model_development/codes/mduc_code/dep/eosFluid.d
gcc -MM -MG flamelet/steadyFlamelet.c | sed -e "s|^\(.*\)\.o:|/work/md777659/spray_model_development/codes/mduc_code/dep/steadyFlamelet.d /work/md777659/spray_model_development/codes/mduc_code/obj/steadyFlamelet.o:|" > /work/md777659/spray_model_development/codes/mduc_code/dep/steadyFlamelet.d
gcc -MM -MG flamelet/flamelet2D.c | sed -e "s|^\(.*\)\.o:|/work/md777659/spray_model_development/codes/mduc_code/dep/flamelet2D.d /work/md777659/spray_model_development/codes/mduc_code/obj/flamelet2D.o:|" > /work/md777659/spray_model_development/codes/mduc_code/dep/flamelet2D.d
gcc -MM -MG flamelet/flamelet1D.c | sed -e "s|^\(.*\)\.o:|/work/md777659/spray_model_development/codes/mduc_code/dep/flamelet1D.d /work/md777659/spray_model_development/codes/mduc_code/obj/flamelet1D.o:|" > /work/md777659/spray_model_development/codes/mduc_code/dep/flamelet1D.d
gcc -MM -MG flamelet/flameletUtils.c | sed -e "s|^\(.*\)\.o:|/work/md777659/spray_model_development/codes/mduc_code/dep/flameletUtils.d /work/md777659/spray_model_development/codes/mduc_code/obj/flameletUtils.o:|" > /work/md777659/spray_model_development/codes/mduc_code/dep/flameletUtils.d
gcc -MM -MG flamelet/flameletInit.c | sed -e "s|^\(.*\)\.o:|/work/md777659/spray_model_development/codes/mduc_code/dep/flameletInit.d /work/md777659/spray_model_development/codes/mduc_code/obj/flameletInit.o:|" > /work/md777659/spray_model_development/codes/mduc_code/dep/flameletInit.d
gcc -MM -MG stats/statsTools.c | sed -e "s|^\(.*\)\.o:|/work/md777659/spray_model_development/codes/mduc_code/dep/statsTools.d /work/md777659/spray_model_development/codes/mduc_code/obj/statsTools.o:|" > /work/md777659/spray_model_development/codes/mduc_code/dep/statsTools.d
gcc -MM -MG stats/mducStats.c | sed -e "s|^\(.*\)\.o:|/work/md777659/spray_model_development/codes/mduc_code/dep/mducStats.d /work/md777659/spray_model_development/codes/mduc_code/obj/mducStats.o:|" > /work/md777659/spray_model_development/codes/mduc_code/dep/mducStats.d
gcc -MM -MG stats/gaussPDF.c | sed -e "s|^\(.*\)\.o:|/work/md777659/spray_model_development/codes/mduc_code/dep/gaussPDF.d /work/md777659/spray_model_development/codes/mduc_code/obj/gaussPDF.o:|" > /work/md777659/spray_model_development/codes/mduc_code/dep/gaussPDF.d
gcc -MM -MG stats/smlPDF.c | sed -e "s|^\(.*\)\.o:|/work/md777659/spray_model_development/codes/mduc_code/dep/smlPDF.d /work/md777659/spray_model_development/codes/mduc_code/obj/smlPDF.o:|" > /work/md777659/spray_model_development/codes/mduc_code/dep/smlPDF.d
gcc -MM -MG stats/betaPDF.c | sed -e "s|^\(.*\)\.o:|/work/md777659/spray_model_development/codes/mduc_code/dep/betaPDF.d /work/md777659/spray_model_development/codes/mduc_code/obj/betaPDF.o:|" > /work/md777659/spray_model_development/codes/mduc_code/dep/betaPDF.d
gcc -MM -MG stats/statsUtils.c | sed -e "s|^\(.*\)\.o:|/work/md777659/spray_model_development/codes/mduc_code/dep/statsUtils.d /work/md777659/spray_model_development/codes/mduc_code/obj/statsUtils.o:|" > /work/md777659/spray_model_development/codes/mduc_code/dep/statsUtils.d
gcc -MM -MG chem/mducChem.c | sed -e "s|^\(.*\)\.o:|/work/md777659/spray_model_development/codes/mduc_code/dep/mducChem.d /work/md777659/spray_model_development/codes/mduc_code/obj/mducChem.o:|" > /work/md777659/spray_model_development/codes/mduc_code/dep/mducChem.d
gcc -MM -MG chem/wiebe.c | sed -e "s|^\(.*\)\.o:|/work/md777659/spray_model_development/codes/mduc_code/dep/wiebe.d /work/md777659/spray_model_development/codes/mduc_code/obj/wiebe.o:|" > /work/md777659/spray_model_development/codes/mduc_code/dep/wiebe.d
gcc -MM -MG chem/sootHMOM_f.c | sed -e "s|^\(.*\)\.o:|/work/md777659/spray_model_development/codes/mduc_code/dep/sootHMOM_f.d /work/md777659/spray_model_development/codes/mduc_code/obj/sootHMOM_f.o:|" > /work/md777659/spray_model_development/codes/mduc_code/dep/sootHMOM_f.d
gcc -MM -MG chem/sootHMOM.c | sed -e "s|^\(.*\)\.o:|/work/md777659/spray_model_development/codes/mduc_code/dep/sootHMOM.d /work/md777659/spray_model_development/codes/mduc_code/obj/sootHMOM.o:|" > /work/md777659/spray_model_development/codes/mduc_code/dep/sootHMOM.d
gcc -MM -MG chem/soot.c | sed -e "s|^\(.*\)\.o:|/work/md777659/spray_model_development/codes/mduc_code/dep/soot.d /work/md777659/spray_model_development/codes/mduc_code/obj/soot.o:|" > /work/md777659/spray_model_development/codes/mduc_code/dep/soot.d
gcc -MM -MG chem/chemUtils.c | sed -e "s|^\(.*\)\.o:|/work/md777659/spray_model_development/codes/mduc_code/dep/chemUtils.d /work/md777659/spray_model_development/codes/mduc_code/obj/chemUtils.o:|" > /work/md777659/spray_model_development/codes/mduc_code/dep/chemUtils.d
gcc -MM -MG chem/chemTable.c | sed -e "s|^\(.*\)\.o:|/work/md777659/spray_model_development/codes/mduc_code/dep/chemTable.d /work/md777659/spray_model_development/codes/mduc_code/obj/chemTable.o:|" > /work/md777659/spray_model_development/codes/mduc_code/dep/chemTable.d
gcc -MM -MG chem/transport.c | sed -e "s|^\(.*\)\.o:|/work/md777659/spray_model_development/codes/mduc_code/dep/transport.d /work/md777659/spray_model_development/codes/mduc_code/obj/transport.o:|" > /work/md777659/spray_model_development/codes/mduc_code/dep/transport.d
gcc -MM -MG chem/chemMech.c | sed -e "s|^\(.*\)\.o:|/work/md777659/spray_model_development/codes/mduc_code/dep/chemMech.d /work/md777659/spray_model_development/codes/mduc_code/obj/chemMech.o:|" > /work/md777659/spray_model_development/codes/mduc_code/dep/chemMech.d
gcc -MM -MG chem/chemInit.c | sed -e "s|^\(.*\)\.o:|/work/md777659/spray_model_development/codes/mduc_code/dep/chemInit.d /work/md777659/spray_model_development/codes/mduc_code/obj/chemInit.o:|" > /work/md777659/spray_model_development/codes/mduc_code/dep/chemInit.d
gcc -MM -MG io/iFileIO.c | sed -e "s|^\(.*\)\.o:|/work/md777659/spray_model_development/codes/mduc_code/dep/iFileIO.d /work/md777659/spray_model_development/codes/mduc_code/obj/iFileIO.o:|" > /work/md777659/spray_model_development/codes/mduc_code/dep/iFileIO.d
gcc -MM -MG io/vtkIO.c | sed -e "s|^\(.*\)\.o:|/work/md777659/spray_model_development/codes/mduc_code/dep/vtkIO.d /work/md777659/spray_model_development/codes/mduc_code/obj/vtkIO.o:|" > /work/md777659/spray_model_development/codes/mduc_code/dep/vtkIO.d
gcc -MM -MG io/ceaIO.c | sed -e "s|^\(.*\)\.o:|/work/md777659/spray_model_development/codes/mduc_code/dep/ceaIO.d /work/md777659/spray_model_development/codes/mduc_code/obj/ceaIO.o:|" > /work/md777659/spray_model_development/codes/mduc_code/dep/ceaIO.d
gcc -MM -MG io/flameMasterIO.c | sed -e "s|^\(.*\)\.o:|/work/md777659/spray_model_development/codes/mduc_code/dep/flameMasterIO.d /work/md777659/spray_model_development/codes/mduc_code/obj/flameMasterIO.o:|" > /work/md777659/spray_model_development/codes/mduc_code/dep/flameMasterIO.d
gcc -MM -MG io/chemKinIO.c | sed -e "s|^\(.*\)\.o:|/work/md777659/spray_model_development/codes/mduc_code/dep/chemKinIO.d /work/md777659/spray_model_development/codes/mduc_code/obj/chemKinIO.o:|" > /work/md777659/spray_model_development/codes/mduc_code/dep/chemKinIO.d
gcc -MM -MG solve/polyInt.c | sed -e "s|^\(.*\)\.o:|/work/md777659/spray_model_development/codes/mduc_code/dep/polyInt.d /work/md777659/spray_model_development/codes/mduc_code/obj/polyInt.o:|" > /work/md777659/spray_model_development/codes/mduc_code/dep/polyInt.d
gcc -MM -MG solve/hypergeometric.c | sed -e "s|^\(.*\)\.o:|/work/md777659/spray_model_development/codes/mduc_code/dep/hypergeometric.d /work/md777659/spray_model_development/codes/mduc_code/obj/hypergeometric.o:|" > /work/md777659/spray_model_development/codes/mduc_code/dep/hypergeometric.d
gcc -MM -MG solve/errFunc.c | sed -e "s|^\(.*\)\.o:|/work/md777659/spray_model_development/codes/mduc_code/dep/errFunc.d /work/md777659/spray_model_development/codes/mduc_code/obj/errFunc.o:|" > /work/md777659/spray_model_development/codes/mduc_code/dep/errFunc.d
gcc -MM -MG solve/series.c | sed -e "s|^\(.*\)\.o:|/work/md777659/spray_model_development/codes/mduc_code/dep/series.d /work/md777659/spray_model_development/codes/mduc_code/obj/series.o:|" > /work/md777659/spray_model_development/codes/mduc_code/dep/series.d
gcc -MM -MG solve/fortranMDUC.c | sed -e "s|^\(.*\)\.o:|/work/md777659/spray_model_development/codes/mduc_code/dep/fortranMDUC.d /work/md777659/spray_model_development/codes/mduc_code/obj/fortranMDUC.o:|" > /work/md777659/spray_model_development/codes/mduc_code/dep/fortranMDUC.d
gcc -MM -MG solve/accessMDUC.c | sed -e "s|^\(.*\)\.o:|/work/md777659/spray_model_development/codes/mduc_code/dep/accessMDUC.d /work/md777659/spray_model_development/codes/mduc_code/obj/accessMDUC.o:|" > /work/md777659/spray_model_development/codes/mduc_code/dep/accessMDUC.d
gcc -MM -MG solve/scalarDiss.c | sed -e "s|^\(.*\)\.o:|/work/md777659/spray_model_development/codes/mduc_code/dep/scalarDiss.d /work/md777659/spray_model_development/codes/mduc_code/obj/scalarDiss.o:|" > /work/md777659/spray_model_development/codes/mduc_code/dep/scalarDiss.d
gcc -MM -MG solve/solveUtils.c | sed -e "s|^\(.*\)\.o:|/work/md777659/spray_model_development/codes/mduc_code/dep/solveUtils.d /work/md777659/spray_model_development/codes/mduc_code/obj/solveUtils.o:|" > /work/md777659/spray_model_development/codes/mduc_code/dep/solveUtils.d
gcc -MM -MG solve/metric.c | sed -e "s|^\(.*\)\.o:|/work/md777659/spray_model_development/codes/mduc_code/dep/metric.d /work/md777659/spray_model_development/codes/mduc_code/obj/metric.o:|" > /work/md777659/spray_model_development/codes/mduc_code/dep/metric.d
gcc -MM -MG solve/solve2D.c | sed -e "s|^\(.*\)\.o:|/work/md777659/spray_model_development/codes/mduc_code/dep/solve2D.d /work/md777659/spray_model_development/codes/mduc_code/obj/solve2D.o:|" > /work/md777659/spray_model_development/codes/mduc_code/dep/solve2D.d
gcc -MM -MG solve/solve1D.c | sed -e "s|^\(.*\)\.o:|/work/md777659/spray_model_development/codes/mduc_code/dep/solve1D.d /work/md777659/spray_model_development/codes/mduc_code/obj/solve1D.o:|" > /work/md777659/spray_model_development/codes/mduc_code/dep/solve1D.d
gcc -MM -MG solve/rk4solver.c | sed -e "s|^\(.*\)\.o:|/work/md777659/spray_model_development/codes/mduc_code/dep/rk4solver.d /work/md777659/spray_model_development/codes/mduc_code/obj/rk4solver.o:|" > /work/md777659/spray_model_development/codes/mduc_code/dep/rk4solver.d
gcc -MM -MG solve/utils.c | sed -e "s|^\(.*\)\.o:|/work/md777659/spray_model_development/codes/mduc_code/dep/utils.d /work/md777659/spray_model_development/codes/mduc_code/obj/utils.o:|" > /work/md777659/spray_model_development/codes/mduc_code/dep/utils.d
gcc -MM -MG solve/display.c | sed -e "s|^\(.*\)\.o:|/work/md777659/spray_model_development/codes/mduc_code/dep/display.d /work/md777659/spray_model_development/codes/mduc_code/obj/display.o:|" > /work/md777659/spray_model_development/codes/mduc_code/dep/display.d
gcc -MM -MG io/parser.c | sed -e "s|^\(.*\)\.o:|/work/md777659/spray_model_development/codes/mduc_code/dep/parser.d /work/md777659/spray_model_development/codes/mduc_code/obj/parser.o:|" > /work/md777659/spray_model_development/codes/mduc_code/dep/parser.d
gcc -MM -MG solve/fileIO.c | sed -e "s|^\(.*\)\.o:|/work/md777659/spray_model_development/codes/mduc_code/dep/fileIO.d /work/md777659/spray_model_development/codes/mduc_code/obj/fileIO.o:|" > /work/md777659/spray_model_development/codes/mduc_code/dep/fileIO.d
gcc -MM -MG solve/destroy.c | sed -e "s|^\(.*\)\.o:|/work/md777659/spray_model_development/codes/mduc_code/dep/destroy.d /work/md777659/spray_model_development/codes/mduc_code/obj/destroy.o:|" > /work/md777659/spray_model_development/codes/mduc_code/dep/destroy.d
gcc -MM -MG solve/init.c | sed -e "s|^\(.*\)\.o:|/work/md777659/spray_model_development/codes/mduc_code/dep/init.d /work/md777659/spray_model_development/codes/mduc_code/obj/init.o:|" > /work/md777659/spray_model_development/codes/mduc_code/dep/init.d
gcc -MM -MG mechanism/NXC12H26_v3.c | sed -e "s|^\(.*\)\.o:|/work/md777659/spray_model_development/codes/mduc_code/dep/NXC12H26_v3.d /work/md777659/spray_model_development/codes/mduc_code/obj/NXC12H26_v3.o:|" > /work/md777659/spray_model_development/codes/mduc_code/dep/NXC12H26_v3.d
compiling mechanism from directory mechanism/
mpiicc -fp-model precise -DSUNDIALS_FROM_3_2 -DFM_VS_MDUC -DFMSTICK -DCOUNTERFLOW -DPREITER -DACCESS_MPI -I/work/md777659/spray_model_development/codes/mduc_code/src/../../sundials/sundials-3.2.1/install/include -O0 -g -traceback -c main/mducMain.c -o /work/md777659/spray_model_development/codes/mduc_code/obj/mducMain.o
mpiicc -fp-model precise -DSUNDIALS_FROM_3_2 -DFM_VS_MDUC -DFMSTICK -DCOUNTERFLOW -DPREITER -DACCESS_MPI -I/work/md777659/spray_model_development/codes/mduc_code/src/../../sundials/sundials-3.2.1/install/include -O0 -g -traceback -c main/mducTools.c -o /work/md777659/spray_model_development/codes/mduc_code/obj/mducTools.o
mpiicc -fp-model precise -DSUNDIALS_FROM_3_2 -DFM_VS_MDUC -DFMSTICK -DCOUNTERFLOW -DPREITER -DACCESS_MPI -I/work/md777659/spray_model_development/codes/mduc_code/src/../../sundials/sundials-3.2.1/install/include -O0 -g -traceback -c main/postProcess.c -o /work/md777659/spray_model_development/codes/mduc_code/obj/postProcess.o
mpiicc -fp-model precise -DSUNDIALS_FROM_3_2 -DFM_VS_MDUC -DFMSTICK -DCOUNTERFLOW -DPREITER -DACCESS_MPI -I/work/md777659/spray_model_development/codes/mduc_code/src/../../sundials/sundials-3.2.1/install/include -O0 -g -traceback -c mechanism/NXC12H26_v3.c -o /work/md777659/spray_model_development/codes/mduc_code/obj/NXC12H26_v3.o
mpiicc -fp-model precise -DSUNDIALS_FROM_3_2 -DFM_VS_MDUC -DFMSTICK -DCOUNTERFLOW -DPREITER -DACCESS_MPI -I/work/md777659/spray_model_development/codes/mduc_code/src/../../sundials/sundials-3.2.1/install/include -O0 -g -traceback -c solve/init.c -o /work/md777659/spray_model_development/codes/mduc_code/obj/init.o
mpiicc -fp-model precise -DSUNDIALS_FROM_3_2 -DFM_VS_MDUC -DFMSTICK -DCOUNTERFLOW -DPREITER -DACCESS_MPI -I/work/md777659/spray_model_development/codes/mduc_code/src/../../sundials/sundials-3.2.1/install/include -O0 -g -traceback -c solve/destroy.c -o /work/md777659/spray_model_development/codes/mduc_code/obj/destroy.o
mpiicc -fp-model precise -DSUNDIALS_FROM_3_2 -DFM_VS_MDUC -DFMSTICK -DCOUNTERFLOW -DPREITER -DACCESS_MPI -I/work/md777659/spray_model_development/codes/mduc_code/src/../../sundials/sundials-3.2.1/install/include -O0 -g -traceback -c solve/fileIO.c -o /work/md777659/spray_model_development/codes/mduc_code/obj/fileIO.o
mpiicc -fp-model precise -DSUNDIALS_FROM_3_2 -DFM_VS_MDUC -DFMSTICK -DCOUNTERFLOW -DPREITER -DACCESS_MPI -I/work/md777659/spray_model_development/codes/mduc_code/src/../../sundials/sundials-3.2.1/install/include -O0 -g -traceback -c io/parser.c -o /work/md777659/spray_model_development/codes/mduc_code/obj/parser.o
mpiicc -fp-model precise -DSUNDIALS_FROM_3_2 -DFM_VS_MDUC -DFMSTICK -DCOUNTERFLOW -DPREITER -DACCESS_MPI -I/work/md777659/spray_model_development/codes/mduc_code/src/../../sundials/sundials-3.2.1/install/include -O0 -g -traceback -c solve/display.c -o /work/md777659/spray_model_development/codes/mduc_code/obj/display.o
mpiicc -fp-model precise -DSUNDIALS_FROM_3_2 -DFM_VS_MDUC -DFMSTICK -DCOUNTERFLOW -DPREITER -DACCESS_MPI -I/work/md777659/spray_model_development/codes/mduc_code/src/../../sundials/sundials-3.2.1/install/include -O0 -g -traceback -c solve/utils.c -o /work/md777659/spray_model_development/codes/mduc_code/obj/utils.o
mpiicc -fp-model precise -DSUNDIALS_FROM_3_2 -DFM_VS_MDUC -DFMSTICK -DCOUNTERFLOW -DPREITER -DACCESS_MPI -I/work/md777659/spray_model_development/codes/mduc_code/src/../../sundials/sundials-3.2.1/install/include -O0 -g -traceback -c solve/rk4solver.c -o /work/md777659/spray_model_development/codes/mduc_code/obj/rk4solver.o
mpiicc -fp-model precise -DSUNDIALS_FROM_3_2 -DFM_VS_MDUC -DFMSTICK -DCOUNTERFLOW -DPREITER -DACCESS_MPI -I/work/md777659/spray_model_development/codes/mduc_code/src/../../sundials/sundials-3.2.1/install/include -O0 -g -traceback -c solve/solve1D.c -o /work/md777659/spray_model_development/codes/mduc_code/obj/solve1D.o
mpiicc -fp-model precise -DSUNDIALS_FROM_3_2 -DFM_VS_MDUC -DFMSTICK -DCOUNTERFLOW -DPREITER -DACCESS_MPI -I/work/md777659/spray_model_development/codes/mduc_code/src/../../sundials/sundials-3.2.1/install/include -O0 -g -traceback -c solve/solve2D.c -o /work/md777659/spray_model_development/codes/mduc_code/obj/solve2D.o
mpiicc -fp-model precise -DSUNDIALS_FROM_3_2 -DFM_VS_MDUC -DFMSTICK -DCOUNTERFLOW -DPREITER -DACCESS_MPI -I/work/md777659/spray_model_development/codes/mduc_code/src/../../sundials/sundials-3.2.1/install/include -O0 -g -traceback -c solve/metric.c -o /work/md777659/spray_model_development/codes/mduc_code/obj/metric.o
mpiicc -fp-model precise -DSUNDIALS_FROM_3_2 -DFM_VS_MDUC -DFMSTICK -DCOUNTERFLOW -DPREITER -DACCESS_MPI -I/work/md777659/spray_model_development/codes/mduc_code/src/../../sundials/sundials-3.2.1/install/include -O0 -g -traceback -c solve/solveUtils.c -o /work/md777659/spray_model_development/codes/mduc_code/obj/solveUtils.o
mpiicc -fp-model precise -DSUNDIALS_FROM_3_2 -DFM_VS_MDUC -DFMSTICK -DCOUNTERFLOW -DPREITER -DACCESS_MPI -I/work/md777659/spray_model_development/codes/mduc_code/src/../../sundials/sundials-3.2.1/install/include -O0 -g -traceback -c solve/scalarDiss.c -o /work/md777659/spray_model_development/codes/mduc_code/obj/scalarDiss.o
mpiicc -fp-model precise -DSUNDIALS_FROM_3_2 -DFM_VS_MDUC -DFMSTICK -DCOUNTERFLOW -DPREITER -DACCESS_MPI -I/work/md777659/spray_model_development/codes/mduc_code/src/../../sundials/sundials-3.2.1/install/include -O0 -g -traceback -c solve/accessMDUC.c -o /work/md777659/spray_model_development/codes/mduc_code/obj/accessMDUC.o
mpiicc -fp-model precise -DSUNDIALS_FROM_3_2 -DFM_VS_MDUC -DFMSTICK -DCOUNTERFLOW -DPREITER -DACCESS_MPI -I/work/md777659/spray_model_development/codes/mduc_code/src/../../sundials/sundials-3.2.1/install/include -O0 -g -traceback -c solve/fortranMDUC.c -o /work/md777659/spray_model_development/codes/mduc_code/obj/fortranMDUC.o
mpiicc -fp-model precise -DSUNDIALS_FROM_3_2 -DFM_VS_MDUC -DFMSTICK -DCOUNTERFLOW -DPREITER -DACCESS_MPI -I/work/md777659/spray_model_development/codes/mduc_code/src/../../sundials/sundials-3.2.1/install/include -O0 -g -traceback -c solve/series.c -o /work/md777659/spray_model_development/codes/mduc_code/obj/series.o
mpiicc -fp-model precise -DSUNDIALS_FROM_3_2 -DFM_VS_MDUC -DFMSTICK -DCOUNTERFLOW -DPREITER -DACCESS_MPI -I/work/md777659/spray_model_development/codes/mduc_code/src/../../sundials/sundials-3.2.1/install/include -O0 -g -traceback -c solve/errFunc.c -o /work/md777659/spray_model_development/codes/mduc_code/obj/errFunc.o
mpiicc -fp-model precise -DSUNDIALS_FROM_3_2 -DFM_VS_MDUC -DFMSTICK -DCOUNTERFLOW -DPREITER -DACCESS_MPI -I/work/md777659/spray_model_development/codes/mduc_code/src/../../sundials/sundials-3.2.1/install/include -O0 -g -traceback -c solve/hypergeometric.c -o /work/md777659/spray_model_development/codes/mduc_code/obj/hypergeometric.o
mpiicc -fp-model precise -DSUNDIALS_FROM_3_2 -DFM_VS_MDUC -DFMSTICK -DCOUNTERFLOW -DPREITER -DACCESS_MPI -I/work/md777659/spray_model_development/codes/mduc_code/src/../../sundials/sundials-3.2.1/install/include -O0 -g -traceback -c solve/polyInt.c -o /work/md777659/spray_model_development/codes/mduc_code/obj/polyInt.o
mpiicc -fp-model precise -DSUNDIALS_FROM_3_2 -DFM_VS_MDUC -DFMSTICK -DCOUNTERFLOW -DPREITER -DACCESS_MPI -I/work/md777659/spray_model_development/codes/mduc_code/src/../../sundials/sundials-3.2.1/install/include -O0 -g -traceback -c io/chemKinIO.c -o /work/md777659/spray_model_development/codes/mduc_code/obj/chemKinIO.o
mpiicc -fp-model precise -DSUNDIALS_FROM_3_2 -DFM_VS_MDUC -DFMSTICK -DCOUNTERFLOW -DPREITER -DACCESS_MPI -I/work/md777659/spray_model_development/codes/mduc_code/src/../../sundials/sundials-3.2.1/install/include -O0 -g -traceback -c io/flameMasterIO.c -o /work/md777659/spray_model_development/codes/mduc_code/obj/flameMasterIO.o
mpiicc -fp-model precise -DSUNDIALS_FROM_3_2 -DFM_VS_MDUC -DFMSTICK -DCOUNTERFLOW -DPREITER -DACCESS_MPI -I/work/md777659/spray_model_development/codes/mduc_code/src/../../sundials/sundials-3.2.1/install/include -O0 -g -traceback -c io/ceaIO.c -o /work/md777659/spray_model_development/codes/mduc_code/obj/ceaIO.o
mpiicc -fp-model precise -DSUNDIALS_FROM_3_2 -DFM_VS_MDUC -DFMSTICK -DCOUNTERFLOW -DPREITER -DACCESS_MPI -I/work/md777659/spray_model_development/codes/mduc_code/src/../../sundials/sundials-3.2.1/install/include -O0 -g -traceback -c io/vtkIO.c -o /work/md777659/spray_model_development/codes/mduc_code/obj/vtkIO.o
mpiicc -fp-model precise -DSUNDIALS_FROM_3_2 -DFM_VS_MDUC -DFMSTICK -DCOUNTERFLOW -DPREITER -DACCESS_MPI -I/work/md777659/spray_model_development/codes/mduc_code/src/../../sundials/sundials-3.2.1/install/include -O0 -g -traceback -c io/iFileIO.c -o /work/md777659/spray_model_development/codes/mduc_code/obj/iFileIO.o
mpiicc -fp-model precise -DSUNDIALS_FROM_3_2 -DFM_VS_MDUC -DFMSTICK -DCOUNTERFLOW -DPREITER -DACCESS_MPI -I/work/md777659/spray_model_development/codes/mduc_code/src/../../sundials/sundials-3.2.1/install/include -O0 -g -traceback -c chem/chemInit.c -o /work/md777659/spray_model_development/codes/mduc_code/obj/chemInit.o
mpiicc -fp-model precise -DSUNDIALS_FROM_3_2 -DFM_VS_MDUC -DFMSTICK -DCOUNTERFLOW -DPREITER -DACCESS_MPI -I/work/md777659/spray_model_development/codes/mduc_code/src/../../sundials/sundials-3.2.1/install/include -O0 -g -traceback -c chem/chemMech.c -o /work/md777659/spray_model_development/codes/mduc_code/obj/chemMech.o
mpiicc -fp-model precise -DSUNDIALS_FROM_3_2 -DFM_VS_MDUC -DFMSTICK -DCOUNTERFLOW -DPREITER -DACCESS_MPI -I/work/md777659/spray_model_development/codes/mduc_code/src/../../sundials/sundials-3.2.1/install/include -O0 -g -traceback -c chem/transport.c -o /work/md777659/spray_model_development/codes/mduc_code/obj/transport.o
mpiicc -fp-model precise -DSUNDIALS_FROM_3_2 -DFM_VS_MDUC -DFMSTICK -DCOUNTERFLOW -DPREITER -DACCESS_MPI -I/work/md777659/spray_model_development/codes/mduc_code/src/../../sundials/sundials-3.2.1/install/include -O0 -g -traceback -c chem/chemTable.c -o /work/md777659/spray_model_development/codes/mduc_code/obj/chemTable.o
mpiicc -fp-model precise -DSUNDIALS_FROM_3_2 -DFM_VS_MDUC -DFMSTICK -DCOUNTERFLOW -DPREITER -DACCESS_MPI -I/work/md777659/spray_model_development/codes/mduc_code/src/../../sundials/sundials-3.2.1/install/include -O0 -g -traceback -c chem/chemUtils.c -o /work/md777659/spray_model_development/codes/mduc_code/obj/chemUtils.o
mpiicc -fp-model precise -DSUNDIALS_FROM_3_2 -DFM_VS_MDUC -DFMSTICK -DCOUNTERFLOW -DPREITER -DACCESS_MPI -I/work/md777659/spray_model_development/codes/mduc_code/src/../../sundials/sundials-3.2.1/install/include -O0 -g -traceback -c chem/soot.c -o /work/md777659/spray_model_development/codes/mduc_code/obj/soot.o
mpiicc -fp-model precise -DSUNDIALS_FROM_3_2 -DFM_VS_MDUC -DFMSTICK -DCOUNTERFLOW -DPREITER -DACCESS_MPI -I/work/md777659/spray_model_development/codes/mduc_code/src/../../sundials/sundials-3.2.1/install/include -O0 -g -traceback -c chem/sootHMOM.c -o /work/md777659/spray_model_development/codes/mduc_code/obj/sootHMOM.o
mpiicc -fp-model precise -DSUNDIALS_FROM_3_2 -DFM_VS_MDUC -DFMSTICK -DCOUNTERFLOW -DPREITER -DACCESS_MPI -I/work/md777659/spray_model_development/codes/mduc_code/src/../../sundials/sundials-3.2.1/install/include -O0 -g -traceback -c chem/sootHMOM_f.c -o /work/md777659/spray_model_development/codes/mduc_code/obj/sootHMOM_f.o
mpiicc -fp-model precise -DSUNDIALS_FROM_3_2 -DFM_VS_MDUC -DFMSTICK -DCOUNTERFLOW -DPREITER -DACCESS_MPI -I/work/md777659/spray_model_development/codes/mduc_code/src/../../sundials/sundials-3.2.1/install/include -O0 -g -traceback -c chem/wiebe.c -o /work/md777659/spray_model_development/codes/mduc_code/obj/wiebe.o
mpiicc -fp-model precise -DSUNDIALS_FROM_3_2 -DFM_VS_MDUC -DFMSTICK -DCOUNTERFLOW -DPREITER -DACCESS_MPI -I/work/md777659/spray_model_development/codes/mduc_code/src/../../sundials/sundials-3.2.1/install/include -O0 -g -traceback -c stats/statsUtils.c -o /work/md777659/spray_model_development/codes/mduc_code/obj/statsUtils.o
mpiicc -fp-model precise -DSUNDIALS_FROM_3_2 -DFM_VS_MDUC -DFMSTICK -DCOUNTERFLOW -DPREITER -DACCESS_MPI -I/work/md777659/spray_model_development/codes/mduc_code/src/../../sundials/sundials-3.2.1/install/include -O0 -g -traceback -c stats/betaPDF.c -o /work/md777659/spray_model_development/codes/mduc_code/obj/betaPDF.o
mpiicc -fp-model precise -DSUNDIALS_FROM_3_2 -DFM_VS_MDUC -DFMSTICK -DCOUNTERFLOW -DPREITER -DACCESS_MPI -I/work/md777659/spray_model_development/codes/mduc_code/src/../../sundials/sundials-3.2.1/install/include -O0 -g -traceback -c stats/smlPDF.c -o /work/md777659/spray_model_development/codes/mduc_code/obj/smlPDF.o
mpiicc -fp-model precise -DSUNDIALS_FROM_3_2 -DFM_VS_MDUC -DFMSTICK -DCOUNTERFLOW -DPREITER -DACCESS_MPI -I/work/md777659/spray_model_development/codes/mduc_code/src/../../sundials/sundials-3.2.1/install/include -O0 -g -traceback -c stats/gaussPDF.c -o /work/md777659/spray_model_development/codes/mduc_code/obj/gaussPDF.o
mpiicc -fp-model precise -DSUNDIALS_FROM_3_2 -DFM_VS_MDUC -DFMSTICK -DCOUNTERFLOW -DPREITER -DACCESS_MPI -I/work/md777659/spray_model_development/codes/mduc_code/src/../../sundials/sundials-3.2.1/install/include -O0 -g -traceback -c flamelet/flameletInit.c -o /work/md777659/spray_model_development/codes/mduc_code/obj/flameletInit.o
mpiicc -fp-model precise -DSUNDIALS_FROM_3_2 -DFM_VS_MDUC -DFMSTICK -DCOUNTERFLOW -DPREITER -DACCESS_MPI -I/work/md777659/spray_model_development/codes/mduc_code/src/../../sundials/sundials-3.2.1/install/include -O0 -g -traceback -c flamelet/flameletUtils.c -o /work/md777659/spray_model_development/codes/mduc_code/obj/flameletUtils.o
mpiicc -fp-model precise -DSUNDIALS_FROM_3_2 -DFM_VS_MDUC -DFMSTICK -DCOUNTERFLOW -DPREITER -DACCESS_MPI -I/work/md777659/spray_model_development/codes/mduc_code/src/../../sundials/sundials-3.2.1/install/include -O0 -g -traceback -c flamelet/flamelet1D.c -o /work/md777659/spray_model_development/codes/mduc_code/obj/flamelet1D.o
mpiicc -fp-model precise -DSUNDIALS_FROM_3_2 -DFM_VS_MDUC -DFMSTICK -DCOUNTERFLOW -DPREITER -DACCESS_MPI -I/work/md777659/spray_model_development/codes/mduc_code/src/../../sundials/sundials-3.2.1/install/include -O0 -g -traceback -c flamelet/flamelet2D.c -o /work/md777659/spray_model_development/codes/mduc_code/obj/flamelet2D.o
mpiicc -fp-model precise -DSUNDIALS_FROM_3_2 -DFM_VS_MDUC -DFMSTICK -DCOUNTERFLOW -DPREITER -DACCESS_MPI -I/work/md777659/spray_model_development/codes/mduc_code/src/../../sundials/sundials-3.2.1/install/include -O0 -g -traceback -c flamelet/steadyFlamelet.c -o /work/md777659/spray_model_development/codes/mduc_code/obj/steadyFlamelet.o
mpiicc -fp-model precise -DSUNDIALS_FROM_3_2 -DFM_VS_MDUC -DFMSTICK -DCOUNTERFLOW -DPREITER -DACCESS_MPI -I/work/md777659/spray_model_development/codes/mduc_code/src/../../sundials/sundials-3.2.1/install/include -O0 -g -traceback -c eos/eosFluid.c -o /work/md777659/spray_model_development/codes/mduc_code/obj/eosFluid.o
mpiicc -fp-model precise -DSUNDIALS_FROM_3_2 -DFM_VS_MDUC -DFMSTICK -DCOUNTERFLOW -DPREITER -DACCESS_MPI -I/work/md777659/spray_model_development/codes/mduc_code/src/../../sundials/sundials-3.2.1/install/include -O0 -g -traceback -c eos/pengRobinson.c -o /work/md777659/spray_model_development/codes/mduc_code/obj/pengRobinson.o
mpiicc -fp-model precise -DSUNDIALS_FROM_3_2 -DFM_VS_MDUC -DFMSTICK -DCOUNTERFLOW -DPREITER -DACCESS_MPI -I/work/md777659/spray_model_development/codes/mduc_code/src/../../sundials/sundials-3.2.1/install/include -O0 -g -traceback -c eos/helmholtzEOS.c -o /work/md777659/spray_model_development/codes/mduc_code/obj/helmholtzEOS.o
mpiicc -fp-model precise -DSUNDIALS_FROM_3_2 -DFM_VS_MDUC -DFMSTICK -DCOUNTERFLOW -DPREITER -DACCESS_MPI -I/work/md777659/spray_model_development/codes/mduc_code/src/../../sundials/sundials-3.2.1/install/include -O0 -g -traceback -c engine/engine.c -o /work/md777659/spray_model_development/codes/mduc_code/obj/engine.o
mpiicc -fp-model precise -DSUNDIALS_FROM_3_2 -DFM_VS_MDUC -DFMSTICK -DCOUNTERFLOW -DPREITER -DACCESS_MPI -I/work/md777659/spray_model_development/codes/mduc_code/src/../../sundials/sundials-3.2.1/install/include -O0 -g -traceback -c engine/engineUtils.c -o /work/md777659/spray_model_development/codes/mduc_code/obj/engineUtils.o
xiar rcv /work/md777659/spray_model_development/codes/mduc_code/lib/libmduc.a /work/md777659/spray_model_development/codes/mduc_code/obj/NXC12H26_v3.o /work/md777659/spray_model_development/codes/mduc_code/obj/init.o /work/md777659/spray_model_development/codes/mduc_code/obj/destroy.o /work/md777659/spray_model_development/codes/mduc_code/obj/fileIO.o /work/md777659/spray_model_development/codes/mduc_code/obj/parser.o /work/md777659/spray_model_development/codes/mduc_code/obj/display.o /work/md777659/spray_model_development/codes/mduc_code/obj/utils.o /work/md777659/spray_model_development/codes/mduc_code/obj/rk4solver.o /work/md777659/spray_model_development/codes/mduc_code/obj/solve1D.o /work/md777659/spray_model_development/codes/mduc_code/obj/solve2D.o /work/md777659/spray_model_development/codes/mduc_code/obj/metric.o /work/md777659/spray_model_development/codes/mduc_code/obj/solveUtils.o /work/md777659/spray_model_development/codes/mduc_code/obj/scalarDiss.o /work/md777659/spray_model_development/codes/mduc_code/obj/accessMDUC.o /work/md777659/spray_model_development/codes/mduc_code/obj/fortranMDUC.o /work/md777659/spray_model_development/codes/mduc_code/obj/series.o /work/md777659/spray_model_development/codes/mduc_code/obj/errFunc.o /work/md777659/spray_model_development/codes/mduc_code/obj/hypergeometric.o /work/md777659/spray_model_development/codes/mduc_code/obj/polyInt.o /work/md777659/spray_model_development/codes/mduc_code/obj/chemKinIO.o /work/md777659/spray_model_development/codes/mduc_code/obj/flameMasterIO.o /work/md777659/spray_model_development/codes/mduc_code/obj/ceaIO.o /work/md777659/spray_model_development/codes/mduc_code/obj/vtkIO.o /work/md777659/spray_model_development/codes/mduc_code/obj/iFileIO.o /work/md777659/spray_model_development/codes/mduc_code/obj/chemInit.o /work/md777659/spray_model_development/codes/mduc_code/obj/chemMech.o /work/md777659/spray_model_development/codes/mduc_code/obj/transport.o /work/md777659/spray_model_development/codes/mduc_code/obj/chemTable.o /work/md777659/spray_model_development/codes/mduc_code/obj/chemUtils.o /work/md777659/spray_model_development/codes/mduc_code/obj/soot.o /work/md777659/spray_model_development/codes/mduc_code/obj/sootHMOM.o /work/md777659/spray_model_development/codes/mduc_code/obj/sootHMOM_f.o /work/md777659/spray_model_development/codes/mduc_code/obj/wiebe.o /work/md777659/spray_model_development/codes/mduc_code/obj/statsUtils.o /work/md777659/spray_model_development/codes/mduc_code/obj/betaPDF.o /work/md777659/spray_model_development/codes/mduc_code/obj/smlPDF.o /work/md777659/spray_model_development/codes/mduc_code/obj/gaussPDF.o /work/md777659/spray_model_development/codes/mduc_code/obj/flameletInit.o /work/md777659/spray_model_development/codes/mduc_code/obj/flameletUtils.o /work/md777659/spray_model_development/codes/mduc_code/obj/flamelet1D.o /work/md777659/spray_model_development/codes/mduc_code/obj/flamelet2D.o /work/md777659/spray_model_development/codes/mduc_code/obj/steadyFlamelet.o /work/md777659/spray_model_development/codes/mduc_code/obj/eosFluid.o /work/md777659/spray_model_development/codes/mduc_code/obj/pengRobinson.o /work/md777659/spray_model_development/codes/mduc_code/obj/helmholtzEOS.o /work/md777659/spray_model_development/codes/mduc_code/obj/engine.o /work/md777659/spray_model_development/codes/mduc_code/obj/engineUtils.o;
xiar: executing 'ar'
a - /work/md777659/spray_model_development/codes/mduc_code/obj/NXC12H26_v3.o
a - /work/md777659/spray_model_development/codes/mduc_code/obj/init.o
a - /work/md777659/spray_model_development/codes/mduc_code/obj/destroy.o
a - /work/md777659/spray_model_development/codes/mduc_code/obj/fileIO.o
a - /work/md777659/spray_model_development/codes/mduc_code/obj/parser.o
a - /work/md777659/spray_model_development/codes/mduc_code/obj/display.o
a - /work/md777659/spray_model_development/codes/mduc_code/obj/utils.o
a - /work/md777659/spray_model_development/codes/mduc_code/obj/rk4solver.o
a - /work/md777659/spray_model_development/codes/mduc_code/obj/solve1D.o
a - /work/md777659/spray_model_development/codes/mduc_code/obj/solve2D.o
a - /work/md777659/spray_model_development/codes/mduc_code/obj/metric.o
a - /work/md777659/spray_model_development/codes/mduc_code/obj/solveUtils.o
a - /work/md777659/spray_model_development/codes/mduc_code/obj/scalarDiss.o
a - /work/md777659/spray_model_development/codes/mduc_code/obj/accessMDUC.o
a - /work/md777659/spray_model_development/codes/mduc_code/obj/fortranMDUC.o
a - /work/md777659/spray_model_development/codes/mduc_code/obj/series.o
a - /work/md777659/spray_model_development/codes/mduc_code/obj/errFunc.o
a - /work/md777659/spray_model_development/codes/mduc_code/obj/hypergeometric.o
a - /work/md777659/spray_model_development/codes/mduc_code/obj/polyInt.o
a - /work/md777659/spray_model_development/codes/mduc_code/obj/chemKinIO.o
a - /work/md777659/spray_model_development/codes/mduc_code/obj/flameMasterIO.o
a - /work/md777659/spray_model_development/codes/mduc_code/obj/ceaIO.o
a - /work/md777659/spray_model_development/codes/mduc_code/obj/vtkIO.o
a - /work/md777659/spray_model_development/codes/mduc_code/obj/iFileIO.o
a - /work/md777659/spray_model_development/codes/mduc_code/obj/chemInit.o
a - /work/md777659/spray_model_development/codes/mduc_code/obj/chemMech.o
a - /work/md777659/spray_model_development/codes/mduc_code/obj/transport.o
a - /work/md777659/spray_model_development/codes/mduc_code/obj/chemTable.o
a - /work/md777659/spray_model_development/codes/mduc_code/obj/chemUtils.o
a - /work/md777659/spray_model_development/codes/mduc_code/obj/soot.o
a - /work/md777659/spray_model_development/codes/mduc_code/obj/sootHMOM.o
a - /work/md777659/spray_model_development/codes/mduc_code/obj/sootHMOM_f.o
a - /work/md777659/spray_model_development/codes/mduc_code/obj/wiebe.o
a - /work/md777659/spray_model_development/codes/mduc_code/obj/statsUtils.o
a - /work/md777659/spray_model_development/codes/mduc_code/obj/betaPDF.o
a - /work/md777659/spray_model_development/codes/mduc_code/obj/smlPDF.o
a - /work/md777659/spray_model_development/codes/mduc_code/obj/gaussPDF.o
a - /work/md777659/spray_model_development/codes/mduc_code/obj/flameletInit.o
a - /work/md777659/spray_model_development/codes/mduc_code/obj/flameletUtils.o
a - /work/md777659/spray_model_development/codes/mduc_code/obj/flamelet1D.o
a - /work/md777659/spray_model_development/codes/mduc_code/obj/flamelet2D.o
a - /work/md777659/spray_model_development/codes/mduc_code/obj/steadyFlamelet.o
a - /work/md777659/spray_model_development/codes/mduc_code/obj/eosFluid.o
a - /work/md777659/spray_model_development/codes/mduc_code/obj/pengRobinson.o
a - /work/md777659/spray_model_development/codes/mduc_code/obj/helmholtzEOS.o
a - /work/md777659/spray_model_development/codes/mduc_code/obj/engine.o
a - /work/md777659/spray_model_development/codes/mduc_code/obj/engineUtils.o
echo /work/md777659/spray_model_development/codes/mduc_code/lib/libmduc.a
/work/md777659/spray_model_development/codes/mduc_code/lib/libmduc.a
xiar rcv /work/md777659/spray_model_development/codes/mduc_code/lib/libmduc_mechanism.a /work/md777659/spray_model_development/codes/mduc_code/obj/NXC12H26_v3.o;
xiar: executing 'ar'
a - /work/md777659/spray_model_development/codes/mduc_code/obj/NXC12H26_v3.o
echo /work/md777659/spray_model_development/codes/mduc_code/lib/libmduc_mechanism.a
/work/md777659/spray_model_development/codes/mduc_code/lib/libmduc_mechanism.a
xiar rcv /work/md777659/spray_model_development/codes/mduc_code/lib/libmduc_io.a /work/md777659/spray_model_development/codes/mduc_code/obj/chemKinIO.o /work/md777659/spray_model_development/codes/mduc_code/obj/flameMasterIO.o /work/md777659/spray_model_development/codes/mduc_code/obj/ceaIO.o /work/md777659/spray_model_development/codes/mduc_code/obj/vtkIO.o /work/md777659/spray_model_development/codes/mduc_code/obj/iFileIO.o;
xiar: executing 'ar'
a - /work/md777659/spray_model_development/codes/mduc_code/obj/chemKinIO.o
a - /work/md777659/spray_model_development/codes/mduc_code/obj/flameMasterIO.o
a - /work/md777659/spray_model_development/codes/mduc_code/obj/ceaIO.o
a - /work/md777659/spray_model_development/codes/mduc_code/obj/vtkIO.o
a - /work/md777659/spray_model_development/codes/mduc_code/obj/iFileIO.o
echo /work/md777659/spray_model_development/codes/mduc_code/lib/libmduc_io.a
/work/md777659/spray_model_development/codes/mduc_code/lib/libmduc_io.a
xiar rcv /work/md777659/spray_model_development/codes/mduc_code/lib/libmduc_chem.a /work/md777659/spray_model_development/codes/mduc_code/obj/chemInit.o /work/md777659/spray_model_development/codes/mduc_code/obj/chemMech.o /work/md777659/spray_model_development/codes/mduc_code/obj/transport.o /work/md777659/spray_model_development/codes/mduc_code/obj/chemTable.o /work/md777659/spray_model_development/codes/mduc_code/obj/chemUtils.o /work/md777659/spray_model_development/codes/mduc_code/obj/soot.o /work/md777659/spray_model_development/codes/mduc_code/obj/sootHMOM.o /work/md777659/spray_model_development/codes/mduc_code/obj/sootHMOM_f.o /work/md777659/spray_model_development/codes/mduc_code/obj/wiebe.o;
xiar: executing 'ar'
a - /work/md777659/spray_model_development/codes/mduc_code/obj/chemInit.o
a - /work/md777659/spray_model_development/codes/mduc_code/obj/chemMech.o
a - /work/md777659/spray_model_development/codes/mduc_code/obj/transport.o
a - /work/md777659/spray_model_development/codes/mduc_code/obj/chemTable.o
a - /work/md777659/spray_model_development/codes/mduc_code/obj/chemUtils.o
a - /work/md777659/spray_model_development/codes/mduc_code/obj/soot.o
a - /work/md777659/spray_model_development/codes/mduc_code/obj/sootHMOM.o
a - /work/md777659/spray_model_development/codes/mduc_code/obj/sootHMOM_f.o
a - /work/md777659/spray_model_development/codes/mduc_code/obj/wiebe.o
echo /work/md777659/spray_model_development/codes/mduc_code/lib/libmduc_chem.a
/work/md777659/spray_model_development/codes/mduc_code/lib/libmduc_chem.a
xiar rcv /work/md777659/spray_model_development/codes/mduc_code/lib/libmduc_stats.a /work/md777659/spray_model_development/codes/mduc_code/obj/statsUtils.o /work/md777659/spray_model_development/codes/mduc_code/obj/betaPDF.o /work/md777659/spray_model_development/codes/mduc_code/obj/smlPDF.o /work/md777659/spray_model_development/codes/mduc_code/obj/gaussPDF.o;
xiar: executing 'ar'
a - /work/md777659/spray_model_development/codes/mduc_code/obj/statsUtils.o
a - /work/md777659/spray_model_development/codes/mduc_code/obj/betaPDF.o
a - /work/md777659/spray_model_development/codes/mduc_code/obj/smlPDF.o
a - /work/md777659/spray_model_development/codes/mduc_code/obj/gaussPDF.o
echo /work/md777659/spray_model_development/codes/mduc_code/lib/libmduc_stats.a
/work/md777659/spray_model_development/codes/mduc_code/lib/libmduc_stats.a
xiar rcv /work/md777659/spray_model_development/codes/mduc_code/lib/libmduc_flamelet.a /work/md777659/spray_model_development/codes/mduc_code/obj/flameletInit.o /work/md777659/spray_model_development/codes/mduc_code/obj/flameletUtils.o /work/md777659/spray_model_development/codes/mduc_code/obj/flamelet1D.o /work/md777659/spray_model_development/codes/mduc_code/obj/flamelet2D.o /work/md777659/spray_model_development/codes/mduc_code/obj/steadyFlamelet.o;
xiar: executing 'ar'
a - /work/md777659/spray_model_development/codes/mduc_code/obj/flameletInit.o
a - /work/md777659/spray_model_development/codes/mduc_code/obj/flameletUtils.o
a - /work/md777659/spray_model_development/codes/mduc_code/obj/flamelet1D.o
a - /work/md777659/spray_model_development/codes/mduc_code/obj/flamelet2D.o
a - /work/md777659/spray_model_development/codes/mduc_code/obj/steadyFlamelet.o
echo /work/md777659/spray_model_development/codes/mduc_code/lib/libmduc_flamelet.a
/work/md777659/spray_model_development/codes/mduc_code/lib/libmduc_flamelet.a
xiar rcv /work/md777659/spray_model_development/codes/mduc_code/lib/libmduc_eos.a /work/md777659/spray_model_development/codes/mduc_code/obj/eosFluid.o /work/md777659/spray_model_development/codes/mduc_code/obj/pengRobinson.o /work/md777659/spray_model_development/codes/mduc_code/obj/helmholtzEOS.o;
xiar: executing 'ar'
a - /work/md777659/spray_model_development/codes/mduc_code/obj/eosFluid.o
a - /work/md777659/spray_model_development/codes/mduc_code/obj/pengRobinson.o
a - /work/md777659/spray_model_development/codes/mduc_code/obj/helmholtzEOS.o
echo /work/md777659/spray_model_development/codes/mduc_code/lib/libmduc_eos.a
/work/md777659/spray_model_development/codes/mduc_code/lib/libmduc_eos.a
mpiicc /work/md777659/spray_model_development/codes/mduc_code/obj/mducMain.o /work/md777659/spray_model_development/codes/mduc_code/obj/mducTools.o /work/md777659/spray_model_development/codes/mduc_code/obj/postProcess.o -o /work/md777659/spray_model_development/codes/mduc_code/bin/mduc \
-L/work/md777659/spray_model_development/codes/mduc_code/lib -lmduc -limf -lm -L/work/md777659/spray_model_development/codes/mduc_code/src/../../sundials/sundials-3.2.1/install/lib -lsundials_cvodes -lsundials_ida -lsundials_kinsol -lsundials_nvecserial -lsundials_nvecparallel -Wl,-rpath,/work/md777659/spray_model_development/codes/mduc_code/src/../../sundials/sundials-3.2.1/install/lib
=== making in debug mode
